[
	{"name_s": "/etc/corosync", "size_i": "4096", "regex": "false"},
	{"name_s": "/etc/corosync/corosync.conf.example", "size_i": "445", "regex": "false"},
	{"name_s": "/etc/corosync/corosync.conf.example.udpu", "size_i": "1084", "regex": "false"},
	{"name_s": "/etc/corosync/service.d", "size_i": "4096", "regex": "false"},
	{"name_s": "/etc/corosync/uidgid.d", "size_i": "4096", "regex": "false"},
	{"name_s": "/etc/dbus-1/system.d/corosync-signals.conf", "size_i": "806", "regex": "false"},
	{"name_s": "/etc/rc.d/init.d/corosync", "size_i": "3353", "regex": "false"},
	{"name_s": "/etc/rc.d/init.d/corosync-notifyd", "size_i": "2778", "regex": "false"},
	{"name_s": "/etc/sysconfig/corosync-notifyd", "size_i": "206", "regex": "false"},
	{"name_s": "/usr/bin/corosync-blackbox", "size_i": "1794", "regex": "false"},
	{"name_s": "/usr/libexec/lcrso", "size_i": "4096", "regex": "false"},
	{"name_s": "/usr/libexec/lcrso/coroparse.lcrso", "size_i": "10984", "regex": "false"},
	{"name_s": "/usr/libexec/lcrso/objdb.lcrso", "size_i": "36104", "regex": "false"},
	{"name_s": "/usr/libexec/lcrso/quorum_testquorum.lcrso", "size_i": "5840", "regex": "false"},
	{"name_s": "/usr/libexec/lcrso/quorum_votequorum.lcrso", "size_i": "25312", "regex": "false"},
	{"name_s": "/usr/libexec/lcrso/service_cfg.lcrso", "size_i": "16968", "regex": "false"},
	{"name_s": "/usr/libexec/lcrso/service_confdb.lcrso", "size_i": "16640", "regex": "false"},
	{"name_s": "/usr/libexec/lcrso/service_cpg.lcrso", "size_i": "27944", "regex": "false"},
	{"name_s": "/usr/libexec/lcrso/service_evs.lcrso", "size_i": "8872", "regex": "false"},
	{"name_s": "/usr/libexec/lcrso/service_pload.lcrso", "size_i": "7792", "regex": "false"},
	{"name_s": "/usr/libexec/lcrso/vsf_quorum.lcrso", "size_i": "11224", "regex": "false"},
	{"name_s": "/usr/libexec/lcrso/vsf_ykd.lcrso", "size_i": "10968", "regex": "false"},
	{"name_s": "/usr/sbin/corosync", "size_i": "94088", "regex": "false"},
	{"name_s": "/usr/sbin/corosync-cfgtool", "size_i": "10192", "regex": "false"},
	{"name_s": "/usr/sbin/corosync-cpgtool", "size_i": "9616", "regex": "false"},
	{"name_s": "/usr/sbin/corosync-fplay", "size_i": "11832", "regex": "false"},
	{"name_s": "/usr/sbin/corosync-keygen", "size_i": "6800", "regex": "false"},
	{"name_s": "/usr/sbin/corosync-notifyd", "size_i": "35288", "regex": "false"},
	{"name_s": "/usr/sbin/corosync-objctl", "size_i": "19952", "regex": "false"},
	{"name_s": "/usr/sbin/corosync-pload", "size_i": "4920", "regex": "false"},
	{"name_s": "/usr/sbin/corosync-quorumtool", "size_i": "13296", "regex": "false"},
	{"name_s": "/usr/share/doc/corosync-1.4.1", "size_i": "4096", "regex": "false"},
	{"name_s": "/usr/share/doc/corosync-1.4.1/LICENSE", "size_i": "4440", "regex": "false"},
	{"name_s": "/usr/share/doc/corosync-1.4.1/SECURITY", "size_i": "7966", "regex": "false"},
	{"name_s": "/usr/share/man/man5/corosync.conf.5.gz", "size_i": "8024", "regex": "false"},
	{"name_s": "/usr/share/man/man8/confdb_keys.8.gz", "size_i": "3035", "regex": "false"},
	{"name_s": "/usr/share/man/man8/corosync-blackbox.8.gz", "size_i": "1354", "regex": "false"},
	{"name_s": "/usr/share/man/man8/corosync-cfgtool.8.gz", "size_i": "1357", "regex": "false"},
	{"name_s": "/usr/share/man/man8/corosync-cpgtool.8.gz", "size_i": "1368", "regex": "false"},
	{"name_s": "/usr/share/man/man8/corosync-fplay.8.gz", "size_i": "1362", "regex": "false"},
	{"name_s": "/usr/share/man/man8/corosync-keygen.8.gz", "size_i": "1594", "regex": "false"},
	{"name_s": "/usr/share/man/man8/corosync-notifyd.8.gz", "size_i": "1638", "regex": "false"},
	{"name_s": "/usr/share/man/man8/corosync-objctl.8.gz", "size_i": "1706", "regex": "false"},
	{"name_s": "/usr/share/man/man8/corosync-pload.8.gz", "size_i": "1359", "regex": "false"},
	{"name_s": "/usr/share/man/man8/corosync-quorumtool.8.gz", "size_i": "1333", "regex": "false"},
	{"name_s": "/usr/share/man/man8/corosync.8.gz", "size_i": "1207", "regex": "false"},
	{"name_s": "/usr/share/man/man8/corosync_overview.8.gz", "size_i": "4759", "regex": "false"},
	{"name_s": "/usr/share/snmp/mibs/COROSYNC-MIB.txt", "size_i": "5404", "regex": "false"},
	{"name_s": "/var/lib/corosync", "size_i": "4096", "regex": "false"},
	{"name_s": "/var/log/cluster", "size_i": "4096", "regex": "false"}
]
