[
	{"name_s": "/etc/sasl2", "size_i": "4096", "regex": "false"},
	{"name_s": "/usr/lib/libsasl2.so.2", "size_i": "18", "regex": "false"},
	{"name_s": "/usr/lib/libsasl2.so.2.0.23", "size_i": "104708", "regex": "false"},
	{"name_s": "/usr/lib/sasl2", "size_i": "4096", "regex": "false"},
	{"name_s": "/usr/lib/sasl2/libanonymous.so", "size_i": "22", "regex": "false"},
	{"name_s": "/usr/lib/sasl2/libanonymous.so.2", "size_i": "22", "regex": "false"},
	{"name_s": "/usr/lib/sasl2/libanonymous.so.2.0.23", "size_i": "17984", "regex": "false"},
	{"name_s": "/usr/lib/sasl2/libsasldb.so", "size_i": "19", "regex": "false"},
	{"name_s": "/usr/lib/sasl2/libsasldb.so.2", "size_i": "19", "regex": "false"},
	{"name_s": "/usr/lib/sasl2/libsasldb.so.2.0.23", "size_i": "21988", "regex": "false"},
	{"name_s": "/usr/sbin/sasldblistusers2", "size_i": "13264", "regex": "false"},
	{"name_s": "/usr/sbin/saslpasswd2", "size_i": "10044", "regex": "false"},
	{"name_s": "/usr/share/doc/cyrus-sasl-lib-2.1.23", "size_i": "4096", "regex": "false"},
	{"name_s": "/usr/share/doc/cyrus-sasl-lib-2.1.23/AUTHORS", "size_i": "1788", "regex": "false"},
	{"name_s": "/usr/share/doc/cyrus-sasl-lib-2.1.23/COPYING", "size_i": "1861", "regex": "false"},
	{"name_s": "/usr/share/doc/cyrus-sasl-lib-2.1.23/NEWS", "size_i": "13601", "regex": "false"},
	{"name_s": "/usr/share/doc/cyrus-sasl-lib-2.1.23/README", "size_i": "887", "regex": "false"},
	{"name_s": "/usr/share/doc/cyrus-sasl-lib-2.1.23/advanced.html", "size_i": "1733", "regex": "false"},
	{"name_s": "/usr/share/doc/cyrus-sasl-lib-2.1.23/appconvert.html", "size_i": "4845", "regex": "false"},
	{"name_s": "/usr/share/doc/cyrus-sasl-lib-2.1.23/components.html", "size_i": "9190", "regex": "false"},
	{"name_s": "/usr/share/doc/cyrus-sasl-lib-2.1.23/gssapi.html", "size_i": "7768", "regex": "false"},
	{"name_s": "/usr/share/doc/cyrus-sasl-lib-2.1.23/index.html", "size_i": "5491", "regex": "false"},
	{"name_s": "/usr/share/doc/cyrus-sasl-lib-2.1.23/install.html", "size_i": "10372", "regex": "false"},
	{"name_s": "/usr/share/doc/cyrus-sasl-lib-2.1.23/macosx.html", "size_i": "11851", "regex": "false"},
	{"name_s": "/usr/share/doc/cyrus-sasl-lib-2.1.23/mechanisms.html", "size_i": "7113", "regex": "false"},
	{"name_s": "/usr/share/doc/cyrus-sasl-lib-2.1.23/options.html", "size_i": "11437", "regex": "false"},
	{"name_s": "/usr/share/doc/cyrus-sasl-lib-2.1.23/plugprog.html", "size_i": "16483", "regex": "false"},
	{"name_s": "/usr/share/doc/cyrus-sasl-lib-2.1.23/programming.html", "size_i": "41487", "regex": "false"},
	{"name_s": "/usr/share/doc/cyrus-sasl-lib-2.1.23/readme.html", "size_i": "4765", "regex": "false"},
	{"name_s": "/usr/share/doc/cyrus-sasl-lib-2.1.23/sysadmin.html", "size_i": "22379", "regex": "false"},
	{"name_s": "/usr/share/doc/cyrus-sasl-lib-2.1.23/upgrading.html", "size_i": "4167", "regex": "false"},
	{"name_s": "/usr/share/doc/cyrus-sasl-lib-2.1.23/windows.html", "size_i": "6244", "regex": "false"}
]
