[
	{"name_s": "/usr/lib/gstreamer-0.10/libgstadder.so", "size_i": "29088", "regex": "false"},
	{"name_s": "/usr/lib/gstreamer-0.10/libgstalsa.so", "size_i": "93212", "regex": "false"},
	{"name_s": "/usr/lib/gstreamer-0.10/libgstapp.so", "size_i": "3540", "regex": "false"},
	{"name_s": "/usr/lib/gstreamer-0.10/libgstaudioconvert.so", "size_i": "62364", "regex": "false"},
	{"name_s": "/usr/lib/gstreamer-0.10/libgstaudiorate.so", "size_i": "20260", "regex": "false"},
	{"name_s": "/usr/lib/gstreamer-0.10/libgstaudioresample.so", "size_i": "65096", "regex": "false"},
	{"name_s": "/usr/lib/gstreamer-0.10/libgstaudiotestsrc.so", "size_i": "35172", "regex": "false"},
	{"name_s": "/usr/lib/gstreamer-0.10/libgstcdparanoia.so", "size_i": "16924", "regex": "false"},
	{"name_s": "/usr/lib/gstreamer-0.10/libgstdecodebin.so", "size_i": "43396", "regex": "false"},
	{"name_s": "/usr/lib/gstreamer-0.10/libgstdecodebin2.so", "size_i": "111588", "regex": "false"},
	{"name_s": "/usr/lib/gstreamer-0.10/libgstffmpegcolorspace.so", "size_i": "219016", "regex": "false"},
	{"name_s": "/usr/lib/gstreamer-0.10/libgstgdp.so", "size_i": "33628", "regex": "false"},
	{"name_s": "/usr/lib/gstreamer-0.10/libgstgio.so", "size_i": "46012", "regex": "false"},
	{"name_s": "/usr/lib/gstreamer-0.10/libgstlibvisual.so", "size_i": "23524", "regex": "false"},
	{"name_s": "/usr/lib/gstreamer-0.10/libgstogg.so", "size_i": "154480", "regex": "false"},
	{"name_s": "/usr/lib/gstreamer-0.10/libgstpango.so", "size_i": "68768", "regex": "false"},
	{"name_s": "/usr/lib/gstreamer-0.10/libgstplaybin.so", "size_i": "271136", "regex": "false"},
	{"name_s": "/usr/lib/gstreamer-0.10/libgstsubparse.so", "size_i": "64640", "regex": "false"},
	{"name_s": "/usr/lib/gstreamer-0.10/libgsttcp.so", "size_i": "98300", "regex": "false"},
	{"name_s": "/usr/lib/gstreamer-0.10/libgsttheora.so", "size_i": "66496", "regex": "false"},
	{"name_s": "/usr/lib/gstreamer-0.10/libgsttypefindfunctions.so", "size_i": "73152", "regex": "false"},
	{"name_s": "/usr/lib/gstreamer-0.10/libgstvideo4linux.so", "size_i": "82468", "regex": "false"},
	{"name_s": "/usr/lib/gstreamer-0.10/libgstvideorate.so", "size_i": "26724", "regex": "false"},
	{"name_s": "/usr/lib/gstreamer-0.10/libgstvideoscale.so", "size_i": "69468", "regex": "false"},
	{"name_s": "/usr/lib/gstreamer-0.10/libgstvideotestsrc.so", "size_i": "49108", "regex": "false"},
	{"name_s": "/usr/lib/gstreamer-0.10/libgstvolume.so", "size_i": "21560", "regex": "false"},
	{"name_s": "/usr/lib/gstreamer-0.10/libgstvorbis.so", "size_i": "68480", "regex": "false"},
	{"name_s": "/usr/lib/gstreamer-0.10/libgstximagesink.so", "size_i": "48604", "regex": "false"},
	{"name_s": "/usr/lib/gstreamer-0.10/libgstxvimagesink.so", "size_i": "69956", "regex": "false"},
	{"name_s": "/usr/lib/libgstapp-0.10.so.0", "size_i": "24", "regex": "false"},
	{"name_s": "/usr/lib/libgstapp-0.10.so.0.20.0", "size_i": "49544", "regex": "false"},
	{"name_s": "/usr/lib/libgstaudio-0.10.so.0", "size_i": "26", "regex": "false"},
	{"name_s": "/usr/lib/libgstaudio-0.10.so.0.20.0", "size_i": "151612", "regex": "false"},
	{"name_s": "/usr/lib/libgstcdda-0.10.so.0", "size_i": "25", "regex": "false"},
	{"name_s": "/usr/lib/libgstcdda-0.10.so.0.20.0", "size_i": "37288", "regex": "false"},
	{"name_s": "/usr/lib/libgstfft-0.10.so.0", "size_i": "24", "regex": "false"},
	{"name_s": "/usr/lib/libgstfft-0.10.so.0.20.0", "size_i": "39808", "regex": "false"},
	{"name_s": "/usr/lib/libgstinterfaces-0.10.so.0", "size_i": "31", "regex": "false"},
	{"name_s": "/usr/lib/libgstinterfaces-0.10.so.0.20.0", "size_i": "65376", "regex": "false"},
	{"name_s": "/usr/lib/libgstnetbuffer-0.10.so.0", "size_i": "30", "regex": "false"},
	{"name_s": "/usr/lib/libgstnetbuffer-0.10.so.0.20.0", "size_i": "8144", "regex": "false"},
	{"name_s": "/usr/lib/libgstpbutils-0.10.so.0", "size_i": "28", "regex": "false"},
	{"name_s": "/usr/lib/libgstpbutils-0.10.so.0.20.0", "size_i": "49328", "regex": "false"},
	{"name_s": "/usr/lib/libgstriff-0.10.so.0", "size_i": "25", "regex": "false"},
	{"name_s": "/usr/lib/libgstriff-0.10.so.0.20.0", "size_i": "49880", "regex": "false"},
	{"name_s": "/usr/lib/libgstrtp-0.10.so.0", "size_i": "24", "regex": "false"},
	{"name_s": "/usr/lib/libgstrtp-0.10.so.0.20.0", "size_i": "90828", "regex": "false"},
	{"name_s": "/usr/lib/libgstrtsp-0.10.so.0", "size_i": "25", "regex": "false"},
	{"name_s": "/usr/lib/libgstrtsp-0.10.so.0.20.0", "size_i": "90388", "regex": "false"},
	{"name_s": "/usr/lib/libgstsdp-0.10.so.0", "size_i": "24", "regex": "false"},
	{"name_s": "/usr/lib/libgstsdp-0.10.so.0.20.0", "size_i": "28684", "regex": "false"},
	{"name_s": "/usr/lib/libgsttag-0.10.so.0", "size_i": "24", "regex": "false"},
	{"name_s": "/usr/lib/libgsttag-0.10.so.0.20.0", "size_i": "87176", "regex": "false"},
	{"name_s": "/usr/lib/libgstvideo-0.10.so.0", "size_i": "26", "regex": "false"},
	{"name_s": "/usr/lib/libgstvideo-0.10.so.0.20.0", "size_i": "29472", "regex": "false"},
	{"name_s": "/usr/share/doc/gstreamer-plugins-base-0.10.29", "size_i": "4096", "regex": "false"},
	{"name_s": "/usr/share/doc/gstreamer-plugins-base-0.10.29/AUTHORS", "size_i": "977", "regex": "false"},
	{"name_s": "/usr/share/doc/gstreamer-plugins-base-0.10.29/COPYING", "size_i": "18007", "regex": "false"},
	{"name_s": "/usr/share/doc/gstreamer-plugins-base-0.10.29/README", "size_i": "9501", "regex": "false"},
	{"name_s": "/usr/share/doc/gstreamer-plugins-base-0.10.29/REQUIREMENTS", "size_i": "2702", "regex": "false"},
	{"name_s": "/usr/share/locale/af/LC_MESSAGES/gst-plugins-base-0.10.mo", "size_i": "1103", "regex": "false"},
	{"name_s": "/usr/share/locale/az/LC_MESSAGES/gst-plugins-base-0.10.mo", "size_i": "1177", "regex": "false"},
	{"name_s": "/usr/share/locale/bg/LC_MESSAGES/gst-plugins-base-0.10.mo", "size_i": "16486", "regex": "false"},
	{"name_s": "/usr/share/locale/ca/LC_MESSAGES/gst-plugins-base-0.10.mo", "size_i": "1974", "regex": "false"},
	{"name_s": "/usr/share/locale/cs/LC_MESSAGES/gst-plugins-base-0.10.mo", "size_i": "12117", "regex": "false"},
	{"name_s": "/usr/share/locale/da/LC_MESSAGES/gst-plugins-base-0.10.mo", "size_i": "11862", "regex": "false"},
	{"name_s": "/usr/share/locale/de/LC_MESSAGES/gst-plugins-base-0.10.mo", "size_i": "12789", "regex": "false"},
	{"name_s": "/usr/share/locale/en_GB/LC_MESSAGES/gst-plugins-base-0.10.mo", "size_i": "1149", "regex": "false"},
	{"name_s": "/usr/share/locale/es/LC_MESSAGES/gst-plugins-base-0.10.mo", "size_i": "12367", "regex": "false"},
	{"name_s": "/usr/share/locale/eu/LC_MESSAGES/gst-plugins-base-0.10.mo", "size_i": "12571", "regex": "false"},
	{"name_s": "/usr/share/locale/fi/LC_MESSAGES/gst-plugins-base-0.10.mo", "size_i": "12268", "regex": "false"},
	{"name_s": "/usr/share/locale/fr/LC_MESSAGES/gst-plugins-base-0.10.mo", "size_i": "12608", "regex": "false"},
	{"name_s": "/usr/share/locale/hu/LC_MESSAGES/gst-plugins-base-0.10.mo", "size_i": "12205", "regex": "false"},
	{"name_s": "/usr/share/locale/id/LC_MESSAGES/gst-plugins-base-0.10.mo", "size_i": "12048", "regex": "false"},
	{"name_s": "/usr/share/locale/it/LC_MESSAGES/gst-plugins-base-0.10.mo", "size_i": "12359", "regex": "false"},
	{"name_s": "/usr/share/locale/ja/LC_MESSAGES/gst-plugins-base-0.10.mo", "size_i": "13708", "regex": "false"},
	{"name_s": "/usr/share/locale/lt/LC_MESSAGES/gst-plugins-base-0.10.mo", "size_i": "10584", "regex": "false"},
	{"name_s": "/usr/share/locale/lv/LC_MESSAGES/gst-plugins-base-0.10.mo", "size_i": "11942", "regex": "false"},
	{"name_s": "/usr/share/locale/nb/LC_MESSAGES/gst-plugins-base-0.10.mo", "size_i": "1611", "regex": "false"},
	{"name_s": "/usr/share/locale/nl/LC_MESSAGES/gst-plugins-base-0.10.mo", "size_i": "11889", "regex": "false"},
	{"name_s": "/usr/share/locale/or/LC_MESSAGES/gst-plugins-base-0.10.mo", "size_i": "1857", "regex": "false"},
	{"name_s": "/usr/share/locale/pl/LC_MESSAGES/gst-plugins-base-0.10.mo", "size_i": "12648", "regex": "false"},
	{"name_s": "/usr/share/locale/pt_BR/LC_MESSAGES/gst-plugins-base-0.10.mo", "size_i": "12568", "regex": "false"},
	{"name_s": "/usr/share/locale/ru/LC_MESSAGES/gst-plugins-base-0.10.mo", "size_i": "13407", "regex": "false"},
	{"name_s": "/usr/share/locale/sk/LC_MESSAGES/gst-plugins-base-0.10.mo", "size_i": "11709", "regex": "false"},
	{"name_s": "/usr/share/locale/sq/LC_MESSAGES/gst-plugins-base-0.10.mo", "size_i": "1356", "regex": "false"},
	{"name_s": "/usr/share/locale/sr/LC_MESSAGES/gst-plugins-base-0.10.mo", "size_i": "1371", "regex": "false"},
	{"name_s": "/usr/share/locale/sv/LC_MESSAGES/gst-plugins-base-0.10.mo", "size_i": "11675", "regex": "false"},
	{"name_s": "/usr/share/locale/tr/LC_MESSAGES/gst-plugins-base-0.10.mo", "size_i": "12259", "regex": "false"},
	{"name_s": "/usr/share/locale/uk/LC_MESSAGES/gst-plugins-base-0.10.mo", "size_i": "12637", "regex": "false"},
	{"name_s": "/usr/share/locale/vi/LC_MESSAGES/gst-plugins-base-0.10.mo", "size_i": "13712", "regex": "false"},
	{"name_s": "/usr/share/locale/zh_CN/LC_MESSAGES/gst-plugins-base-0.10.mo", "size_i": "9698", "regex": "false"}
]
