[
	{"name_s": "/etc/gconf/schemas/gucharmap.schemas", "size_i": "2605", "regex": "false"},
	{"name_s": "/usr/bin/charmap", "size_i": "9", "regex": "false"},
	{"name_s": "/usr/bin/gnome-character-map", "size_i": "9", "regex": "false"},
	{"name_s": "/usr/bin/gucharmap", "size_i": "67408", "regex": "false"},
	{"name_s": "/usr/lib64/libgucharmap.so.7", "size_i": "21", "regex": "false"},
	{"name_s": "/usr/lib64/libgucharmap.so.7.0.0", "size_i": "3411928", "regex": "false"},
	{"name_s": "/usr/share/applications/gnome-gucharmap.desktop", "size_i": "8281", "regex": "false"},
	{"name_s": "/usr/share/doc/gucharmap-2.28.2", "size_i": "4096", "regex": "false"},
	{"name_s": "/usr/share/doc/gucharmap-2.28.2/AUTHORS", "size_i": "118", "regex": "false"},
	{"name_s": "/usr/share/doc/gucharmap-2.28.2/COPYING", "size_i": "18009", "regex": "false"},
	{"name_s": "/usr/share/doc/gucharmap-2.28.2/NEWS", "size_i": "3230", "regex": "false"},
	{"name_s": "/usr/share/doc/gucharmap-2.28.2/README", "size_i": "619", "regex": "false"},
	{"name_s": "/usr/share/gnome/help/gucharmap", "size_i": "4096", "regex": "false"},
	{"name_s": "/usr/share/gnome/help/gucharmap/C", "size_i": "4096", "regex": "false"},
	{"name_s": "/usr/share/gnome/help/gucharmap/C/figures", "size_i": "4096", "regex": "false"},
	{"name_s": "/usr/share/gnome/help/gucharmap/C/figures/gucharmap_start_window.png", "size_i": "51237", "regex": "false"},
	{"name_s": "/usr/share/gnome/help/gucharmap/C/figures/gucharmap_window.png", "size_i": "21136", "regex": "false"},
	{"name_s": "/usr/share/gnome/help/gucharmap/C/gucharmap.xml", "size_i": "23732", "regex": "false"},
	{"name_s": "/usr/share/gnome/help/gucharmap/C/legal.xml", "size_i": "3672", "regex": "false"},
	{"name_s": "/usr/share/gnome/help/gucharmap/bg", "size_i": "4096", "regex": "false"},
	{"name_s": "/usr/share/gnome/help/gucharmap/bg/figures", "size_i": "4096", "regex": "false"},
	{"name_s": "/usr/share/gnome/help/gucharmap/bg/figures/gucharmap_start_window.png", "size_i": "63492", "regex": "false"},
	{"name_s": "/usr/share/gnome/help/gucharmap/bg/figures/gucharmap_window.png", "size_i": "70808", "regex": "false"},
	{"name_s": "/usr/share/gnome/help/gucharmap/bg/gucharmap.xml", "size_i": "30061", "regex": "false"},
	{"name_s": "/usr/share/gnome/help/gucharmap/ca", "size_i": "4096", "regex": "false"},
	{"name_s": "/usr/share/gnome/help/gucharmap/ca/figures", "size_i": "4096", "regex": "false"},
	{"name_s": "/usr/share/gnome/help/gucharmap/ca/figures/gucharmap_start_window.png", "size_i": "42", "regex": "false"},
	{"name_s": "/usr/share/gnome/help/gucharmap/ca/figures/gucharmap_window.png", "size_i": "36", "regex": "false"},
	{"name_s": "/usr/share/gnome/help/gucharmap/ca/gucharmap.xml", "size_i": "26542", "regex": "false"},
	{"name_s": "/usr/share/gnome/help/gucharmap/cs", "size_i": "4096", "regex": "false"},
	{"name_s": "/usr/share/gnome/help/gucharmap/cs/figures", "size_i": "4096", "regex": "false"},
	{"name_s": "/usr/share/gnome/help/gucharmap/cs/figures/gucharmap_start_window.png", "size_i": "42", "regex": "false"},
	{"name_s": "/usr/share/gnome/help/gucharmap/cs/figures/gucharmap_window.png", "size_i": "45693", "regex": "false"},
	{"name_s": "/usr/share/gnome/help/gucharmap/cs/gucharmap.xml", "size_i": "25671", "regex": "false"},
	{"name_s": "/usr/share/gnome/help/gucharmap/de", "size_i": "4096", "regex": "false"},
	{"name_s": "/usr/share/gnome/help/gucharmap/de/figures", "size_i": "4096", "regex": "false"},
	{"name_s": "/usr/share/gnome/help/gucharmap/de/figures/gucharmap_start_window.png", "size_i": "42", "regex": "false"},
	{"name_s": "/usr/share/gnome/help/gucharmap/de/figures/gucharmap_window.png", "size_i": "32152", "regex": "false"},
	{"name_s": "/usr/share/gnome/help/gucharmap/de/gucharmap.xml", "size_i": "27044", "regex": "false"},
	{"name_s": "/usr/share/gnome/help/gucharmap/el", "size_i": "4096", "regex": "false"},
	{"name_s": "/usr/share/gnome/help/gucharmap/el/figures", "size_i": "4096", "regex": "false"},
	{"name_s": "/usr/share/gnome/help/gucharmap/el/figures/gucharmap_start_window.png", "size_i": "42", "regex": "false"},
	{"name_s": "/usr/share/gnome/help/gucharmap/el/figures/gucharmap_window.png", "size_i": "44597", "regex": "false"},
	{"name_s": "/usr/share/gnome/help/gucharmap/el/gucharmap.xml", "size_i": "34483", "regex": "false"},
	{"name_s": "/usr/share/gnome/help/gucharmap/en_GB", "size_i": "4096", "regex": "false"},
	{"name_s": "/usr/share/gnome/help/gucharmap/en_GB/figures", "size_i": "4096", "regex": "false"},
	{"name_s": "/usr/share/gnome/help/gucharmap/en_GB/figures/gucharmap_start_window.png", "size_i": "42", "regex": "false"},
	{"name_s": "/usr/share/gnome/help/gucharmap/en_GB/figures/gucharmap_window.png", "size_i": "36", "regex": "false"},
	{"name_s": "/usr/share/gnome/help/gucharmap/en_GB/gucharmap.xml", "size_i": "24934", "regex": "false"},
	{"name_s": "/usr/share/gnome/help/gucharmap/es", "size_i": "4096", "regex": "false"},
	{"name_s": "/usr/share/gnome/help/gucharmap/es/figures", "size_i": "4096", "regex": "false"},
	{"name_s": "/usr/share/gnome/help/gucharmap/es/figures/gucharmap_start_window.png", "size_i": "63982", "regex": "false"},
	{"name_s": "/usr/share/gnome/help/gucharmap/es/figures/gucharmap_window.png", "size_i": "69963", "regex": "false"},
	{"name_s": "/usr/share/gnome/help/gucharmap/es/gucharmap.xml", "size_i": "26610", "regex": "false"},
	{"name_s": "/usr/share/gnome/help/gucharmap/fi", "size_i": "4096", "regex": "false"},
	{"name_s": "/usr/share/gnome/help/gucharmap/fi/figures", "size_i": "4096", "regex": "false"},
	{"name_s": "/usr/share/gnome/help/gucharmap/fi/figures/gucharmap_start_window.png", "size_i": "42", "regex": "false"},
	{"name_s": "/usr/share/gnome/help/gucharmap/fi/figures/gucharmap_window.png", "size_i": "36574", "regex": "false"},
	{"name_s": "/usr/share/gnome/help/gucharmap/fi/gucharmap.xml", "size_i": "25384", "regex": "false"},
	{"name_s": "/usr/share/gnome/help/gucharmap/fr", "size_i": "4096", "regex": "false"},
	{"name_s": "/usr/share/gnome/help/gucharmap/fr/figures", "size_i": "4096", "regex": "false"},
	{"name_s": "/usr/share/gnome/help/gucharmap/fr/figures/gucharmap_start_window.png", "size_i": "42", "regex": "false"},
	{"name_s": "/usr/share/gnome/help/gucharmap/fr/figures/gucharmap_window.png", "size_i": "48633", "regex": "false"},
	{"name_s": "/usr/share/gnome/help/gucharmap/fr/gucharmap.xml", "size_i": "27347", "regex": "false"},
	{"name_s": "/usr/share/gnome/help/gucharmap/it", "size_i": "4096", "regex": "false"},
	{"name_s": "/usr/share/gnome/help/gucharmap/it/figures", "size_i": "4096", "regex": "false"},
	{"name_s": "/usr/share/gnome/help/gucharmap/it/figures/gucharmap_window.png", "size_i": "36427", "regex": "false"},
	{"name_s": "/usr/share/gnome/help/gucharmap/it/gucharmap.xml", "size_i": "26826", "regex": "false"},
	{"name_s": "/usr/share/gnome/help/gucharmap/it/legal.xml", "size_i": "3212", "regex": "false"},
	{"name_s": "/usr/share/gnome/help/gucharmap/ja", "size_i": "4096", "regex": "false"},
	{"name_s": "/usr/share/gnome/help/gucharmap/ja/figures", "size_i": "4096", "regex": "false"},
	{"name_s": "/usr/share/gnome/help/gucharmap/ja/figures/gucharmap_window.png", "size_i": "29977", "regex": "false"},
	{"name_s": "/usr/share/gnome/help/gucharmap/ja/gucharmap.xml", "size_i": "28452", "regex": "false"},
	{"name_s": "/usr/share/gnome/help/gucharmap/ja/legal.xml", "size_i": "2414", "regex": "false"},
	{"name_s": "/usr/share/gnome/help/gucharmap/ko", "size_i": "4096", "regex": "false"},
	{"name_s": "/usr/share/gnome/help/gucharmap/ko/figures", "size_i": "4096", "regex": "false"},
	{"name_s": "/usr/share/gnome/help/gucharmap/ko/figures/gucharmap_start_window.png", "size_i": "42", "regex": "false"},
	{"name_s": "/usr/share/gnome/help/gucharmap/ko/figures/gucharmap_window.png", "size_i": "42566", "regex": "false"},
	{"name_s": "/usr/share/gnome/help/gucharmap/ko/gucharmap.xml", "size_i": "26029", "regex": "false"},
	{"name_s": "/usr/share/gnome/help/gucharmap/oc", "size_i": "4096", "regex": "false"},
	{"name_s": "/usr/share/gnome/help/gucharmap/oc/figures", "size_i": "4096", "regex": "false"},
	{"name_s": "/usr/share/gnome/help/gucharmap/oc/figures/gucharmap_start_window.png", "size_i": "42", "regex": "false"},
	{"name_s": "/usr/share/gnome/help/gucharmap/oc/figures/gucharmap_window.png", "size_i": "36", "regex": "false"},
	{"name_s": "/usr/share/gnome/help/gucharmap/oc/gucharmap.xml", "size_i": "27520", "regex": "false"},
	{"name_s": "/usr/share/gnome/help/gucharmap/pt_BR", "size_i": "4096", "regex": "false"},
	{"name_s": "/usr/share/gnome/help/gucharmap/pt_BR/figures", "size_i": "4096", "regex": "false"},
	{"name_s": "/usr/share/gnome/help/gucharmap/pt_BR/figures/gucharmap_start_window.png", "size_i": "42", "regex": "false"},
	{"name_s": "/usr/share/gnome/help/gucharmap/pt_BR/figures/gucharmap_window.png", "size_i": "35560", "regex": "false"},
	{"name_s": "/usr/share/gnome/help/gucharmap/pt_BR/gucharmap.xml", "size_i": "26096", "regex": "false"},
	{"name_s": "/usr/share/gnome/help/gucharmap/ru", "size_i": "4096", "regex": "false"},
	{"name_s": "/usr/share/gnome/help/gucharmap/ru/figures", "size_i": "4096", "regex": "false"},
	{"name_s": "/usr/share/gnome/help/gucharmap/ru/figures/gucharmap_start_window.png", "size_i": "42", "regex": "false"},
	{"name_s": "/usr/share/gnome/help/gucharmap/ru/figures/gucharmap_window.png", "size_i": "36", "regex": "false"},
	{"name_s": "/usr/share/gnome/help/gucharmap/ru/gucharmap.xml", "size_i": "32566", "regex": "false"},
	{"name_s": "/usr/share/gnome/help/gucharmap/sv", "size_i": "4096", "regex": "false"},
	{"name_s": "/usr/share/gnome/help/gucharmap/sv/figures", "size_i": "4096", "regex": "false"},
	{"name_s": "/usr/share/gnome/help/gucharmap/sv/figures/gucharmap_start_window.png", "size_i": "62186", "regex": "false"},
	{"name_s": "/usr/share/gnome/help/gucharmap/sv/figures/gucharmap_window.png", "size_i": "61713", "regex": "false"},
	{"name_s": "/usr/share/gnome/help/gucharmap/sv/gucharmap.xml", "size_i": "25668", "regex": "false"},
	{"name_s": "/usr/share/gnome/help/gucharmap/vi", "size_i": "4096", "regex": "false"},
	{"name_s": "/usr/share/gnome/help/gucharmap/vi/figures", "size_i": "4096", "regex": "false"},
	{"name_s": "/usr/share/gnome/help/gucharmap/vi/figures/gucharmap_start_window.png", "size_i": "42", "regex": "false"},
	{"name_s": "/usr/share/gnome/help/gucharmap/vi/figures/gucharmap_window.png", "size_i": "36", "regex": "false"},
	{"name_s": "/usr/share/gnome/help/gucharmap/vi/gucharmap.xml", "size_i": "26254", "regex": "false"},
	{"name_s": "/usr/share/gnome/help/gucharmap/zh_CN", "size_i": "4096", "regex": "false"},
	{"name_s": "/usr/share/gnome/help/gucharmap/zh_CN/figures", "size_i": "4096", "regex": "false"},
	{"name_s": "/usr/share/gnome/help/gucharmap/zh_CN/figures/gucharmap_window.png", "size_i": "29977", "regex": "false"},
	{"name_s": "/usr/share/gnome/help/gucharmap/zh_CN/gucharmap.xml", "size_i": "22574", "regex": "false"},
	{"name_s": "/usr/share/gnome/help/gucharmap/zh_CN/legal.xml", "size_i": "2568", "regex": "false"},
	{"name_s": "/usr/share/gnome/help/gucharmap/zh_TW", "size_i": "4096", "regex": "false"},
	{"name_s": "/usr/share/gnome/help/gucharmap/zh_TW/figures", "size_i": "4096", "regex": "false"},
	{"name_s": "/usr/share/gnome/help/gucharmap/zh_TW/figures/gucharmap_window.png", "size_i": "29977", "regex": "false"},
	{"name_s": "/usr/share/gnome/help/gucharmap/zh_TW/gucharmap.xml", "size_i": "22420", "regex": "false"},
	{"name_s": "/usr/share/gnome/help/gucharmap/zh_TW/legal.xml", "size_i": "2554", "regex": "false"},
	{"name_s": "/usr/share/locale/af/LC_MESSAGES/gucharmap.mo", "size_i": "16116", "regex": "false"},
	{"name_s": "/usr/share/locale/am/LC_MESSAGES/gucharmap.mo", "size_i": "1609", "regex": "false"},
	{"name_s": "/usr/share/locale/ar/LC_MESSAGES/gucharmap.mo", "size_i": "22038", "regex": "false"},
	{"name_s": "/usr/share/locale/as/LC_MESSAGES/gucharmap.mo", "size_i": "26909", "regex": "false"},
	{"name_s": "/usr/share/locale/ast/LC_MESSAGES/gucharmap.mo", "size_i": "19749", "regex": "false"},
	{"name_s": "/usr/share/locale/az/LC_MESSAGES/gucharmap.mo", "size_i": "14346", "regex": "false"},
	{"name_s": "/usr/share/locale/be/LC_MESSAGES/gucharmap.mo", "size_i": "7449", "regex": "false"},
	{"name_s": "/usr/share/locale/be@latin/LC_MESSAGES/gucharmap.mo", "size_i": "13572", "regex": "false"},
	{"name_s": "/usr/share/locale/bg/LC_MESSAGES/gucharmap.mo", "size_i": "24781", "regex": "false"},
	{"name_s": "/usr/share/locale/bn/LC_MESSAGES/gucharmap.mo", "size_i": "20302", "regex": "false"},
	{"name_s": "/usr/share/locale/bn_IN/LC_MESSAGES/gucharmap.mo", "size_i": "28161", "regex": "false"},
	{"name_s": "/usr/share/locale/br/LC_MESSAGES/gucharmap.mo", "size_i": "5828", "regex": "false"},
	{"name_s": "/usr/share/locale/bs/LC_MESSAGES/gucharmap.mo", "size_i": "14018", "regex": "false"},
	{"name_s": "/usr/share/locale/ca/LC_MESSAGES/gucharmap.mo", "size_i": "19685", "regex": "false"},
	{"name_s": "/usr/share/locale/ca@valencia/LC_MESSAGES/gucharmap.mo", "size_i": "19609", "regex": "false"},
	{"name_s": "/usr/share/locale/cs/LC_MESSAGES/gucharmap.mo", "size_i": "20095", "regex": "false"},
	{"name_s": "/usr/share/locale/cy/LC_MESSAGES/gucharmap.mo", "size_i": "17568", "regex": "false"},
	{"name_s": "/usr/share/locale/da/LC_MESSAGES/gucharmap.mo", "size_i": "19026", "regex": "false"},
	{"name_s": "/usr/share/locale/de/LC_MESSAGES/gucharmap.mo", "size_i": "19916", "regex": "false"},
	{"name_s": "/usr/share/locale/dz/LC_MESSAGES/gucharmap.mo", "size_i": "32178", "regex": "false"},
	{"name_s": "/usr/share/locale/el/LC_MESSAGES/gucharmap.mo", "size_i": "24843", "regex": "false"},
	{"name_s": "/usr/share/locale/en_CA/LC_MESSAGES/gucharmap.mo", "size_i": "14917", "regex": "false"},
	{"name_s": "/usr/share/locale/en_GB/LC_MESSAGES/gucharmap.mo", "size_i": "18867", "regex": "false"},
	{"name_s": "/usr/share/locale/eo/LC_MESSAGES/gucharmap.mo", "size_i": "2763", "regex": "false"},
	{"name_s": "/usr/share/locale/es/LC_MESSAGES/gucharmap.mo", "size_i": "19949", "regex": "false"},
	{"name_s": "/usr/share/locale/et/LC_MESSAGES/gucharmap.mo", "size_i": "19342", "regex": "false"},
	{"name_s": "/usr/share/locale/eu/LC_MESSAGES/gucharmap.mo", "size_i": "19447", "regex": "false"},
	{"name_s": "/usr/share/locale/fa/LC_MESSAGES/gucharmap.mo", "size_i": "14846", "regex": "false"},
	{"name_s": "/usr/share/locale/fi/LC_MESSAGES/gucharmap.mo", "size_i": "20116", "regex": "false"},
	{"name_s": "/usr/share/locale/fr/LC_MESSAGES/gucharmap.mo", "size_i": "20113", "regex": "false"},
	{"name_s": "/usr/share/locale/ga/LC_MESSAGES/gucharmap.mo", "size_i": "15018", "regex": "false"},
	{"name_s": "/usr/share/locale/gl/LC_MESSAGES/gucharmap.mo", "size_i": "19633", "regex": "false"},
	{"name_s": "/usr/share/locale/gu/LC_MESSAGES/gucharmap.mo", "size_i": "26113", "regex": "false"},
	{"name_s": "/usr/share/locale/he/LC_MESSAGES/gucharmap.mo", "size_i": "13287", "regex": "false"},
	{"name_s": "/usr/share/locale/hi/LC_MESSAGES/gucharmap.mo", "size_i": "26462", "regex": "false"},
	{"name_s": "/usr/share/locale/hr/LC_MESSAGES/gucharmap.mo", "size_i": "17631", "regex": "false"},
	{"name_s": "/usr/share/locale/hu/LC_MESSAGES/gucharmap.mo", "size_i": "19920", "regex": "false"},
	{"name_s": "/usr/share/locale/id/LC_MESSAGES/gucharmap.mo", "size_i": "18114", "regex": "false"},
	{"name_s": "/usr/share/locale/is/LC_MESSAGES/gucharmap.mo", "size_i": "11718", "regex": "false"},
	{"name_s": "/usr/share/locale/it/LC_MESSAGES/gucharmap.mo", "size_i": "19326", "regex": "false"},
	{"name_s": "/usr/share/locale/ja/LC_MESSAGES/gucharmap.mo", "size_i": "20601", "regex": "false"},
	{"name_s": "/usr/share/locale/ka/LC_MESSAGES/gucharmap.mo", "size_i": "9409", "regex": "false"},
	{"name_s": "/usr/share/locale/kn/LC_MESSAGES/gucharmap.mo", "size_i": "28604", "regex": "false"},
	{"name_s": "/usr/share/locale/ko/LC_MESSAGES/gucharmap.mo", "size_i": "19959", "regex": "false"},
	{"name_s": "/usr/share/locale/lt/LC_MESSAGES/gucharmap.mo", "size_i": "19614", "regex": "false"},
	{"name_s": "/usr/share/locale/lv/LC_MESSAGES/gucharmap.mo", "size_i": "18793", "regex": "false"},
	{"name_s": "/usr/share/locale/mai/LC_MESSAGES/gucharmap.mo", "size_i": "25351", "regex": "false"},
	{"name_s": "/usr/share/locale/mi/LC_MESSAGES/gucharmap.mo", "size_i": "413", "regex": "false"},
	{"name_s": "/usr/share/locale/mk/LC_MESSAGES/gucharmap.mo", "size_i": "22130", "regex": "false"},
	{"name_s": "/usr/share/locale/ml/LC_MESSAGES/gucharmap.mo", "size_i": "32675", "regex": "false"},
	{"name_s": "/usr/share/locale/mn/LC_MESSAGES/gucharmap.mo", "size_i": "16993", "regex": "false"},
	{"name_s": "/usr/share/locale/mr/LC_MESSAGES/gucharmap.mo", "size_i": "25709", "regex": "false"},
	{"name_s": "/usr/share/locale/ms/LC_MESSAGES/gucharmap.mo", "size_i": "12438", "regex": "false"},
	{"name_s": "/usr/share/locale/nb/LC_MESSAGES/gucharmap.mo", "size_i": "18906", "regex": "false"},
	{"name_s": "/usr/share/locale/ne/LC_MESSAGES/gucharmap.mo", "size_i": "27666", "regex": "false"},
	{"name_s": "/usr/share/locale/nl/LC_MESSAGES/gucharmap.mo", "size_i": "19479", "regex": "false"},
	{"name_s": "/usr/share/locale/nn/LC_MESSAGES/gucharmap.mo", "size_i": "18213", "regex": "false"},
	{"name_s": "/usr/share/locale/oc/LC_MESSAGES/gucharmap.mo", "size_i": "3446", "regex": "false"},
	{"name_s": "/usr/share/locale/or/LC_MESSAGES/gucharmap.mo", "size_i": "27200", "regex": "false"},
	{"name_s": "/usr/share/locale/pa/LC_MESSAGES/gucharmap.mo", "size_i": "25891", "regex": "false"},
	{"name_s": "/usr/share/locale/pl/LC_MESSAGES/gucharmap.mo", "size_i": "19740", "regex": "false"},
	{"name_s": "/usr/share/locale/pt/LC_MESSAGES/gucharmap.mo", "size_i": "19741", "regex": "false"},
	{"name_s": "/usr/share/locale/pt_BR/LC_MESSAGES/gucharmap.mo", "size_i": "19926", "regex": "false"},
	{"name_s": "/usr/share/locale/ro/LC_MESSAGES/gucharmap.mo", "size_i": "19442", "regex": "false"},
	{"name_s": "/usr/share/locale/ru/LC_MESSAGES/gucharmap.mo", "size_i": "25604", "regex": "false"},
	{"name_s": "/usr/share/locale/rw/LC_MESSAGES/gucharmap.mo", "size_i": "5174", "regex": "false"},
	{"name_s": "/usr/share/locale/si/LC_MESSAGES/gucharmap.mo", "size_i": "2544", "regex": "false"},
	{"name_s": "/usr/share/locale/sk/LC_MESSAGES/gucharmap.mo", "size_i": "18964", "regex": "false"},
	{"name_s": "/usr/share/locale/sl/LC_MESSAGES/gucharmap.mo", "size_i": "19615", "regex": "false"},
	{"name_s": "/usr/share/locale/sq/LC_MESSAGES/gucharmap.mo", "size_i": "19103", "regex": "false"},
	{"name_s": "/usr/share/locale/sr/LC_MESSAGES/gucharmap.mo", "size_i": "24098", "regex": "false"},
	{"name_s": "/usr/share/locale/sr@latin/LC_MESSAGES/gucharmap.mo", "size_i": "19297", "regex": "false"},
	{"name_s": "/usr/share/locale/sv/LC_MESSAGES/gucharmap.mo", "size_i": "19201", "regex": "false"},
	{"name_s": "/usr/share/locale/ta/LC_MESSAGES/gucharmap.mo", "size_i": "29674", "regex": "false"},
	{"name_s": "/usr/share/locale/te/LC_MESSAGES/gucharmap.mo", "size_i": "29237", "regex": "false"},
	{"name_s": "/usr/share/locale/th/LC_MESSAGES/gucharmap.mo", "size_i": "28547", "regex": "false"},
	{"name_s": "/usr/share/locale/tr/LC_MESSAGES/gucharmap.mo", "size_i": "19410", "regex": "false"},
	{"name_s": "/usr/share/locale/uk/LC_MESSAGES/gucharmap.mo", "size_i": "24589", "regex": "false"},
	{"name_s": "/usr/share/locale/vi/LC_MESSAGES/gucharmap.mo", "size_i": "20378", "regex": "false"},
	{"name_s": "/usr/share/locale/wa/LC_MESSAGES/gucharmap.mo", "size_i": "15542", "regex": "false"},
	{"name_s": "/usr/share/locale/xh/LC_MESSAGES/gucharmap.mo", "size_i": "14923", "regex": "false"},
	{"name_s": "/usr/share/locale/zh_CN/LC_MESSAGES/gucharmap.mo", "size_i": "18941", "regex": "false"},
	{"name_s": "/usr/share/locale/zh_HK/LC_MESSAGES/gucharmap.mo", "size_i": "19194", "regex": "false"},
	{"name_s": "/usr/share/locale/zh_TW/LC_MESSAGES/gucharmap.mo", "size_i": "19173", "regex": "false"},
	{"name_s": "/usr/share/omf/gucharmap", "size_i": "4096", "regex": "false"},
	{"name_s": "/usr/share/omf/gucharmap/gucharmap-C.omf", "size_i": "1045", "regex": "false"},
	{"name_s": "/usr/share/omf/gucharmap/gucharmap-bg.omf", "size_i": "1236", "regex": "false"},
	{"name_s": "/usr/share/omf/gucharmap/gucharmap-ca.omf", "size_i": "1105", "regex": "false"},
	{"name_s": "/usr/share/omf/gucharmap/gucharmap-cs.omf", "size_i": "1035", "regex": "false"},
	{"name_s": "/usr/share/omf/gucharmap/gucharmap-de.omf", "size_i": "1073", "regex": "false"},
	{"name_s": "/usr/share/omf/gucharmap/gucharmap-el.omf", "size_i": "1309", "regex": "false"},
	{"name_s": "/usr/share/omf/gucharmap/gucharmap-en_GB.omf", "size_i": "1037", "regex": "false"},
	{"name_s": "/usr/share/omf/gucharmap/gucharmap-es.omf", "size_i": "1094", "regex": "false"},
	{"name_s": "/usr/share/omf/gucharmap/gucharmap-fi.omf", "size_i": "1030", "regex": "false"},
	{"name_s": "/usr/share/omf/gucharmap/gucharmap-fr.omf", "size_i": "1106", "regex": "false"},
	{"name_s": "/usr/share/omf/gucharmap/gucharmap-it.omf", "size_i": "947", "regex": "false"},
	{"name_s": "/usr/share/omf/gucharmap/gucharmap-ja.omf", "size_i": "1010", "regex": "false"},
	{"name_s": "/usr/share/omf/gucharmap/gucharmap-ko.omf", "size_i": "1053", "regex": "false"},
	{"name_s": "/usr/share/omf/gucharmap/gucharmap-oc.omf", "size_i": "1078", "regex": "false"},
	{"name_s": "/usr/share/omf/gucharmap/gucharmap-pt_BR.omf", "size_i": "1086", "regex": "false"},
	{"name_s": "/usr/share/omf/gucharmap/gucharmap-ru.omf", "size_i": "1281", "regex": "false"},
	{"name_s": "/usr/share/omf/gucharmap/gucharmap-sv.omf", "size_i": "1043", "regex": "false"},
	{"name_s": "/usr/share/omf/gucharmap/gucharmap-vi.omf", "size_i": "1141", "regex": "false"},
	{"name_s": "/usr/share/omf/gucharmap/gucharmap-zh_CN.omf", "size_i": "920", "regex": "false"},
	{"name_s": "/usr/share/omf/gucharmap/gucharmap-zh_TW.omf", "size_i": "939", "regex": "false"}
]
