[
	{"name_s": "/usr/lib/python2.6/site-packages/iotop", "size_i": "4096", "regex": "false"},
	{"name_s": "/usr/lib/python2.6/site-packages/iotop-0.3.2-py2.6.egg-info", "size_i": "4096", "regex": "false"},
	{"name_s": "/usr/lib/python2.6/site-packages/iotop-0.3.2-py2.6.egg-info/PKG-INFO", "size_i": "350", "regex": "false"},
	{"name_s": "/usr/lib/python2.6/site-packages/iotop-0.3.2-py2.6.egg-info/SOURCES.txt", "size_i": "357", "regex": "false"},
	{"name_s": "/usr/lib/python2.6/site-packages/iotop-0.3.2-py2.6.egg-info/dependency_links.txt", "size_i": "1", "regex": "false"},
	{"name_s": "/usr/lib/python2.6/site-packages/iotop-0.3.2-py2.6.egg-info/top_level.txt", "size_i": "6", "regex": "false"},
	{"name_s": "/usr/lib/python2.6/site-packages/iotop/__init__.py", "size_i": "0", "regex": "false"},
	{"name_s": "/usr/lib/python2.6/site-packages/iotop/__init__.pyc", "size_i": "137", "regex": "false"},
	{"name_s": "/usr/lib/python2.6/site-packages/iotop/__init__.pyo", "size_i": "137", "regex": "false"},
	{"name_s": "/usr/lib/python2.6/site-packages/iotop/data.py", "size_i": "13061", "regex": "false"},
	{"name_s": "/usr/lib/python2.6/site-packages/iotop/data.pyc", "size_i": "15342", "regex": "false"},
	{"name_s": "/usr/lib/python2.6/site-packages/iotop/data.pyo", "size_i": "15238", "regex": "false"},
	{"name_s": "/usr/lib/python2.6/site-packages/iotop/genetlink.py", "size_i": "1537", "regex": "false"},
	{"name_s": "/usr/lib/python2.6/site-packages/iotop/genetlink.pyc", "size_i": "3054", "regex": "false"},
	{"name_s": "/usr/lib/python2.6/site-packages/iotop/genetlink.pyo", "size_i": "3054", "regex": "false"},
	{"name_s": "/usr/lib/python2.6/site-packages/iotop/ioprio.py", "size_i": "4555", "regex": "false"},
	{"name_s": "/usr/lib/python2.6/site-packages/iotop/ioprio.pyc", "size_i": "5443", "regex": "false"},
	{"name_s": "/usr/lib/python2.6/site-packages/iotop/ioprio.pyo", "size_i": "5443", "regex": "false"},
	{"name_s": "/usr/lib/python2.6/site-packages/iotop/netlink.py", "size_i": "6213", "regex": "false"},
	{"name_s": "/usr/lib/python2.6/site-packages/iotop/netlink.pyc", "size_i": "10704", "regex": "false"},
	{"name_s": "/usr/lib/python2.6/site-packages/iotop/netlink.pyo", "size_i": "10704", "regex": "false"},
	{"name_s": "/usr/lib/python2.6/site-packages/iotop/ui.py", "size_i": "21442", "regex": "false"},
	{"name_s": "/usr/lib/python2.6/site-packages/iotop/ui.pyc", "size_i": "23810", "regex": "false"},
	{"name_s": "/usr/lib/python2.6/site-packages/iotop/ui.pyo", "size_i": "23810", "regex": "false"},
	{"name_s": "/usr/lib/python2.6/site-packages/iotop/version.py", "size_i": "18", "regex": "false"},
	{"name_s": "/usr/lib/python2.6/site-packages/iotop/version.pyc", "size_i": "164", "regex": "false"},
	{"name_s": "/usr/lib/python2.6/site-packages/iotop/version.pyo", "size_i": "164", "regex": "false"},
	{"name_s": "/usr/lib/python2.6/site-packages/iotop/vmstat.py", "size_i": "748", "regex": "false"},
	{"name_s": "/usr/lib/python2.6/site-packages/iotop/vmstat.pyc", "size_i": "1437", "regex": "false"},
	{"name_s": "/usr/lib/python2.6/site-packages/iotop/vmstat.pyo", "size_i": "1437", "regex": "false"},
	{"name_s": "/usr/sbin/iotop", "size_i": "452", "regex": "false"},
	{"name_s": "/usr/share/doc/iotop-0.3.2", "size_i": "4096", "regex": "false"},
	{"name_s": "/usr/share/doc/iotop-0.3.2/COPYING", "size_i": "17989", "regex": "false"},
	{"name_s": "/usr/share/doc/iotop-0.3.2/NEWS", "size_i": "976", "regex": "false"},
	{"name_s": "/usr/share/doc/iotop-0.3.2/README", "size_i": "597", "regex": "false"},
	{"name_s": "/usr/share/doc/iotop-0.3.2/THANKS", "size_i": "878", "regex": "false"},
	{"name_s": "/usr/share/man/man8/iotop.8.gz", "size_i": "1728", "regex": "false"}
]
