[
	{"name_s": "/etc/logrotate.d/iptraf", "size_i": "135", "regex": "false"},
	{"name_s": "/usr/bin/iptraf", "size_i": "173848", "regex": "false"},
	{"name_s": "/usr/bin/rvnamed", "size_i": "11536", "regex": "false"},
	{"name_s": "/usr/share/doc/iptraf-3.0.1", "size_i": "4096", "regex": "false"},
	{"name_s": "/usr/share/doc/iptraf-3.0.1/CHANGES", "size_i": "37552", "regex": "false"},
	{"name_s": "/usr/share/doc/iptraf-3.0.1/Documentation", "size_i": "4096", "regex": "false"},
	{"name_s": "/usr/share/doc/iptraf-3.0.1/Documentation/backop.html", "size_i": "4445", "regex": "false"},
	{"name_s": "/usr/share/doc/iptraf-3.0.1/Documentation/cmdline.html", "size_i": "7309", "regex": "false"},
	{"name_s": "/usr/share/doc/iptraf-3.0.1/Documentation/config.html", "size_i": "11202", "regex": "false"},
	{"name_s": "/usr/share/doc/iptraf-3.0.1/Documentation/conventions.html", "size_i": "3743", "regex": "false"},
	{"name_s": "/usr/share/doc/iptraf-3.0.1/Documentation/customports.html", "size_i": "6693", "regex": "false"},
	{"name_s": "/usr/share/doc/iptraf-3.0.1/Documentation/detstats.html", "size_i": "7386", "regex": "false"},
	{"name_s": "/usr/share/doc/iptraf-3.0.1/Documentation/exiting.html", "size_i": "2488", "regex": "false"},
	{"name_s": "/usr/share/doc/iptraf-3.0.1/Documentation/filters.html", "size_i": "40740", "regex": "false"},
	{"name_s": "/usr/share/doc/iptraf-3.0.1/Documentation/gettingstarted.html", "size_i": "3550", "regex": "false"},
	{"name_s": "/usr/share/doc/iptraf-3.0.1/Documentation/gfdl-1.html", "size_i": "5229", "regex": "false"},
	{"name_s": "/usr/share/doc/iptraf-3.0.1/Documentation/gfdl-10.html", "size_i": "2826", "regex": "false"},
	{"name_s": "/usr/share/doc/iptraf-3.0.1/Documentation/gfdl-11.html", "size_i": "3048", "regex": "false"},
	{"name_s": "/usr/share/doc/iptraf-3.0.1/Documentation/gfdl-2.html", "size_i": "2606", "regex": "false"},
	{"name_s": "/usr/share/doc/iptraf-3.0.1/Documentation/gfdl-3.html", "size_i": "3937", "regex": "false"},
	{"name_s": "/usr/share/doc/iptraf-3.0.1/Documentation/gfdl-4.html", "size_i": "7132", "regex": "false"},
	{"name_s": "/usr/share/doc/iptraf-3.0.1/Documentation/gfdl-5.html", "size_i": "3098", "regex": "false"},
	{"name_s": "/usr/share/doc/iptraf-3.0.1/Documentation/gfdl-6.html", "size_i": "2540", "regex": "false"},
	{"name_s": "/usr/share/doc/iptraf-3.0.1/Documentation/gfdl-7.html", "size_i": "2786", "regex": "false"},
	{"name_s": "/usr/share/doc/iptraf-3.0.1/Documentation/gfdl-8.html", "size_i": "2508", "regex": "false"},
	{"name_s": "/usr/share/doc/iptraf-3.0.1/Documentation/gfdl-9.html", "size_i": "2297", "regex": "false"},
	{"name_s": "/usr/share/doc/iptraf-3.0.1/Documentation/gfdl.html", "size_i": "3412", "regex": "false"},
	{"name_s": "/usr/share/doc/iptraf-3.0.1/Documentation/hostmon.html", "size_i": "4745", "regex": "false"},
	{"name_s": "/usr/share/doc/iptraf-3.0.1/Documentation/ifaces.html", "size_i": "5701", "regex": "false"},
	{"name_s": "/usr/share/doc/iptraf-3.0.1/Documentation/installation.html", "size_i": "10793", "regex": "false"},
	{"name_s": "/usr/share/doc/iptraf-3.0.1/Documentation/instances.html", "size_i": "3611", "regex": "false"},
	{"name_s": "/usr/share/doc/iptraf-3.0.1/Documentation/iptraf-configmenu.png", "size_i": "7013", "regex": "false"},
	{"name_s": "/usr/share/doc/iptraf-3.0.1/Documentation/iptraf-dstat1.png", "size_i": "6357", "regex": "false"},
	{"name_s": "/usr/share/doc/iptraf-3.0.1/Documentation/iptraf-editfilter.png", "size_i": "4909", "regex": "false"},
	{"name_s": "/usr/share/doc/iptraf-3.0.1/Documentation/iptraf-filtermenu.png", "size_i": "4576", "regex": "false"},
	{"name_s": "/usr/share/doc/iptraf-3.0.1/Documentation/iptraf-gstat1.png", "size_i": "2133", "regex": "false"},
	{"name_s": "/usr/share/doc/iptraf-3.0.1/Documentation/iptraf-hw.png", "size_i": "5533", "regex": "false"},
	{"name_s": "/usr/share/doc/iptraf-3.0.1/Documentation/iptraf-hwsort.png", "size_i": "9774", "regex": "false"},
	{"name_s": "/usr/share/doc/iptraf-3.0.1/Documentation/iptraf-ipfltdlg.png", "size_i": "8864", "regex": "false"},
	{"name_s": "/usr/share/doc/iptraf-3.0.1/Documentation/iptraf-ipfltlist.png", "size_i": "4167", "regex": "false"},
	{"name_s": "/usr/share/doc/iptraf-3.0.1/Documentation/iptraf-ipfltmenu.png", "size_i": "4736", "regex": "false"},
	{"name_s": "/usr/share/doc/iptraf-3.0.1/Documentation/iptraf-ipfltnamedlg.png", "size_i": "4400", "regex": "false"},
	{"name_s": "/usr/share/doc/iptraf-3.0.1/Documentation/iptraf-iptm1.png", "size_i": "12368", "regex": "false"},
	{"name_s": "/usr/share/doc/iptraf-3.0.1/Documentation/iptraf-iptmsort.png", "size_i": "11705", "regex": "false"},
	{"name_s": "/usr/share/doc/iptraf-3.0.1/Documentation/iptraf-logprompt.png", "size_i": "5549", "regex": "false"},
	{"name_s": "/usr/share/doc/iptraf-3.0.1/Documentation/iptraf-mmenu.png", "size_i": "3925", "regex": "false"},
	{"name_s": "/usr/share/doc/iptraf-3.0.1/Documentation/iptraf-othipfltdefine.png", "size_i": "5134", "regex": "false"},
	{"name_s": "/usr/share/doc/iptraf-3.0.1/Documentation/iptraf-othipfltdlg.png", "size_i": "8148", "regex": "false"},
	{"name_s": "/usr/share/doc/iptraf-3.0.1/Documentation/iptraf-othipfltselect.png", "size_i": "4532", "regex": "false"},
	{"name_s": "/usr/share/doc/iptraf-3.0.1/Documentation/iptraf-pktsize.png", "size_i": "7379", "regex": "false"},
	{"name_s": "/usr/share/doc/iptraf-3.0.1/Documentation/iptraf-tcpflt-dlg2.png", "size_i": "6728", "regex": "false"},
	{"name_s": "/usr/share/doc/iptraf-3.0.1/Documentation/iptraf-tcpfltmenu.png", "size_i": "5716", "regex": "false"},
	{"name_s": "/usr/share/doc/iptraf-3.0.1/Documentation/iptraf-tcpudp.png", "size_i": "9398", "regex": "false"},
	{"name_s": "/usr/share/doc/iptraf-3.0.1/Documentation/iptraf-tcpudpsort.png", "size_i": "10159", "regex": "false"},
	{"name_s": "/usr/share/doc/iptraf-3.0.1/Documentation/iptraf-timermenu.png", "size_i": "7608", "regex": "false"},
	{"name_s": "/usr/share/doc/iptraf-3.0.1/Documentation/itrafmon.html", "size_i": "17587", "regex": "false"},
	{"name_s": "/usr/share/doc/iptraf-3.0.1/Documentation/ln9.html", "size_i": "2351", "regex": "false"},
	{"name_s": "/usr/share/doc/iptraf-3.0.1/Documentation/lowerwin.html", "size_i": "13879", "regex": "false"},
	{"name_s": "/usr/share/doc/iptraf-3.0.1/Documentation/manual.html", "size_i": "6994", "regex": "false"},
	{"name_s": "/usr/share/doc/iptraf-3.0.1/Documentation/menus.html", "size_i": "2480", "regex": "false"},
	{"name_s": "/usr/share/doc/iptraf-3.0.1/Documentation/messages.html", "size_i": "22323", "regex": "false"},
	{"name_s": "/usr/share/doc/iptraf-3.0.1/Documentation/morelanmoninfo.html", "size_i": "2123", "regex": "false"},
	{"name_s": "/usr/share/doc/iptraf-3.0.1/Documentation/netstats.html", "size_i": "4332", "regex": "false"},
	{"name_s": "/usr/share/doc/iptraf-3.0.1/Documentation/nonipfilters.html", "size_i": "1982", "regex": "false"},
	{"name_s": "/usr/share/doc/iptraf-3.0.1/Documentation/preface.html", "size_i": "2451", "regex": "false"},
	{"name_s": "/usr/share/doc/iptraf-3.0.1/Documentation/preparingtouse.html", "size_i": "3199", "regex": "false"},
	{"name_s": "/usr/share/doc/iptraf-3.0.1/Documentation/rvnamedmessages.html", "size_i": "4558", "regex": "false"},
	{"name_s": "/usr/share/doc/iptraf-3.0.1/Documentation/servmon.html", "size_i": "6291", "regex": "false"},
	{"name_s": "/usr/share/doc/iptraf-3.0.1/Documentation/startstop.html", "size_i": "4890", "regex": "false"},
	{"name_s": "/usr/share/doc/iptraf-3.0.1/Documentation/statbreakdowns.html", "size_i": "4009", "regex": "false"},
	{"name_s": "/usr/share/doc/iptraf-3.0.1/Documentation/stylesheet-images", "size_i": "4096", "regex": "false"},
	{"name_s": "/usr/share/doc/iptraf-3.0.1/Documentation/stylesheet-images/next.gif", "size_i": "964", "regex": "false"},
	{"name_s": "/usr/share/doc/iptraf-3.0.1/Documentation/stylesheet-images/note.gif", "size_i": "1070", "regex": "false"},
	{"name_s": "/usr/share/doc/iptraf-3.0.1/Documentation/stylesheet-images/prev.gif", "size_i": "944", "regex": "false"},
	{"name_s": "/usr/share/doc/iptraf-3.0.1/Documentation/stylesheet-images/tip.gif", "size_i": "1029", "regex": "false"},
	{"name_s": "/usr/share/doc/iptraf-3.0.1/Documentation/stylesheet-images/up.gif", "size_i": "922", "regex": "false"},
	{"name_s": "/usr/share/doc/iptraf-3.0.1/Documentation/timers.html", "size_i": "6603", "regex": "false"},
	{"name_s": "/usr/share/doc/iptraf-3.0.1/Documentation/updates.html", "size_i": "2298", "regex": "false"},
	{"name_s": "/usr/share/doc/iptraf-3.0.1/Documentation/upgrading.html", "size_i": "2373", "regex": "false"},
	{"name_s": "/usr/share/doc/iptraf-3.0.1/Documentation/x1077.html", "size_i": "3030", "regex": "false"},
	{"name_s": "/usr/share/doc/iptraf-3.0.1/FAQ", "size_i": "3801", "regex": "false"},
	{"name_s": "/usr/share/doc/iptraf-3.0.1/INSTALL", "size_i": "2189", "regex": "false"},
	{"name_s": "/usr/share/doc/iptraf-3.0.1/LICENSE", "size_i": "18271", "regex": "false"},
	{"name_s": "/usr/share/doc/iptraf-3.0.1/README", "size_i": "3150", "regex": "false"},
	{"name_s": "/usr/share/doc/iptraf-3.0.1/README.contact", "size_i": "1475", "regex": "false"},
	{"name_s": "/usr/share/doc/iptraf-3.0.1/README.interfaces", "size_i": "2623", "regex": "false"},
	{"name_s": "/usr/share/doc/iptraf-3.0.1/README.platforms", "size_i": "953", "regex": "false"},
	{"name_s": "/usr/share/doc/iptraf-3.0.1/README.rvnamed", "size_i": "2578", "regex": "false"},
	{"name_s": "/usr/share/doc/iptraf-3.0.1/RELEASE-NOTES", "size_i": "4362", "regex": "false"},
	{"name_s": "/usr/share/man/man8/iptraf.8.gz", "size_i": "1346", "regex": "false"},
	{"name_s": "/usr/share/man/man8/rvnamed.8.gz", "size_i": "444", "regex": "false"},
	{"name_s": "/var/lib/iptraf", "size_i": "4096", "regex": "false"},
	{"name_s": "/var/lock/iptraf", "size_i": "4096", "regex": "false"},
	{"name_s": "/var/log/iptraf", "size_i": "4096", "regex": "false"}
]
