[
	{"name_s": "/usr/bin/gphoto2-config", "size_i": "872", "regex": "false"},
	{"name_s": "/usr/bin/gphoto2-port-config", "size_i": "897", "regex": "false"},
	{"name_s": "/usr/include/gphoto2", "size_i": "4096", "regex": "false"},
	{"name_s": "/usr/include/gphoto2/gphoto2", "size_i": "1", "regex": "false"},
	{"name_s": "/usr/include/gphoto2/gphoto2-abilities-list.h", "size_i": "7648", "regex": "false"},
	{"name_s": "/usr/include/gphoto2/gphoto2-camera.h", "size_i": "13472", "regex": "false"},
	{"name_s": "/usr/include/gphoto2/gphoto2-context.h", "size_i": "5439", "regex": "false"},
	{"name_s": "/usr/include/gphoto2/gphoto2-file.h", "size_i": "5971", "regex": "false"},
	{"name_s": "/usr/include/gphoto2/gphoto2-filesys.h", "size_i": "15491", "regex": "false"},
	{"name_s": "/usr/include/gphoto2/gphoto2-library.h", "size_i": "2267", "regex": "false"},
	{"name_s": "/usr/include/gphoto2/gphoto2-list.h", "size_i": "2928", "regex": "false"},
	{"name_s": "/usr/include/gphoto2/gphoto2-port-info-list.h", "size_i": "3123", "regex": "false"},
	{"name_s": "/usr/include/gphoto2/gphoto2-port-log.h", "size_i": "5332", "regex": "false"},
	{"name_s": "/usr/include/gphoto2/gphoto2-port-portability.h", "size_i": "6583", "regex": "false"},
	{"name_s": "/usr/include/gphoto2/gphoto2-port-result.h", "size_i": "3028", "regex": "false"},
	{"name_s": "/usr/include/gphoto2/gphoto2-port-version.h", "size_i": "1334", "regex": "false"},
	{"name_s": "/usr/include/gphoto2/gphoto2-port.h", "size_i": "7828", "regex": "false"},
	{"name_s": "/usr/include/gphoto2/gphoto2-result.h", "size_i": "3936", "regex": "false"},
	{"name_s": "/usr/include/gphoto2/gphoto2-setting.h", "size_i": "1144", "regex": "false"},
	{"name_s": "/usr/include/gphoto2/gphoto2-version.h", "size_i": "1129", "regex": "false"},
	{"name_s": "/usr/include/gphoto2/gphoto2-widget.h", "size_i": "4735", "regex": "false"},
	{"name_s": "/usr/include/gphoto2/gphoto2.h", "size_i": "1495", "regex": "false"},
	{"name_s": "/usr/lib64/libgphoto2.so", "size_i": "19", "regex": "false"},
	{"name_s": "/usr/lib64/libgphoto2_port.so", "size_i": "24", "regex": "false"},
	{"name_s": "/usr/lib64/pkgconfig/libgphoto2.pc", "size_i": "369", "regex": "false"},
	{"name_s": "/usr/lib64/pkgconfig/libgphoto2_port.pc", "size_i": "352", "regex": "false"},
	{"name_s": "/usr/share/doc/libgphoto2", "size_i": "4096", "regex": "false"},
	{"name_s": "/usr/share/doc/libgphoto2/ABOUT-NLS", "size_i": "53838", "regex": "false"},
	{"name_s": "/usr/share/doc/libgphoto2/AUTHORS", "size_i": "2282", "regex": "false"},
	{"name_s": "/usr/share/doc/libgphoto2/COPYING", "size_i": "26428", "regex": "false"},
	{"name_s": "/usr/share/doc/libgphoto2/ChangeLog", "size_i": "217453", "regex": "false"},
	{"name_s": "/usr/share/doc/libgphoto2/NEWS", "size_i": "34668", "regex": "false"},
	{"name_s": "/usr/share/doc/libgphoto2/README", "size_i": "5002", "regex": "false"},
	{"name_s": "/usr/share/doc/libgphoto2/README.packaging", "size_i": "4458", "regex": "false"},
	{"name_s": "/usr/share/doc/libgphoto2/camlibs", "size_i": "4096", "regex": "false"},
	{"name_s": "/usr/share/doc/libgphoto2/camlibs/README.9050", "size_i": "3198", "regex": "false"},
	{"name_s": "/usr/share/doc/libgphoto2/camlibs/README.905C", "size_i": "14801", "regex": "false"},
	{"name_s": "/usr/share/doc/libgphoto2/camlibs/README.913C", "size_i": "4284", "regex": "false"},
	{"name_s": "/usr/share/doc/libgphoto2/camlibs/README.913D", "size_i": "3729", "regex": "false"},
	{"name_s": "/usr/share/doc/libgphoto2/camlibs/README.adc65", "size_i": "2849", "regex": "false"},
	{"name_s": "/usr/share/doc/libgphoto2/camlibs/README.agfa-cl20", "size_i": "330", "regex": "false"},
	{"name_s": "/usr/share/doc/libgphoto2/camlibs/README.aox", "size_i": "6131", "regex": "false"},
	{"name_s": "/usr/share/doc/libgphoto2/camlibs/README.canon", "size_i": "10252", "regex": "false"},
	{"name_s": "/usr/share/doc/libgphoto2/camlibs/README.clicksmart310", "size_i": "2360", "regex": "false"},
	{"name_s": "/usr/share/doc/libgphoto2/camlibs/README.enigma13", "size_i": "334", "regex": "false"},
	{"name_s": "/usr/share/doc/libgphoto2/camlibs/README.gsmart300", "size_i": "1348", "regex": "false"},
	{"name_s": "/usr/share/doc/libgphoto2/camlibs/README.iclick", "size_i": "4361", "regex": "false"},
	{"name_s": "/usr/share/doc/libgphoto2/camlibs/README.jamcam", "size_i": "573", "regex": "false"},
	{"name_s": "/usr/share/doc/libgphoto2/camlibs/README.jl2005a", "size_i": "6432", "regex": "false"},
	{"name_s": "/usr/share/doc/libgphoto2/camlibs/README.jl2005c", "size_i": "9688", "regex": "false"},
	{"name_s": "/usr/share/doc/libgphoto2/camlibs/README.konica", "size_i": "1067", "regex": "false"},
	{"name_s": "/usr/share/doc/libgphoto2/camlibs/README.largan-lmini", "size_i": "100", "regex": "false"},
	{"name_s": "/usr/share/doc/libgphoto2/camlibs/README.lg_gsm", "size_i": "779", "regex": "false"},
	{"name_s": "/usr/share/doc/libgphoto2/camlibs/README.mars", "size_i": "13579", "regex": "false"},
	{"name_s": "/usr/share/doc/libgphoto2/camlibs/README.minolta-dimagev", "size_i": "2914", "regex": "false"},
	{"name_s": "/usr/share/doc/libgphoto2/camlibs/README.mustek", "size_i": "1457", "regex": "false"},
	{"name_s": "/usr/share/doc/libgphoto2/camlibs/README.panasonic", "size_i": "2184", "regex": "false"},
	{"name_s": "/usr/share/doc/libgphoto2/camlibs/README.panasonic-coolshot", "size_i": "637", "regex": "false"},
	{"name_s": "/usr/share/doc/libgphoto2/camlibs/README.panasonic-l859", "size_i": "906", "regex": "false"},
	{"name_s": "/usr/share/doc/libgphoto2/camlibs/README.pccam300", "size_i": "743", "regex": "false"},
	{"name_s": "/usr/share/doc/libgphoto2/camlibs/README.pccam600", "size_i": "312", "regex": "false"},
	{"name_s": "/usr/share/doc/libgphoto2/camlibs/README.ptp2", "size_i": "7191", "regex": "false"},
	{"name_s": "/usr/share/doc/libgphoto2/camlibs/README.smal", "size_i": "1212", "regex": "false"},
	{"name_s": "/usr/share/doc/libgphoto2/camlibs/README.sonix", "size_i": "6090", "regex": "false"},
	{"name_s": "/usr/share/doc/libgphoto2/camlibs/README.sonydscf1", "size_i": "77", "regex": "false"},
	{"name_s": "/usr/share/doc/libgphoto2/camlibs/README.soundvision", "size_i": "1139", "regex": "false"},
	{"name_s": "/usr/share/doc/libgphoto2/camlibs/README.spca50x", "size_i": "4831", "regex": "false"},
	{"name_s": "/usr/share/doc/libgphoto2/camlibs/README.sq905", "size_i": "12411", "regex": "false"},
	{"name_s": "/usr/share/doc/libgphoto2/camlibs/README.toshiba-pdrm11", "size_i": "1210", "regex": "false"},
	{"name_s": "/usr/share/doc/libgphoto2/linux-hotplug", "size_i": "4096", "regex": "false"},
	{"name_s": "/usr/share/doc/libgphoto2/linux-hotplug/usbcam.console", "size_i": "1683", "regex": "false"},
	{"name_s": "/usr/share/doc/libgphoto2/linux-hotplug/usbcam.group", "size_i": "1117", "regex": "false"},
	{"name_s": "/usr/share/doc/libgphoto2/linux-hotplug/usbcam.user", "size_i": "1007", "regex": "false"},
	{"name_s": "/usr/share/doc/libgphoto2/linux-hotplug/usbcam.x11-app", "size_i": "1624", "regex": "false"},
	{"name_s": "/usr/share/libgphoto2", "size_i": "4096", "regex": "false"},
	{"name_s": "/usr/share/libgphoto2/2.4.7", "size_i": "4096", "regex": "false"},
	{"name_s": "/usr/share/libgphoto2/2.4.7/konica", "size_i": "4096", "regex": "false"},
	{"name_s": "/usr/share/libgphoto2/2.4.7/konica/english", "size_i": "118596", "regex": "false"},
	{"name_s": "/usr/share/libgphoto2/2.4.7/konica/french", "size_i": "120953", "regex": "false"},
	{"name_s": "/usr/share/libgphoto2/2.4.7/konica/german", "size_i": "121074", "regex": "false"},
	{"name_s": "/usr/share/libgphoto2/2.4.7/konica/japanese", "size_i": "123328", "regex": "false"},
	{"name_s": "/usr/share/libgphoto2/2.4.7/konica/korean", "size_i": "123485", "regex": "false"},
	{"name_s": "/usr/share/libgphoto2/2.4.7/konica/spanish", "size_i": "121202", "regex": "false"},
	{"name_s": "/usr/share/man/man3/libgphoto2.3.gz", "size_i": "1108", "regex": "false"},
	{"name_s": "/usr/share/man/man3/libgphoto2_port.3.gz", "size_i": "1008", "regex": "false"}
]
