[
	{"name_s": "/usr/include/libvirt", "size_i": "4096", "regex": "false"},
	{"name_s": "/usr/include/libvirt/libvirt-qemu.h", "size_i": "2040", "regex": "false"},
	{"name_s": "/usr/include/libvirt/libvirt.h", "size_i": "166570", "regex": "false"},
	{"name_s": "/usr/include/libvirt/virterror.h", "size_i": "14995", "regex": "false"},
	{"name_s": "/usr/lib64/libvirt-qemu.so", "size_i": "22", "regex": "false"},
	{"name_s": "/usr/lib64/libvirt.so", "size_i": "17", "regex": "false"},
	{"name_s": "/usr/lib64/pkgconfig/libvirt.pc", "size_i": "339", "regex": "false"},
	{"name_s": "/usr/share/doc/libvirt-devel-0.10.2.8", "size_i": "4096", "regex": "false"},
	{"name_s": "/usr/share/doc/libvirt-devel-0.10.2.8/404.html", "size_i": "4119", "regex": "false"},
	{"name_s": "/usr/share/doc/libvirt-devel-0.10.2.8/api.html", "size_i": "14971", "regex": "false"},
	{"name_s": "/usr/share/doc/libvirt-devel-0.10.2.8/api_extension.html", "size_i": "26705", "regex": "false"},
	{"name_s": "/usr/share/doc/libvirt-devel-0.10.2.8/apps.html", "size_i": "20157", "regex": "false"},
	{"name_s": "/usr/share/doc/libvirt-devel-0.10.2.8/archdomain.html", "size_i": "6983", "regex": "false"},
	{"name_s": "/usr/share/doc/libvirt-devel-0.10.2.8/architecture.gif", "size_i": "5571", "regex": "false"},
	{"name_s": "/usr/share/doc/libvirt-devel-0.10.2.8/architecture.html", "size_i": "8712", "regex": "false"},
	{"name_s": "/usr/share/doc/libvirt-devel-0.10.2.8/archnetwork.html", "size_i": "9062", "regex": "false"},
	{"name_s": "/usr/share/doc/libvirt-devel-0.10.2.8/archnode.html", "size_i": "6989", "regex": "false"},
	{"name_s": "/usr/share/doc/libvirt-devel-0.10.2.8/archstorage.html", "size_i": "7819", "regex": "false"},
	{"name_s": "/usr/share/doc/libvirt-devel-0.10.2.8/auth.html", "size_i": "20600", "regex": "false"},
	{"name_s": "/usr/share/doc/libvirt-devel-0.10.2.8/bindings.html", "size_i": "9465", "regex": "false"},
	{"name_s": "/usr/share/doc/libvirt-devel-0.10.2.8/bugs.html", "size_i": "10431", "regex": "false"},
	{"name_s": "/usr/share/doc/libvirt-devel-0.10.2.8/compiling.html", "size_i": "9113", "regex": "false"},
	{"name_s": "/usr/share/doc/libvirt-devel-0.10.2.8/contact.html", "size_i": "7097", "regex": "false"},
	{"name_s": "/usr/share/doc/libvirt-devel-0.10.2.8/csharp.html", "size_i": "58593", "regex": "false"},
	{"name_s": "/usr/share/doc/libvirt-devel-0.10.2.8/deployment.html", "size_i": "9077", "regex": "false"},
	{"name_s": "/usr/share/doc/libvirt-devel-0.10.2.8/devguide.html", "size_i": "7496", "regex": "false"},
	{"name_s": "/usr/share/doc/libvirt-devel-0.10.2.8/docs.html", "size_i": "5581", "regex": "false"},
	{"name_s": "/usr/share/doc/libvirt-devel-0.10.2.8/dominfo", "size_i": "4096", "regex": "false"},
	{"name_s": "/usr/share/doc/libvirt-devel-0.10.2.8/dominfo/Makefile.am", "size_i": "336", "regex": "false"},
	{"name_s": "/usr/share/doc/libvirt-devel-0.10.2.8/dominfo/info1.c", "size_i": "1523", "regex": "false"},
	{"name_s": "/usr/share/doc/libvirt-devel-0.10.2.8/domsuspend", "size_i": "4096", "regex": "false"},
	{"name_s": "/usr/share/doc/libvirt-devel-0.10.2.8/domsuspend/Makefile.am", "size_i": "346", "regex": "false"},
	{"name_s": "/usr/share/doc/libvirt-devel-0.10.2.8/domsuspend/suspend.c", "size_i": "3550", "regex": "false"},
	{"name_s": "/usr/share/doc/libvirt-devel-0.10.2.8/downloads.html", "size_i": "7248", "regex": "false"},
	{"name_s": "/usr/share/doc/libvirt-devel-0.10.2.8/drivers.html", "size_i": "10728", "regex": "false"},
	{"name_s": "/usr/share/doc/libvirt-devel-0.10.2.8/drvesx.html", "size_i": "41558", "regex": "false"},
	{"name_s": "/usr/share/doc/libvirt-devel-0.10.2.8/drvhyperv.html", "size_i": "12446", "regex": "false"},
	{"name_s": "/usr/share/doc/libvirt-devel-0.10.2.8/drvlxc.html", "size_i": "12317", "regex": "false"},
	{"name_s": "/usr/share/doc/libvirt-devel-0.10.2.8/drvopenvz.html", "size_i": "13004", "regex": "false"},
	{"name_s": "/usr/share/doc/libvirt-devel-0.10.2.8/drvparallels.html", "size_i": "6159", "regex": "false"},
	{"name_s": "/usr/share/doc/libvirt-devel-0.10.2.8/drvqemu.html", "size_i": "38485", "regex": "false"},
	{"name_s": "/usr/share/doc/libvirt-devel-0.10.2.8/drvremote.html", "size_i": "8278", "regex": "false"},
	{"name_s": "/usr/share/doc/libvirt-devel-0.10.2.8/drvtest.html", "size_i": "9067", "regex": "false"},
	{"name_s": "/usr/share/doc/libvirt-devel-0.10.2.8/drvuml.html", "size_i": "11534", "regex": "false"},
	{"name_s": "/usr/share/doc/libvirt-devel-0.10.2.8/drvvbox.html", "size_i": "11739", "regex": "false"},
	{"name_s": "/usr/share/doc/libvirt-devel-0.10.2.8/drvvmware.html", "size_i": "10653", "regex": "false"},
	{"name_s": "/usr/share/doc/libvirt-devel-0.10.2.8/drvxen.html", "size_i": "21040", "regex": "false"},
	{"name_s": "/usr/share/doc/libvirt-devel-0.10.2.8/errors.html", "size_i": "8880", "regex": "false"},
	{"name_s": "/usr/share/doc/libvirt-devel-0.10.2.8/events-c", "size_i": "4096", "regex": "false"},
	{"name_s": "/usr/share/doc/libvirt-devel-0.10.2.8/events-c/Makefile.am", "size_i": "407", "regex": "false"},
	{"name_s": "/usr/share/doc/libvirt-devel-0.10.2.8/events-c/event-test.c", "size_i": "22973", "regex": "false"},
	{"name_s": "/usr/share/doc/libvirt-devel-0.10.2.8/firewall.html", "size_i": "30988", "regex": "false"},
	{"name_s": "/usr/share/doc/libvirt-devel-0.10.2.8/format.html", "size_i": "7586", "regex": "false"},
	{"name_s": "/usr/share/doc/libvirt-devel-0.10.2.8/formatcaps.html", "size_i": "11503", "regex": "false"},
	{"name_s": "/usr/share/doc/libvirt-devel-0.10.2.8/formatdomain.html", "size_i": "186966", "regex": "false"},
	{"name_s": "/usr/share/doc/libvirt-devel-0.10.2.8/formatnetwork.html", "size_i": "45844", "regex": "false"},
	{"name_s": "/usr/share/doc/libvirt-devel-0.10.2.8/formatnode.html", "size_i": "16160", "regex": "false"},
	{"name_s": "/usr/share/doc/libvirt-devel-0.10.2.8/formatnwfilter.html", "size_i": "87860", "regex": "false"},
	{"name_s": "/usr/share/doc/libvirt-devel-0.10.2.8/formatsecret.html", "size_i": "10506", "regex": "false"},
	{"name_s": "/usr/share/doc/libvirt-devel-0.10.2.8/formatsnapshot.html", "size_i": "20828", "regex": "false"},
	{"name_s": "/usr/share/doc/libvirt-devel-0.10.2.8/formatstorage.html", "size_i": "29228", "regex": "false"},
	{"name_s": "/usr/share/doc/libvirt-devel-0.10.2.8/formatstorageencryption.html", "size_i": "11001", "regex": "false"},
	{"name_s": "/usr/share/doc/libvirt-devel-0.10.2.8/goals.html", "size_i": "10443", "regex": "false"},
	{"name_s": "/usr/share/doc/libvirt-devel-0.10.2.8/hacking.html", "size_i": "37973", "regex": "false"},
	{"name_s": "/usr/share/doc/libvirt-devel-0.10.2.8/hellolibvirt", "size_i": "4096", "regex": "false"},
	{"name_s": "/usr/share/doc/libvirt-devel-0.10.2.8/hellolibvirt/Makefile.am", "size_i": "313", "regex": "false"},
	{"name_s": "/usr/share/doc/libvirt-devel-0.10.2.8/hellolibvirt/hellolibvirt.c", "size_i": "4704", "regex": "false"},
	{"name_s": "/usr/share/doc/libvirt-devel-0.10.2.8/hooks.html", "size_i": "22090", "regex": "false"},
	{"name_s": "/usr/share/doc/libvirt-devel-0.10.2.8/html", "size_i": "4096", "regex": "false"},
	{"name_s": "/usr/share/doc/libvirt-devel-0.10.2.8/html/home.png", "size_i": "654", "regex": "false"},
	{"name_s": "/usr/share/doc/libvirt-devel-0.10.2.8/html/index.html", "size_i": "4794", "regex": "false"},
	{"name_s": "/usr/share/doc/libvirt-devel-0.10.2.8/html/left.png", "size_i": "459", "regex": "false"},
	{"name_s": "/usr/share/doc/libvirt-devel-0.10.2.8/html/libvirt-libvirt.html", "size_i": "767776", "regex": "false"},
	{"name_s": "/usr/share/doc/libvirt-devel-0.10.2.8/html/libvirt-virterror.html", "size_i": "41744", "regex": "false"},
	{"name_s": "/usr/share/doc/libvirt-devel-0.10.2.8/html/right.png", "size_i": "472", "regex": "false"},
	{"name_s": "/usr/share/doc/libvirt-devel-0.10.2.8/html/up.png", "size_i": "406", "regex": "false"},
	{"name_s": "/usr/share/doc/libvirt-devel-0.10.2.8/hvsupport.html", "size_i": "85015", "regex": "false"},
	{"name_s": "/usr/share/doc/libvirt-devel-0.10.2.8/index.html", "size_i": "5964", "regex": "false"},
	{"name_s": "/usr/share/doc/libvirt-devel-0.10.2.8/internals.html", "size_i": "7329", "regex": "false"},
	{"name_s": "/usr/share/doc/libvirt-devel-0.10.2.8/intro.html", "size_i": "7224", "regex": "false"},
	{"name_s": "/usr/share/doc/libvirt-devel-0.10.2.8/java.html", "size_i": "12657", "regex": "false"},
	{"name_s": "/usr/share/doc/libvirt-devel-0.10.2.8/libvirt-api.xml", "size_i": "541302", "regex": "false"},
	{"name_s": "/usr/share/doc/libvirt-devel-0.10.2.8/locking.html", "size_i": "15526", "regex": "false"},
	{"name_s": "/usr/share/doc/libvirt-devel-0.10.2.8/logging.html", "size_i": "16655", "regex": "false"},
	{"name_s": "/usr/share/doc/libvirt-devel-0.10.2.8/migration.html", "size_i": "31546", "regex": "false"},
	{"name_s": "/usr/share/doc/libvirt-devel-0.10.2.8/news.html", "size_i": "707293", "regex": "false"},
	{"name_s": "/usr/share/doc/libvirt-devel-0.10.2.8/node.gif", "size_i": "1397", "regex": "false"},
	{"name_s": "/usr/share/doc/libvirt-devel-0.10.2.8/openauth", "size_i": "4096", "regex": "false"},
	{"name_s": "/usr/share/doc/libvirt-devel-0.10.2.8/openauth/Makefile.am", "size_i": "293", "regex": "false"},
	{"name_s": "/usr/share/doc/libvirt-devel-0.10.2.8/openauth/openauth.c", "size_i": "6821", "regex": "false"},
	{"name_s": "/usr/share/doc/libvirt-devel-0.10.2.8/pending.html", "size_i": "4139", "regex": "false"},
	{"name_s": "/usr/share/doc/libvirt-devel-0.10.2.8/php.html", "size_i": "7437", "regex": "false"},
	{"name_s": "/usr/share/doc/libvirt-devel-0.10.2.8/python.html", "size_i": "10193", "regex": "false"},
	{"name_s": "/usr/share/doc/libvirt-devel-0.10.2.8/relatedlinks.html", "size_i": "6105", "regex": "false"},
	{"name_s": "/usr/share/doc/libvirt-devel-0.10.2.8/remote.html", "size_i": "36666", "regex": "false"},
	{"name_s": "/usr/share/doc/libvirt-devel-0.10.2.8/sitemap.html", "size_i": "16107", "regex": "false"},
	{"name_s": "/usr/share/doc/libvirt-devel-0.10.2.8/storage.html", "size_i": "30112", "regex": "false"},
	{"name_s": "/usr/share/doc/libvirt-devel-0.10.2.8/systemtap", "size_i": "4096", "regex": "false"},
	{"name_s": "/usr/share/doc/libvirt-devel-0.10.2.8/systemtap/Makefile.am", "size_i": "140", "regex": "false"},
	{"name_s": "/usr/share/doc/libvirt-devel-0.10.2.8/systemtap/events.stp", "size_i": "3625", "regex": "false"},
	{"name_s": "/usr/share/doc/libvirt-devel-0.10.2.8/systemtap/rpc-monitor.stp", "size_i": "5860", "regex": "false"},
	{"name_s": "/usr/share/doc/libvirt-devel-0.10.2.8/testapi.html", "size_i": "5623", "regex": "false"},
	{"name_s": "/usr/share/doc/libvirt-devel-0.10.2.8/testsuites.html", "size_i": "5660", "regex": "false"},
	{"name_s": "/usr/share/doc/libvirt-devel-0.10.2.8/testtck.html", "size_i": "5872", "regex": "false"},
	{"name_s": "/usr/share/doc/libvirt-devel-0.10.2.8/todo.html", "size_i": "3942", "regex": "false"},
	{"name_s": "/usr/share/doc/libvirt-devel-0.10.2.8/uri.html", "size_i": "20162", "regex": "false"},
	{"name_s": "/usr/share/doc/libvirt-devel-0.10.2.8/virshcmdref.html", "size_i": "8899", "regex": "false"},
	{"name_s": "/usr/share/doc/libvirt-devel-0.10.2.8/windows.html", "size_i": "16124", "regex": "false"},
	{"name_s": "/usr/share/doc/libvirt-devel-0.10.2.8/xml", "size_i": "4096", "regex": "false"},
	{"name_s": "/usr/share/doc/libvirt-devel-0.10.2.8/xml/nwfilter", "size_i": "4096", "regex": "false"},
	{"name_s": "/usr/share/doc/libvirt-devel-0.10.2.8/xml/nwfilter/Makefile.am", "size_i": "911", "regex": "false"},
	{"name_s": "/usr/share/doc/libvirt-devel-0.10.2.8/xml/nwfilter/allow-arp.xml", "size_i": "92", "regex": "false"},
	{"name_s": "/usr/share/doc/libvirt-devel-0.10.2.8/xml/nwfilter/allow-dhcp-server.xml", "size_i": "841", "regex": "false"},
	{"name_s": "/usr/share/doc/libvirt-devel-0.10.2.8/xml/nwfilter/allow-dhcp.xml", "size_i": "695", "regex": "false"},
	{"name_s": "/usr/share/doc/libvirt-devel-0.10.2.8/xml/nwfilter/allow-incoming-ipv4.xml", "size_i": "100", "regex": "false"},
	{"name_s": "/usr/share/doc/libvirt-devel-0.10.2.8/xml/nwfilter/allow-ipv4.xml", "size_i": "94", "regex": "false"},
	{"name_s": "/usr/share/doc/libvirt-devel-0.10.2.8/xml/nwfilter/clean-traffic.xml", "size_i": "947", "regex": "false"},
	{"name_s": "/usr/share/doc/libvirt-devel-0.10.2.8/xml/nwfilter/no-arp-ip-spoofing.xml", "size_i": "353", "regex": "false"},
	{"name_s": "/usr/share/doc/libvirt-devel-0.10.2.8/xml/nwfilter/no-arp-mac-spoofing.xml", "size_i": "284", "regex": "false"},
	{"name_s": "/usr/share/doc/libvirt-devel-0.10.2.8/xml/nwfilter/no-arp-spoofing.xml", "size_i": "142", "regex": "false"},
	{"name_s": "/usr/share/doc/libvirt-devel-0.10.2.8/xml/nwfilter/no-ip-multicast.xml", "size_i": "290", "regex": "false"},
	{"name_s": "/usr/share/doc/libvirt-devel-0.10.2.8/xml/nwfilter/no-ip-spoofing.xml", "size_i": "477", "regex": "false"},
	{"name_s": "/usr/share/doc/libvirt-devel-0.10.2.8/xml/nwfilter/no-mac-broadcast.xml", "size_i": "269", "regex": "false"},
	{"name_s": "/usr/share/doc/libvirt-devel-0.10.2.8/xml/nwfilter/no-mac-spoofing.xml", "size_i": "308", "regex": "false"},
	{"name_s": "/usr/share/doc/libvirt-devel-0.10.2.8/xml/nwfilter/no-other-l2-traffic.xml", "size_i": "247", "regex": "false"},
	{"name_s": "/usr/share/doc/libvirt-devel-0.10.2.8/xml/nwfilter/no-other-rarp-traffic.xml", "size_i": "121", "regex": "false"},
	{"name_s": "/usr/share/doc/libvirt-devel-0.10.2.8/xml/nwfilter/qemu-announce-self-rarp.xml", "size_i": "584", "regex": "false"},
	{"name_s": "/usr/share/doc/libvirt-devel-0.10.2.8/xml/nwfilter/qemu-announce-self.xml", "size_i": "432", "regex": "false"},
	{"name_s": "/usr/share/doc/libvirt-devel-0.10.2.8/xml/storage", "size_i": "4096", "regex": "false"},
	{"name_s": "/usr/share/doc/libvirt-devel-0.10.2.8/xml/storage/pool-dir.xml", "size_i": "113", "regex": "false"},
	{"name_s": "/usr/share/doc/libvirt-devel-0.10.2.8/xml/storage/pool-fs.xml", "size_i": "344", "regex": "false"},
	{"name_s": "/usr/share/doc/libvirt-devel-0.10.2.8/xml/storage/pool-logical.xml", "size_i": "158", "regex": "false"},
	{"name_s": "/usr/share/doc/libvirt-devel-0.10.2.8/xml/storage/pool-netfs.xml", "size_i": "379", "regex": "false"},
	{"name_s": "/usr/share/doc/libvirt-devel-0.10.2.8/xml/storage/vol-cow.xml", "size_i": "194", "regex": "false"},
	{"name_s": "/usr/share/doc/libvirt-devel-0.10.2.8/xml/storage/vol-qcow.xml", "size_i": "196", "regex": "false"},
	{"name_s": "/usr/share/doc/libvirt-devel-0.10.2.8/xml/storage/vol-qcow2.xml", "size_i": "198", "regex": "false"},
	{"name_s": "/usr/share/doc/libvirt-devel-0.10.2.8/xml/storage/vol-raw.xml", "size_i": "159", "regex": "false"},
	{"name_s": "/usr/share/doc/libvirt-devel-0.10.2.8/xml/storage/vol-sparse.xml", "size_i": "149", "regex": "false"},
	{"name_s": "/usr/share/doc/libvirt-devel-0.10.2.8/xml/storage/vol-vmdk.xml", "size_i": "197", "regex": "false"},
	{"name_s": "/usr/share/doc/libvirt-devel-0.10.2.8/xml/test", "size_i": "4096", "regex": "false"},
	{"name_s": "/usr/share/doc/libvirt-devel-0.10.2.8/xml/test/testdev.xml", "size_i": "426", "regex": "false"},
	{"name_s": "/usr/share/doc/libvirt-devel-0.10.2.8/xml/test/testdomfc4.xml", "size_i": "722", "regex": "false"},
	{"name_s": "/usr/share/doc/libvirt-devel-0.10.2.8/xml/test/testdomfv0.xml", "size_i": "1064", "regex": "false"},
	{"name_s": "/usr/share/doc/libvirt-devel-0.10.2.8/xml/test/testnetdef.xml", "size_i": "292", "regex": "false"},
	{"name_s": "/usr/share/doc/libvirt-devel-0.10.2.8/xml/test/testnetpriv.xml", "size_i": "265", "regex": "false"},
	{"name_s": "/usr/share/doc/libvirt-devel-0.10.2.8/xml/test/testnode.xml", "size_i": "767", "regex": "false"},
	{"name_s": "/usr/share/doc/libvirt-devel-0.10.2.8/xml/test/testnodeinline.xml", "size_i": "3493", "regex": "false"},
	{"name_s": "/usr/share/doc/libvirt-devel-0.10.2.8/xml/test/testpool.xml", "size_i": "378", "regex": "false"},
	{"name_s": "/usr/share/doc/libvirt-devel-0.10.2.8/xml/test/testvol.xml", "size_i": "122", "regex": "false"},
	{"name_s": "/usr/share/libvirt/api", "size_i": "4096", "regex": "false"},
	{"name_s": "/usr/share/libvirt/api/libvirt-api.xml", "size_i": "541302", "regex": "false"},
	{"name_s": "/usr/share/libvirt/api/libvirt-qemu-api.xml", "size_i": "6692", "regex": "false"}
]
