[
	{"name_s": "/usr/include/xcb", "size_i": "4096", "regex": "false"},
	{"name_s": "/usr/include/xcb/bigreq.h", "size_i": "3674", "regex": "false"},
	{"name_s": "/usr/include/xcb/composite.h", "size_i": "23302", "regex": "false"},
	{"name_s": "/usr/include/xcb/damage.h", "size_i": "15271", "regex": "false"},
	{"name_s": "/usr/include/xcb/dpms.h", "size_i": "20199", "regex": "false"},
	{"name_s": "/usr/include/xcb/dri2.h", "size_i": "58809", "regex": "false"},
	{"name_s": "/usr/include/xcb/glx.h", "size_i": "447460", "regex": "false"},
	{"name_s": "/usr/include/xcb/randr.h", "size_i": "169043", "regex": "false"},
	{"name_s": "/usr/include/xcb/record.h", "size_i": "44283", "regex": "false"},
	{"name_s": "/usr/include/xcb/render.h", "size_i": "153127", "regex": "false"},
	{"name_s": "/usr/include/xcb/res.h", "size_i": "20736", "regex": "false"},
	{"name_s": "/usr/include/xcb/screensaver.h", "size_i": "19661", "regex": "false"},
	{"name_s": "/usr/include/xcb/shape.h", "size_i": "34944", "regex": "false"},
	{"name_s": "/usr/include/xcb/shm.h", "size_i": "22790", "regex": "false"},
	{"name_s": "/usr/include/xcb/sync.h", "size_i": "65787", "regex": "false"},
	{"name_s": "/usr/include/xcb/xc_misc.h", "size_i": "12293", "regex": "false"},
	{"name_s": "/usr/include/xcb/xcb.h", "size_i": "17847", "regex": "false"},
	{"name_s": "/usr/include/xcb/xcbext.h", "size_i": "3887", "regex": "false"},
	{"name_s": "/usr/include/xcb/xevie.h", "size_i": "18982", "regex": "false"},
	{"name_s": "/usr/include/xcb/xf86dri.h", "size_i": "50034", "regex": "false"},
	{"name_s": "/usr/include/xcb/xfixes.h", "size_i": "90645", "regex": "false"},
	{"name_s": "/usr/include/xcb/xinerama.h", "size_i": "25089", "regex": "false"},
	{"name_s": "/usr/include/xcb/xinput.h", "size_i": "233981", "regex": "false"},
	{"name_s": "/usr/include/xcb/xkb.h", "size_i": "558285", "regex": "false"},
	{"name_s": "/usr/include/xcb/xproto.h", "size_i": "461305", "regex": "false"},
	{"name_s": "/usr/include/xcb/xselinux.h", "size_i": "101394", "regex": "false"},
	{"name_s": "/usr/include/xcb/xtest.h", "size_i": "12703", "regex": "false"},
	{"name_s": "/usr/include/xcb/xv.h", "size_i": "104216", "regex": "false"},
	{"name_s": "/usr/include/xcb/xvmc.h", "size_i": "44155", "regex": "false"},
	{"name_s": "/usr/lib64/libxcb-composite.so", "size_i": "25", "regex": "false"},
	{"name_s": "/usr/lib64/libxcb-damage.so", "size_i": "22", "regex": "false"},
	{"name_s": "/usr/lib64/libxcb-dpms.so", "size_i": "20", "regex": "false"},
	{"name_s": "/usr/lib64/libxcb-dri2.so", "size_i": "20", "regex": "false"},
	{"name_s": "/usr/lib64/libxcb-glx.so", "size_i": "19", "regex": "false"},
	{"name_s": "/usr/lib64/libxcb-randr.so", "size_i": "21", "regex": "false"},
	{"name_s": "/usr/lib64/libxcb-record.so", "size_i": "22", "regex": "false"},
	{"name_s": "/usr/lib64/libxcb-render.so", "size_i": "22", "regex": "false"},
	{"name_s": "/usr/lib64/libxcb-res.so", "size_i": "19", "regex": "false"},
	{"name_s": "/usr/lib64/libxcb-screensaver.so", "size_i": "27", "regex": "false"},
	{"name_s": "/usr/lib64/libxcb-shape.so", "size_i": "21", "regex": "false"},
	{"name_s": "/usr/lib64/libxcb-shm.so", "size_i": "19", "regex": "false"},
	{"name_s": "/usr/lib64/libxcb-sync.so", "size_i": "20", "regex": "false"},
	{"name_s": "/usr/lib64/libxcb-xevie.so", "size_i": "21", "regex": "false"},
	{"name_s": "/usr/lib64/libxcb-xf86dri.so", "size_i": "23", "regex": "false"},
	{"name_s": "/usr/lib64/libxcb-xfixes.so", "size_i": "22", "regex": "false"},
	{"name_s": "/usr/lib64/libxcb-xinerama.so", "size_i": "24", "regex": "false"},
	{"name_s": "/usr/lib64/libxcb-xselinux.so", "size_i": "24", "regex": "false"},
	{"name_s": "/usr/lib64/libxcb-xtest.so", "size_i": "21", "regex": "false"},
	{"name_s": "/usr/lib64/libxcb-xv.so", "size_i": "18", "regex": "false"},
	{"name_s": "/usr/lib64/libxcb-xvmc.so", "size_i": "20", "regex": "false"},
	{"name_s": "/usr/lib64/libxcb.so", "size_i": "15", "regex": "false"},
	{"name_s": "/usr/lib64/pkgconfig/pthread-stubs.pc", "size_i": "155", "regex": "false"},
	{"name_s": "/usr/lib64/pkgconfig/xcb-composite.pc", "size_i": "227", "regex": "false"},
	{"name_s": "/usr/lib64/pkgconfig/xcb-damage.pc", "size_i": "218", "regex": "false"},
	{"name_s": "/usr/lib64/pkgconfig/xcb-dpms.pc", "size_i": "201", "regex": "false"},
	{"name_s": "/usr/lib64/pkgconfig/xcb-dri2.pc", "size_i": "201", "regex": "false"},
	{"name_s": "/usr/lib64/pkgconfig/xcb-glx.pc", "size_i": "198", "regex": "false"},
	{"name_s": "/usr/lib64/pkgconfig/xcb-randr.pc", "size_i": "204", "regex": "false"},
	{"name_s": "/usr/lib64/pkgconfig/xcb-record.pc", "size_i": "207", "regex": "false"},
	{"name_s": "/usr/lib64/pkgconfig/xcb-render.pc", "size_i": "207", "regex": "false"},
	{"name_s": "/usr/lib64/pkgconfig/xcb-res.pc", "size_i": "205", "regex": "false"},
	{"name_s": "/usr/lib64/pkgconfig/xcb-screensaver.pc", "size_i": "222", "regex": "false"},
	{"name_s": "/usr/lib64/pkgconfig/xcb-shape.pc", "size_i": "204", "regex": "false"},
	{"name_s": "/usr/lib64/pkgconfig/xcb-shm.pc", "size_i": "198", "regex": "false"},
	{"name_s": "/usr/lib64/pkgconfig/xcb-sync.pc", "size_i": "201", "regex": "false"},
	{"name_s": "/usr/lib64/pkgconfig/xcb-xevie.pc", "size_i": "204", "regex": "false"},
	{"name_s": "/usr/lib64/pkgconfig/xcb-xf86dri.pc", "size_i": "218", "regex": "false"},
	{"name_s": "/usr/lib64/pkgconfig/xcb-xfixes.pc", "size_i": "228", "regex": "false"},
	{"name_s": "/usr/lib64/pkgconfig/xcb-xinerama.pc", "size_i": "213", "regex": "false"},
	{"name_s": "/usr/lib64/pkgconfig/xcb-xprint.pc", "size_i": "207", "regex": "false"},
	{"name_s": "/usr/lib64/pkgconfig/xcb-xselinux.pc", "size_i": "211", "regex": "false"},
	{"name_s": "/usr/lib64/pkgconfig/xcb-xtest.pc", "size_i": "204", "regex": "false"},
	{"name_s": "/usr/lib64/pkgconfig/xcb-xv.pc", "size_i": "203", "regex": "false"},
	{"name_s": "/usr/lib64/pkgconfig/xcb-xvmc.pc", "size_i": "208", "regex": "false"},
	{"name_s": "/usr/lib64/pkgconfig/xcb.pc", "size_i": "247", "regex": "false"},
	{"name_s": "/usr/lib64/pkgconfig/xpyb.pc", "size_i": "183", "regex": "false"}
]
