[
	{"name_s": "/usr/bin/log4cpp-config-i386", "size_i": "6356", "regex": "false"},
	{"name_s": "/usr/include/log4cpp", "size_i": "4096", "regex": "false"},
	{"name_s": "/usr/include/log4cpp/AbortAppender.hh", "size_i": "1096", "regex": "false"},
	{"name_s": "/usr/include/log4cpp/Appender.hh", "size_i": "4536", "regex": "false"},
	{"name_s": "/usr/include/log4cpp/AppenderSkeleton.hh", "size_i": "3285", "regex": "false"},
	{"name_s": "/usr/include/log4cpp/AppendersFactory.hh", "size_i": "1012", "regex": "false"},
	{"name_s": "/usr/include/log4cpp/BasicConfigurator.hh", "size_i": "693", "regex": "false"},
	{"name_s": "/usr/include/log4cpp/BasicLayout.hh", "size_i": "852", "regex": "false"},
	{"name_s": "/usr/include/log4cpp/BufferingAppender.hh", "size_i": "1097", "regex": "false"},
	{"name_s": "/usr/include/log4cpp/Category.hh", "size_i": "22948", "regex": "false"},
	{"name_s": "/usr/include/log4cpp/CategoryStream.hh", "size_i": "4064", "regex": "false"},
	{"name_s": "/usr/include/log4cpp/Configurator.hh", "size_i": "709", "regex": "false"},
	{"name_s": "/usr/include/log4cpp/Export.hh", "size_i": "570", "regex": "false"},
	{"name_s": "/usr/include/log4cpp/FactoryParams.hh", "size_i": "4801", "regex": "false"},
	{"name_s": "/usr/include/log4cpp/FileAppender.hh", "size_i": "2798", "regex": "false"},
	{"name_s": "/usr/include/log4cpp/Filter.hh", "size_i": "3850", "regex": "false"},
	{"name_s": "/usr/include/log4cpp/FixedContextCategory.hh", "size_i": "5632", "regex": "false"},
	{"name_s": "/usr/include/log4cpp/HierarchyMaintainer.hh", "size_i": "1856", "regex": "false"},
	{"name_s": "/usr/include/log4cpp/IdsaAppender.hh", "size_i": "1807", "regex": "false"},
	{"name_s": "/usr/include/log4cpp/Layout.hh", "size_i": "978", "regex": "false"},
	{"name_s": "/usr/include/log4cpp/LayoutAppender.hh", "size_i": "1421", "regex": "false"},
	{"name_s": "/usr/include/log4cpp/LayoutsFactory.hh", "size_i": "999", "regex": "false"},
	{"name_s": "/usr/include/log4cpp/LevelEvaluator.hh", "size_i": "534", "regex": "false"},
	{"name_s": "/usr/include/log4cpp/LoggingEvent.hh", "size_i": "2253", "regex": "false"},
	{"name_s": "/usr/include/log4cpp/Manipulator.hh", "size_i": "691", "regex": "false"},
	{"name_s": "/usr/include/log4cpp/NDC.hh", "size_i": "6280", "regex": "false"},
	{"name_s": "/usr/include/log4cpp/NTEventLogAppender.hh", "size_i": "2989", "regex": "false"},
	{"name_s": "/usr/include/log4cpp/OstreamAppender.hh", "size_i": "935", "regex": "false"},
	{"name_s": "/usr/include/log4cpp/PassThroughLayout.hh", "size_i": "360", "regex": "false"},
	{"name_s": "/usr/include/log4cpp/PatternLayout.hh", "size_i": "3768", "regex": "false"},
	{"name_s": "/usr/include/log4cpp/Portability.hh", "size_i": "1201", "regex": "false"},
	{"name_s": "/usr/include/log4cpp/Priority.hh", "size_i": "3009", "regex": "false"},
	{"name_s": "/usr/include/log4cpp/PropertyConfigurator.hh", "size_i": "1598", "regex": "false"},
	{"name_s": "/usr/include/log4cpp/RemoteSyslogAppender.hh", "size_i": "4559", "regex": "false"},
	{"name_s": "/usr/include/log4cpp/RollingFileAppender.hh", "size_i": "1350", "regex": "false"},
	{"name_s": "/usr/include/log4cpp/SimpleConfigurator.hh", "size_i": "1740", "regex": "false"},
	{"name_s": "/usr/include/log4cpp/SimpleLayout.hh", "size_i": "842", "regex": "false"},
	{"name_s": "/usr/include/log4cpp/StringQueueAppender.hh", "size_i": "1974", "regex": "false"},
	{"name_s": "/usr/include/log4cpp/SyslogAppender.hh", "size_i": "2164", "regex": "false"},
	{"name_s": "/usr/include/log4cpp/TimeStamp.hh", "size_i": "1896", "regex": "false"},
	{"name_s": "/usr/include/log4cpp/TriggeringEventEvaluator.hh", "size_i": "396", "regex": "false"},
	{"name_s": "/usr/include/log4cpp/TriggeringEventEvaluatorFactory.hh", "size_i": "1105", "regex": "false"},
	{"name_s": "/usr/include/log4cpp/Win32DebugAppender.hh", "size_i": "1523", "regex": "false"},
	{"name_s": "/usr/include/log4cpp/config-openvms.h", "size_i": "1761", "regex": "false"},
	{"name_s": "/usr/include/log4cpp/config-win32.h", "size_i": "3531", "regex": "false"},
	{"name_s": "/usr/include/log4cpp/config.h", "size_i": "4520", "regex": "false"},
	{"name_s": "/usr/include/log4cpp/convenience.h", "size_i": "2726", "regex": "false"},
	{"name_s": "/usr/include/log4cpp/threading", "size_i": "4096", "regex": "false"},
	{"name_s": "/usr/include/log4cpp/threading/BoostThreads.hh", "size_i": "1491", "regex": "false"},
	{"name_s": "/usr/include/log4cpp/threading/DummyThreads.hh", "size_i": "1683", "regex": "false"},
	{"name_s": "/usr/include/log4cpp/threading/MSThreads.hh", "size_i": "5027", "regex": "false"},
	{"name_s": "/usr/include/log4cpp/threading/OmniThreads.hh", "size_i": "4678", "regex": "false"},
	{"name_s": "/usr/include/log4cpp/threading/PThreads.hh", "size_i": "2925", "regex": "false"},
	{"name_s": "/usr/include/log4cpp/threading/Threading.hh", "size_i": "827", "regex": "false"},
	{"name_s": "/usr/lib/liblog4cpp.so", "size_i": "19", "regex": "false"},
	{"name_s": "/usr/lib/pkgconfig/log4cpp.pc", "size_i": "224", "regex": "false"},
	{"name_s": "/usr/share/aclocal/log4cpp.m4", "size_i": "7077", "regex": "false"},
	{"name_s": "/usr/share/doc/log4cpp-devel-1.0", "size_i": "4096", "regex": "false"},
	{"name_s": "/usr/share/doc/log4cpp-devel-1.0/AUTHORS", "size_i": "46", "regex": "false"},
	{"name_s": "/usr/share/doc/log4cpp-devel-1.0/COPYING", "size_i": "26430", "regex": "false"},
	{"name_s": "/usr/share/doc/log4cpp-devel-1.0/ChangeLog", "size_i": "116304", "regex": "false"},
	{"name_s": "/usr/share/doc/log4cpp-devel-1.0/INSTALL", "size_i": "55", "regex": "false"},
	{"name_s": "/usr/share/doc/log4cpp-devel-1.0/NEWS", "size_i": "47", "regex": "false"},
	{"name_s": "/usr/share/doc/log4cpp-devel-1.0/README", "size_i": "121", "regex": "false"},
	{"name_s": "/usr/share/doc/log4cpp-devel-1.0/THANKS", "size_i": "1460", "regex": "false"},
	{"name_s": "/usr/share/doc/log4cpp-devel-1.0/TODO", "size_i": "729", "regex": "false"}
]
