[
	{"name_s": "/usr/lib64/python2.6/site-packages/M2Crypto", "size_i": "4096", "regex": "false"},
	{"name_s": "/usr/lib64/python2.6/site-packages/M2Crypto-0.20.2-py2.6.egg-info", "size_i": "1160", "regex": "false"},
	{"name_s": "/usr/lib64/python2.6/site-packages/M2Crypto/ASN1.py", "size_i": "5614", "regex": "false"},
	{"name_s": "/usr/lib64/python2.6/site-packages/M2Crypto/ASN1.pyc", "size_i": "9462", "regex": "false"},
	{"name_s": "/usr/lib64/python2.6/site-packages/M2Crypto/ASN1.pyo", "size_i": "9063", "regex": "false"},
	{"name_s": "/usr/lib64/python2.6/site-packages/M2Crypto/AuthCookie.py", "size_i": "3085", "regex": "false"},
	{"name_s": "/usr/lib64/python2.6/site-packages/M2Crypto/AuthCookie.pyc", "size_i": "5339", "regex": "false"},
	{"name_s": "/usr/lib64/python2.6/site-packages/M2Crypto/AuthCookie.pyo", "size_i": "5275", "regex": "false"},
	{"name_s": "/usr/lib64/python2.6/site-packages/M2Crypto/BIO.py", "size_i": "7389", "regex": "false"},
	{"name_s": "/usr/lib64/python2.6/site-packages/M2Crypto/BIO.pyc", "size_i": "12186", "regex": "false"},
	{"name_s": "/usr/lib64/python2.6/site-packages/M2Crypto/BIO.pyo", "size_i": "12186", "regex": "false"},
	{"name_s": "/usr/lib64/python2.6/site-packages/M2Crypto/BN.py", "size_i": "1330", "regex": "false"},
	{"name_s": "/usr/lib64/python2.6/site-packages/M2Crypto/BN.pyc", "size_i": "1873", "regex": "false"},
	{"name_s": "/usr/lib64/python2.6/site-packages/M2Crypto/BN.pyo", "size_i": "1873", "regex": "false"},
	{"name_s": "/usr/lib64/python2.6/site-packages/M2Crypto/DH.py", "size_i": "2374", "regex": "false"},
	{"name_s": "/usr/lib64/python2.6/site-packages/M2Crypto/DH.pyc", "size_i": "4681", "regex": "false"},
	{"name_s": "/usr/lib64/python2.6/site-packages/M2Crypto/DH.pyo", "size_i": "4248", "regex": "false"},
	{"name_s": "/usr/lib64/python2.6/site-packages/M2Crypto/DSA.py", "size_i": "14019", "regex": "false"},
	{"name_s": "/usr/lib64/python2.6/site-packages/M2Crypto/DSA.pyc", "size_i": "17433", "regex": "false"},
	{"name_s": "/usr/lib64/python2.6/site-packages/M2Crypto/DSA.pyo", "size_i": "16845", "regex": "false"},
	{"name_s": "/usr/lib64/python2.6/site-packages/M2Crypto/EC.py", "size_i": "10916", "regex": "false"},
	{"name_s": "/usr/lib64/python2.6/site-packages/M2Crypto/EC.pyc", "size_i": "13287", "regex": "false"},
	{"name_s": "/usr/lib64/python2.6/site-packages/M2Crypto/EC.pyo", "size_i": "12683", "regex": "false"},
	{"name_s": "/usr/lib64/python2.6/site-packages/M2Crypto/EVP.py", "size_i": "11810", "regex": "false"},
	{"name_s": "/usr/lib64/python2.6/site-packages/M2Crypto/EVP.pyc", "size_i": "16643", "regex": "false"},
	{"name_s": "/usr/lib64/python2.6/site-packages/M2Crypto/EVP.pyo", "size_i": "16643", "regex": "false"},
	{"name_s": "/usr/lib64/python2.6/site-packages/M2Crypto/Engine.py", "size_i": "3397", "regex": "false"},
	{"name_s": "/usr/lib64/python2.6/site-packages/M2Crypto/Engine.pyc", "size_i": "5492", "regex": "false"},
	{"name_s": "/usr/lib64/python2.6/site-packages/M2Crypto/Engine.pyo", "size_i": "5492", "regex": "false"},
	{"name_s": "/usr/lib64/python2.6/site-packages/M2Crypto/Err.py", "size_i": "1123", "regex": "false"},
	{"name_s": "/usr/lib64/python2.6/site-packages/M2Crypto/Err.pyc", "size_i": "2687", "regex": "false"},
	{"name_s": "/usr/lib64/python2.6/site-packages/M2Crypto/Err.pyo", "size_i": "2687", "regex": "false"},
	{"name_s": "/usr/lib64/python2.6/site-packages/M2Crypto/PGP", "size_i": "4096", "regex": "false"},
	{"name_s": "/usr/lib64/python2.6/site-packages/M2Crypto/PGP/PublicKey.py", "size_i": "1646", "regex": "false"},
	{"name_s": "/usr/lib64/python2.6/site-packages/M2Crypto/PGP/PublicKey.pyc", "size_i": "3287", "regex": "false"},
	{"name_s": "/usr/lib64/python2.6/site-packages/M2Crypto/PGP/PublicKey.pyo", "size_i": "3121", "regex": "false"},
	{"name_s": "/usr/lib64/python2.6/site-packages/M2Crypto/PGP/PublicKeyRing.py", "size_i": "2171", "regex": "false"},
	{"name_s": "/usr/lib64/python2.6/site-packages/M2Crypto/PGP/PublicKeyRing.pyc", "size_i": "3188", "regex": "false"},
	{"name_s": "/usr/lib64/python2.6/site-packages/M2Crypto/PGP/PublicKeyRing.pyo", "size_i": "3188", "regex": "false"},
	{"name_s": "/usr/lib64/python2.6/site-packages/M2Crypto/PGP/RSA.py", "size_i": "849", "regex": "false"},
	{"name_s": "/usr/lib64/python2.6/site-packages/M2Crypto/PGP/RSA.pyc", "size_i": "1567", "regex": "false"},
	{"name_s": "/usr/lib64/python2.6/site-packages/M2Crypto/PGP/RSA.pyo", "size_i": "1567", "regex": "false"},
	{"name_s": "/usr/lib64/python2.6/site-packages/M2Crypto/PGP/__init__.py", "size_i": "349", "regex": "false"},
	{"name_s": "/usr/lib64/python2.6/site-packages/M2Crypto/PGP/__init__.pyc", "size_i": "668", "regex": "false"},
	{"name_s": "/usr/lib64/python2.6/site-packages/M2Crypto/PGP/__init__.pyo", "size_i": "668", "regex": "false"},
	{"name_s": "/usr/lib64/python2.6/site-packages/M2Crypto/PGP/constants.py", "size_i": "381", "regex": "false"},
	{"name_s": "/usr/lib64/python2.6/site-packages/M2Crypto/PGP/constants.pyc", "size_i": "608", "regex": "false"},
	{"name_s": "/usr/lib64/python2.6/site-packages/M2Crypto/PGP/constants.pyo", "size_i": "608", "regex": "false"},
	{"name_s": "/usr/lib64/python2.6/site-packages/M2Crypto/PGP/packet.py", "size_i": "11229", "regex": "false"},
	{"name_s": "/usr/lib64/python2.6/site-packages/M2Crypto/PGP/packet.pyc", "size_i": "15263", "regex": "false"},
	{"name_s": "/usr/lib64/python2.6/site-packages/M2Crypto/PGP/packet.pyo", "size_i": "15199", "regex": "false"},
	{"name_s": "/usr/lib64/python2.6/site-packages/M2Crypto/RC4.py", "size_i": "692", "regex": "false"},
	{"name_s": "/usr/lib64/python2.6/site-packages/M2Crypto/RC4.pyc", "size_i": "1634", "regex": "false"},
	{"name_s": "/usr/lib64/python2.6/site-packages/M2Crypto/RC4.pyo", "size_i": "1634", "regex": "false"},
	{"name_s": "/usr/lib64/python2.6/site-packages/M2Crypto/RSA.py", "size_i": "13128", "regex": "false"},
	{"name_s": "/usr/lib64/python2.6/site-packages/M2Crypto/RSA.pyc", "size_i": "17393", "regex": "false"},
	{"name_s": "/usr/lib64/python2.6/site-packages/M2Crypto/RSA.pyo", "size_i": "16991", "regex": "false"},
	{"name_s": "/usr/lib64/python2.6/site-packages/M2Crypto/Rand.py", "size_i": "488", "regex": "false"},
	{"name_s": "/usr/lib64/python2.6/site-packages/M2Crypto/Rand.pyc", "size_i": "583", "regex": "false"},
	{"name_s": "/usr/lib64/python2.6/site-packages/M2Crypto/Rand.pyo", "size_i": "583", "regex": "false"},
	{"name_s": "/usr/lib64/python2.6/site-packages/M2Crypto/SMIME.py", "size_i": "7479", "regex": "false"},
	{"name_s": "/usr/lib64/python2.6/site-packages/M2Crypto/SMIME.pyc", "size_i": "10955", "regex": "false"},
	{"name_s": "/usr/lib64/python2.6/site-packages/M2Crypto/SMIME.pyo", "size_i": "10667", "regex": "false"},
	{"name_s": "/usr/lib64/python2.6/site-packages/M2Crypto/SSL", "size_i": "4096", "regex": "false"},
	{"name_s": "/usr/lib64/python2.6/site-packages/M2Crypto/SSL/Checker.py", "size_i": "8465", "regex": "false"},
	{"name_s": "/usr/lib64/python2.6/site-packages/M2Crypto/SSL/Checker.pyc", "size_i": "8164", "regex": "false"},
	{"name_s": "/usr/lib64/python2.6/site-packages/M2Crypto/SSL/Checker.pyo", "size_i": "8164", "regex": "false"},
	{"name_s": "/usr/lib64/python2.6/site-packages/M2Crypto/SSL/Cipher.py", "size_i": "1070", "regex": "false"},
	{"name_s": "/usr/lib64/python2.6/site-packages/M2Crypto/SSL/Cipher.pyc", "size_i": "2876", "regex": "false"},
	{"name_s": "/usr/lib64/python2.6/site-packages/M2Crypto/SSL/Cipher.pyo", "size_i": "2876", "regex": "false"},
	{"name_s": "/usr/lib64/python2.6/site-packages/M2Crypto/SSL/Connection.py", "size_i": "12035", "regex": "false"},
	{"name_s": "/usr/lib64/python2.6/site-packages/M2Crypto/SSL/Connection.pyc", "size_i": "19297", "regex": "false"},
	{"name_s": "/usr/lib64/python2.6/site-packages/M2Crypto/SSL/Connection.pyo", "size_i": "19187", "regex": "false"},
	{"name_s": "/usr/lib64/python2.6/site-packages/M2Crypto/SSL/Context.py", "size_i": "9513", "regex": "false"},
	{"name_s": "/usr/lib64/python2.6/site-packages/M2Crypto/SSL/Context.pyc", "size_i": "13774", "regex": "false"},
	{"name_s": "/usr/lib64/python2.6/site-packages/M2Crypto/SSL/Context.pyo", "size_i": "13774", "regex": "false"},
	{"name_s": "/usr/lib64/python2.6/site-packages/M2Crypto/SSL/SSLServer.py", "size_i": "1484", "regex": "false"},
	{"name_s": "/usr/lib64/python2.6/site-packages/M2Crypto/SSL/SSLServer.pyc", "size_i": "2363", "regex": "false"},
	{"name_s": "/usr/lib64/python2.6/site-packages/M2Crypto/SSL/SSLServer.pyo", "size_i": "2363", "regex": "false"},
	{"name_s": "/usr/lib64/python2.6/site-packages/M2Crypto/SSL/Session.py", "size_i": "1506", "regex": "false"},
	{"name_s": "/usr/lib64/python2.6/site-packages/M2Crypto/SSL/Session.pyc", "size_i": "3391", "regex": "false"},
	{"name_s": "/usr/lib64/python2.6/site-packages/M2Crypto/SSL/Session.pyo", "size_i": "3345", "regex": "false"},
	{"name_s": "/usr/lib64/python2.6/site-packages/M2Crypto/SSL/TwistedProtocolWrapper.py", "size_i": "15366", "regex": "false"},
	{"name_s": "/usr/lib64/python2.6/site-packages/M2Crypto/SSL/TwistedProtocolWrapper.pyc", "size_i": "14363", "regex": "false"},
	{"name_s": "/usr/lib64/python2.6/site-packages/M2Crypto/SSL/TwistedProtocolWrapper.pyo", "size_i": "14235", "regex": "false"},
	{"name_s": "/usr/lib64/python2.6/site-packages/M2Crypto/SSL/__init__.py", "size_i": "853", "regex": "false"},
	{"name_s": "/usr/lib64/python2.6/site-packages/M2Crypto/SSL/__init__.pyc", "size_i": "1514", "regex": "false"},
	{"name_s": "/usr/lib64/python2.6/site-packages/M2Crypto/SSL/__init__.pyo", "size_i": "1514", "regex": "false"},
	{"name_s": "/usr/lib64/python2.6/site-packages/M2Crypto/SSL/cb.py", "size_i": "2358", "regex": "false"},
	{"name_s": "/usr/lib64/python2.6/site-packages/M2Crypto/SSL/cb.pyc", "size_i": "2646", "regex": "false"},
	{"name_s": "/usr/lib64/python2.6/site-packages/M2Crypto/SSL/cb.pyo", "size_i": "2646", "regex": "false"},
	{"name_s": "/usr/lib64/python2.6/site-packages/M2Crypto/SSL/ssl_dispatcher.py", "size_i": "874", "regex": "false"},
	{"name_s": "/usr/lib64/python2.6/site-packages/M2Crypto/SSL/ssl_dispatcher.pyc", "size_i": "1731", "regex": "false"},
	{"name_s": "/usr/lib64/python2.6/site-packages/M2Crypto/SSL/ssl_dispatcher.pyo", "size_i": "1731", "regex": "false"},
	{"name_s": "/usr/lib64/python2.6/site-packages/M2Crypto/SSL/timeout.py", "size_i": "660", "regex": "false"},
	{"name_s": "/usr/lib64/python2.6/site-packages/M2Crypto/SSL/timeout.pyc", "size_i": "1552", "regex": "false"},
	{"name_s": "/usr/lib64/python2.6/site-packages/M2Crypto/SSL/timeout.pyo", "size_i": "1552", "regex": "false"},
	{"name_s": "/usr/lib64/python2.6/site-packages/M2Crypto/X509.py", "size_i": "34646", "regex": "false"},
	{"name_s": "/usr/lib64/python2.6/site-packages/M2Crypto/X509.pyc", "size_i": "47271", "regex": "false"},
	{"name_s": "/usr/lib64/python2.6/site-packages/M2Crypto/X509.pyo", "size_i": "44913", "regex": "false"},
	{"name_s": "/usr/lib64/python2.6/site-packages/M2Crypto/__init__.py", "size_i": "1421", "regex": "false"},
	{"name_s": "/usr/lib64/python2.6/site-packages/M2Crypto/__init__.pyc", "size_i": "1980", "regex": "false"},
	{"name_s": "/usr/lib64/python2.6/site-packages/M2Crypto/__init__.pyo", "size_i": "1980", "regex": "false"},
	{"name_s": "/usr/lib64/python2.6/site-packages/M2Crypto/__m2crypto.so", "size_i": "445064", "regex": "false"},
	{"name_s": "/usr/lib64/python2.6/site-packages/M2Crypto/callback.py", "size_i": "249", "regex": "false"},
	{"name_s": "/usr/lib64/python2.6/site-packages/M2Crypto/callback.pyc", "size_i": "475", "regex": "false"},
	{"name_s": "/usr/lib64/python2.6/site-packages/M2Crypto/callback.pyo", "size_i": "475", "regex": "false"},
	{"name_s": "/usr/lib64/python2.6/site-packages/M2Crypto/ftpslib.py", "size_i": "2881", "regex": "false"},
	{"name_s": "/usr/lib64/python2.6/site-packages/M2Crypto/ftpslib.pyc", "size_i": "3946", "regex": "false"},
	{"name_s": "/usr/lib64/python2.6/site-packages/M2Crypto/ftpslib.pyo", "size_i": "3946", "regex": "false"},
	{"name_s": "/usr/lib64/python2.6/site-packages/M2Crypto/httpslib.py", "size_i": "7861", "regex": "false"},
	{"name_s": "/usr/lib64/python2.6/site-packages/M2Crypto/httpslib.pyc", "size_i": "7797", "regex": "false"},
	{"name_s": "/usr/lib64/python2.6/site-packages/M2Crypto/httpslib.pyo", "size_i": "7699", "regex": "false"},
	{"name_s": "/usr/lib64/python2.6/site-packages/M2Crypto/m2.py", "size_i": "785", "regex": "false"},
	{"name_s": "/usr/lib64/python2.6/site-packages/M2Crypto/m2.pyc", "size_i": "963", "regex": "false"},
	{"name_s": "/usr/lib64/python2.6/site-packages/M2Crypto/m2.pyo", "size_i": "963", "regex": "false"},
	{"name_s": "/usr/lib64/python2.6/site-packages/M2Crypto/m2urllib.py", "size_i": "2124", "regex": "false"},
	{"name_s": "/usr/lib64/python2.6/site-packages/M2Crypto/m2urllib.pyc", "size_i": "2177", "regex": "false"},
	{"name_s": "/usr/lib64/python2.6/site-packages/M2Crypto/m2urllib.pyo", "size_i": "2177", "regex": "false"},
	{"name_s": "/usr/lib64/python2.6/site-packages/M2Crypto/m2urllib2.py", "size_i": "5269", "regex": "false"},
	{"name_s": "/usr/lib64/python2.6/site-packages/M2Crypto/m2urllib2.pyc", "size_i": "5120", "regex": "false"},
	{"name_s": "/usr/lib64/python2.6/site-packages/M2Crypto/m2urllib2.pyo", "size_i": "5065", "regex": "false"},
	{"name_s": "/usr/lib64/python2.6/site-packages/M2Crypto/m2xmlrpclib.py", "size_i": "1928", "regex": "false"},
	{"name_s": "/usr/lib64/python2.6/site-packages/M2Crypto/m2xmlrpclib.pyc", "size_i": "2318", "regex": "false"},
	{"name_s": "/usr/lib64/python2.6/site-packages/M2Crypto/m2xmlrpclib.pyo", "size_i": "2318", "regex": "false"},
	{"name_s": "/usr/lib64/python2.6/site-packages/M2Crypto/threading.py", "size_i": "347", "regex": "false"},
	{"name_s": "/usr/lib64/python2.6/site-packages/M2Crypto/threading.pyc", "size_i": "789", "regex": "false"},
	{"name_s": "/usr/lib64/python2.6/site-packages/M2Crypto/threading.pyo", "size_i": "789", "regex": "false"},
	{"name_s": "/usr/lib64/python2.6/site-packages/M2Crypto/util.py", "size_i": "1588", "regex": "false"},
	{"name_s": "/usr/lib64/python2.6/site-packages/M2Crypto/util.pyc", "size_i": "3081", "regex": "false"},
	{"name_s": "/usr/lib64/python2.6/site-packages/M2Crypto/util.pyo", "size_i": "3081", "regex": "false"},
	{"name_s": "/usr/share/doc/m2crypto-0.20.2", "size_i": "4096", "regex": "false"},
	{"name_s": "/usr/share/doc/m2crypto-0.20.2/CHANGES", "size_i": "21810", "regex": "false"},
	{"name_s": "/usr/share/doc/m2crypto-0.20.2/LICENCE", "size_i": "1247", "regex": "false"},
	{"name_s": "/usr/share/doc/m2crypto-0.20.2/README", "size_i": "1759", "regex": "false"},
	{"name_s": "/usr/share/doc/m2crypto-0.20.2/demo", "size_i": "4096", "regex": "false"},
	{"name_s": "/usr/share/doc/m2crypto-0.20.2/demo/CipherSaber", "size_i": "4096", "regex": "false"},
	{"name_s": "/usr/share/doc/m2crypto-0.20.2/demo/CipherSaber/CipherSaber.py", "size_i": "1340", "regex": "false"},
	{"name_s": "/usr/share/doc/m2crypto-0.20.2/demo/CipherSaber/cstest1.cs1", "size_i": "40", "regex": "false"},
	{"name_s": "/usr/share/doc/m2crypto-0.20.2/demo/Zope", "size_i": "4096", "regex": "false"},
	{"name_s": "/usr/share/doc/m2crypto-0.20.2/demo/Zope/ZServer", "size_i": "4096", "regex": "false"},
	{"name_s": "/usr/share/doc/m2crypto-0.20.2/demo/Zope/ZServer/HTTPS_Server.py", "size_i": "6346", "regex": "false"},
	{"name_s": "/usr/share/doc/m2crypto-0.20.2/demo/Zope/ZServer/__init__.py", "size_i": "3154", "regex": "false"},
	{"name_s": "/usr/share/doc/m2crypto-0.20.2/demo/Zope/ZServer/medusa", "size_i": "4096", "regex": "false"},
	{"name_s": "/usr/share/doc/m2crypto-0.20.2/demo/Zope/ZServer/medusa/ftps_server.py", "size_i": "15350", "regex": "false"},
	{"name_s": "/usr/share/doc/m2crypto-0.20.2/demo/Zope/ZServer/medusa/https_server.py", "size_i": "2585", "regex": "false"},
	{"name_s": "/usr/share/doc/m2crypto-0.20.2/demo/Zope/ca.pem", "size_i": "1220", "regex": "false"},
	{"name_s": "/usr/share/doc/m2crypto-0.20.2/demo/Zope/dh1024.pem", "size_i": "245", "regex": "false"},
	{"name_s": "/usr/share/doc/m2crypto-0.20.2/demo/Zope/lib", "size_i": "4096", "regex": "false"},
	{"name_s": "/usr/share/doc/m2crypto-0.20.2/demo/Zope/lib/python", "size_i": "4096", "regex": "false"},
	{"name_s": "/usr/share/doc/m2crypto-0.20.2/demo/Zope/lib/python/Products", "size_i": "4096", "regex": "false"},
	{"name_s": "/usr/share/doc/m2crypto-0.20.2/demo/Zope/lib/python/Products/GuardedFile", "size_i": "4096", "regex": "false"},
	{"name_s": "/usr/share/doc/m2crypto-0.20.2/demo/Zope/lib/python/Products/GuardedFile/GuardedFile.py", "size_i": "1782", "regex": "false"},
	{"name_s": "/usr/share/doc/m2crypto-0.20.2/demo/Zope/lib/python/Products/GuardedFile/README.txt", "size_i": "473", "regex": "false"},
	{"name_s": "/usr/share/doc/m2crypto-0.20.2/demo/Zope/lib/python/Products/GuardedFile/TODO.txt", "size_i": "9", "regex": "false"},
	{"name_s": "/usr/share/doc/m2crypto-0.20.2/demo/Zope/lib/python/Products/GuardedFile/__init__.py", "size_i": "676", "regex": "false"},
	{"name_s": "/usr/share/doc/m2crypto-0.20.2/demo/Zope/lib/python/Products/GuardedFile/add.dtml", "size_i": "1861", "regex": "false"},
	{"name_s": "/usr/share/doc/m2crypto-0.20.2/demo/Zope/lib/python/Products/GuardedFile/refresh.txt", "size_i": "0", "regex": "false"},
	{"name_s": "/usr/share/doc/m2crypto-0.20.2/demo/Zope/lib/python/Products/GuardedFile/version.txt", "size_i": "18", "regex": "false"},
	{"name_s": "/usr/share/doc/m2crypto-0.20.2/demo/Zope/lib/python/Products/ZSmime", "size_i": "4096", "regex": "false"},
	{"name_s": "/usr/share/doc/m2crypto-0.20.2/demo/Zope/lib/python/Products/ZSmime/README.txt", "size_i": "743", "regex": "false"},
	{"name_s": "/usr/share/doc/m2crypto-0.20.2/demo/Zope/lib/python/Products/ZSmime/SmimeTag.py", "size_i": "2968", "regex": "false"},
	{"name_s": "/usr/share/doc/m2crypto-0.20.2/demo/Zope/lib/python/Products/ZSmime/__init__.py", "size_i": "182", "regex": "false"},
	{"name_s": "/usr/share/doc/m2crypto-0.20.2/demo/Zope/lib/python/Products/ZSmime/version.txt", "size_i": "13", "regex": "false"},
	{"name_s": "/usr/share/doc/m2crypto-0.20.2/demo/Zope/server.pem", "size_i": "2120", "regex": "false"},
	{"name_s": "/usr/share/doc/m2crypto-0.20.2/demo/Zope/starts", "size_i": "584", "regex": "false"},
	{"name_s": "/usr/share/doc/m2crypto-0.20.2/demo/Zope/utilities", "size_i": "4096", "regex": "false"},
	{"name_s": "/usr/share/doc/m2crypto-0.20.2/demo/Zope/utilities/x509_user.py", "size_i": "1865", "regex": "false"},
	{"name_s": "/usr/share/doc/m2crypto-0.20.2/demo/Zope/z2s.py", "size_i": "37573", "regex": "false"},
	{"name_s": "/usr/share/doc/m2crypto-0.20.2/demo/Zope/z2s.py.diff", "size_i": "9395", "regex": "false"},
	{"name_s": "/usr/share/doc/m2crypto-0.20.2/demo/Zope27", "size_i": "4096", "regex": "false"},
	{"name_s": "/usr/share/doc/m2crypto-0.20.2/demo/Zope27/INSTALL.txt", "size_i": "5213", "regex": "false"},
	{"name_s": "/usr/share/doc/m2crypto-0.20.2/demo/Zope27/install_dir", "size_i": "4096", "regex": "false"},
	{"name_s": "/usr/share/doc/m2crypto-0.20.2/demo/Zope27/install_dir/lib", "size_i": "4096", "regex": "false"},
	{"name_s": "/usr/share/doc/m2crypto-0.20.2/demo/Zope27/install_dir/lib/python", "size_i": "4096", "regex": "false"},
	{"name_s": "/usr/share/doc/m2crypto-0.20.2/demo/Zope27/install_dir/lib/python/ZServer", "size_i": "4096", "regex": "false"},
	{"name_s": "/usr/share/doc/m2crypto-0.20.2/demo/Zope27/install_dir/lib/python/ZServer/HTTPS_Server.py", "size_i": "6317", "regex": "false"},
	{"name_s": "/usr/share/doc/m2crypto-0.20.2/demo/Zope27/install_dir/lib/python/ZServer/__init__.py.patch", "size_i": "386", "regex": "false"},
	{"name_s": "/usr/share/doc/m2crypto-0.20.2/demo/Zope27/install_dir/lib/python/ZServer/component.xml.patch", "size_i": "1036", "regex": "false"},
	{"name_s": "/usr/share/doc/m2crypto-0.20.2/demo/Zope27/install_dir/lib/python/ZServer/datatypes.py.patch", "size_i": "2370", "regex": "false"},
	{"name_s": "/usr/share/doc/m2crypto-0.20.2/demo/Zope27/install_dir/lib/python/ZServer/medusa", "size_i": "4096", "regex": "false"},
	{"name_s": "/usr/share/doc/m2crypto-0.20.2/demo/Zope27/install_dir/lib/python/ZServer/medusa/https_server.py", "size_i": "2585", "regex": "false"},
	{"name_s": "/usr/share/doc/m2crypto-0.20.2/demo/Zope27/instance_home", "size_i": "4096", "regex": "false"},
	{"name_s": "/usr/share/doc/m2crypto-0.20.2/demo/Zope27/instance_home/README.txt.patch", "size_i": "290", "regex": "false"},
	{"name_s": "/usr/share/doc/m2crypto-0.20.2/demo/Zope27/instance_home/etc", "size_i": "4096", "regex": "false"},
	{"name_s": "/usr/share/doc/m2crypto-0.20.2/demo/Zope27/instance_home/etc/zope.conf.patch", "size_i": "394", "regex": "false"},
	{"name_s": "/usr/share/doc/m2crypto-0.20.2/demo/Zope27/instance_home/ssl", "size_i": "4096", "regex": "false"},
	{"name_s": "/usr/share/doc/m2crypto-0.20.2/demo/Zope27/instance_home/ssl/ca.pem", "size_i": "1220", "regex": "false"},
	{"name_s": "/usr/share/doc/m2crypto-0.20.2/demo/Zope27/instance_home/ssl/dh1024.pem", "size_i": "245", "regex": "false"},
	{"name_s": "/usr/share/doc/m2crypto-0.20.2/demo/Zope27/instance_home/ssl/server.pem", "size_i": "2120", "regex": "false"},
	{"name_s": "/usr/share/doc/m2crypto-0.20.2/demo/ZopeX3", "size_i": "4096", "regex": "false"},
	{"name_s": "/usr/share/doc/m2crypto-0.20.2/demo/ZopeX3/INSTALL.txt", "size_i": "1604", "regex": "false"},
	{"name_s": "/usr/share/doc/m2crypto-0.20.2/demo/ZopeX3/install_dir", "size_i": "4096", "regex": "false"},
	{"name_s": "/usr/share/doc/m2crypto-0.20.2/demo/ZopeX3/install_dir/lib", "size_i": "4096", "regex": "false"},
	{"name_s": "/usr/share/doc/m2crypto-0.20.2/demo/ZopeX3/install_dir/lib/python", "size_i": "4096", "regex": "false"},
	{"name_s": "/usr/share/doc/m2crypto-0.20.2/demo/ZopeX3/install_dir/lib/python/zope", "size_i": "4096", "regex": "false"},
	{"name_s": "/usr/share/doc/m2crypto-0.20.2/demo/ZopeX3/install_dir/lib/python/zope/app", "size_i": "4096", "regex": "false"},
	{"name_s": "/usr/share/doc/m2crypto-0.20.2/demo/ZopeX3/install_dir/lib/python/zope/app/server", "size_i": "4096", "regex": "false"},
	{"name_s": "/usr/share/doc/m2crypto-0.20.2/demo/ZopeX3/install_dir/lib/python/zope/app/server/configure.zcml.patch", "size_i": "701", "regex": "false"},
	{"name_s": "/usr/share/doc/m2crypto-0.20.2/demo/ZopeX3/install_dir/lib/python/zope/app/server/https.py", "size_i": "1033", "regex": "false"},
	{"name_s": "/usr/share/doc/m2crypto-0.20.2/demo/ZopeX3/install_dir/lib/python/zope/server", "size_i": "4096", "regex": "false"},
	{"name_s": "/usr/share/doc/m2crypto-0.20.2/demo/ZopeX3/install_dir/lib/python/zope/server/http", "size_i": "4096", "regex": "false"},
	{"name_s": "/usr/share/doc/m2crypto-0.20.2/demo/ZopeX3/install_dir/lib/python/zope/server/http/https_server.py", "size_i": "3680", "regex": "false"},
	{"name_s": "/usr/share/doc/m2crypto-0.20.2/demo/ZopeX3/install_dir/lib/python/zope/server/http/https_serverchannel.py", "size_i": "1746", "regex": "false"},
	{"name_s": "/usr/share/doc/m2crypto-0.20.2/demo/ZopeX3/install_dir/lib/python/zope/server/http/publisherhttps_server.py", "size_i": "2831", "regex": "false"},
	{"name_s": "/usr/share/doc/m2crypto-0.20.2/demo/ZopeX3/instance_home", "size_i": "4096", "regex": "false"},
	{"name_s": "/usr/share/doc/m2crypto-0.20.2/demo/ZopeX3/instance_home/etc", "size_i": "4096", "regex": "false"},
	{"name_s": "/usr/share/doc/m2crypto-0.20.2/demo/ZopeX3/instance_home/etc/zope.conf.patch", "size_i": "578", "regex": "false"},
	{"name_s": "/usr/share/doc/m2crypto-0.20.2/demo/ZopeX3/instance_home/ssl", "size_i": "4096", "regex": "false"},
	{"name_s": "/usr/share/doc/m2crypto-0.20.2/demo/ZopeX3/instance_home/ssl/ca.pem", "size_i": "1220", "regex": "false"},
	{"name_s": "/usr/share/doc/m2crypto-0.20.2/demo/ZopeX3/instance_home/ssl/dh1024.pem", "size_i": "245", "regex": "false"},
	{"name_s": "/usr/share/doc/m2crypto-0.20.2/demo/ZopeX3/instance_home/ssl/server.pem", "size_i": "2120", "regex": "false"},
	{"name_s": "/usr/share/doc/m2crypto-0.20.2/demo/bio_mem_rw.py", "size_i": "1015", "regex": "false"},
	{"name_s": "/usr/share/doc/m2crypto-0.20.2/demo/dhtest.py", "size_i": "647", "regex": "false"},
	{"name_s": "/usr/share/doc/m2crypto-0.20.2/demo/dsa1024pvtkey.pem", "size_i": "672", "regex": "false"},
	{"name_s": "/usr/share/doc/m2crypto-0.20.2/demo/dsa_bench.py", "size_i": "5197", "regex": "false"},
	{"name_s": "/usr/share/doc/m2crypto-0.20.2/demo/dsatest.pem", "size_i": "404", "regex": "false"},
	{"name_s": "/usr/share/doc/m2crypto-0.20.2/demo/dsatest.py", "size_i": "1220", "regex": "false"},
	{"name_s": "/usr/share/doc/m2crypto-0.20.2/demo/ec", "size_i": "4096", "regex": "false"},
	{"name_s": "/usr/share/doc/m2crypto-0.20.2/demo/ec/ecdhtest.py", "size_i": "782", "regex": "false"},
	{"name_s": "/usr/share/doc/m2crypto-0.20.2/demo/ec/ecdsa_bench.py", "size_i": "12806", "regex": "false"},
	{"name_s": "/usr/share/doc/m2crypto-0.20.2/demo/ec/ecdsatest.pem", "size_i": "211", "regex": "false"},
	{"name_s": "/usr/share/doc/m2crypto-0.20.2/demo/ec/ecdsatest.py", "size_i": "1550", "regex": "false"},
	{"name_s": "/usr/share/doc/m2crypto-0.20.2/demo/ec/secp160r1pvtkey.pem", "size_i": "174", "regex": "false"},
	{"name_s": "/usr/share/doc/m2crypto-0.20.2/demo/https.howto", "size_i": "4096", "regex": "false"},
	{"name_s": "/usr/share/doc/m2crypto-0.20.2/demo/https.howto/ca.pem", "size_i": "2975", "regex": "false"},
	{"name_s": "/usr/share/doc/m2crypto-0.20.2/demo/https.howto/dh1024.pem", "size_i": "245", "regex": "false"},
	{"name_s": "/usr/share/doc/m2crypto-0.20.2/demo/https.howto/get_https.py", "size_i": "866", "regex": "false"},
	{"name_s": "/usr/share/doc/m2crypto-0.20.2/demo/https.howto/https_cli.py", "size_i": "1294", "regex": "false"},
	{"name_s": "/usr/share/doc/m2crypto-0.20.2/demo/https.howto/orig_https_srv.py", "size_i": "4573", "regex": "false"},
	{"name_s": "/usr/share/doc/m2crypto-0.20.2/demo/https.howto/server.pem", "size_i": "3867", "regex": "false"},
	{"name_s": "/usr/share/doc/m2crypto-0.20.2/demo/medusa", "size_i": "4096", "regex": "false"},
	{"name_s": "/usr/share/doc/m2crypto-0.20.2/demo/medusa/00_README", "size_i": "825", "regex": "false"},
	{"name_s": "/usr/share/doc/m2crypto-0.20.2/demo/medusa/START.py", "size_i": "1836", "regex": "false"},
	{"name_s": "/usr/share/doc/m2crypto-0.20.2/demo/medusa/START_xmlrpc.py", "size_i": "1745", "regex": "false"},
	{"name_s": "/usr/share/doc/m2crypto-0.20.2/demo/medusa/asynchat.py", "size_i": "8890", "regex": "false"},
	{"name_s": "/usr/share/doc/m2crypto-0.20.2/demo/medusa/asyncore.py", "size_i": "14260", "regex": "false"},
	{"name_s": "/usr/share/doc/m2crypto-0.20.2/demo/medusa/auth_handler.py", "size_i": "3831", "regex": "false"},
	{"name_s": "/usr/share/doc/m2crypto-0.20.2/demo/medusa/ca.pem", "size_i": "1220", "regex": "false"},
	{"name_s": "/usr/share/doc/m2crypto-0.20.2/demo/medusa/counter.py", "size_i": "1290", "regex": "false"},
	{"name_s": "/usr/share/doc/m2crypto-0.20.2/demo/medusa/default_handler.py", "size_i": "5140", "regex": "false"},
	{"name_s": "/usr/share/doc/m2crypto-0.20.2/demo/medusa/dh1024.pem", "size_i": "245", "regex": "false"},
	{"name_s": "/usr/share/doc/m2crypto-0.20.2/demo/medusa/filesys.py", "size_i": "11075", "regex": "false"},
	{"name_s": "/usr/share/doc/m2crypto-0.20.2/demo/medusa/ftp_server.py", "size_i": "32018", "regex": "false"},
	{"name_s": "/usr/share/doc/m2crypto-0.20.2/demo/medusa/ftps_server.py", "size_i": "15350", "regex": "false"},
	{"name_s": "/usr/share/doc/m2crypto-0.20.2/demo/medusa/http_date.py", "size_i": "2660", "regex": "false"},
	{"name_s": "/usr/share/doc/m2crypto-0.20.2/demo/medusa/http_server.py", "size_i": "20280", "regex": "false"},
	{"name_s": "/usr/share/doc/m2crypto-0.20.2/demo/medusa/https_server.py", "size_i": "2622", "regex": "false"},
	{"name_s": "/usr/share/doc/m2crypto-0.20.2/demo/medusa/index.html", "size_i": "110", "regex": "false"},
	{"name_s": "/usr/share/doc/m2crypto-0.20.2/demo/medusa/logger.py", "size_i": "6936", "regex": "false"},
	{"name_s": "/usr/share/doc/m2crypto-0.20.2/demo/medusa/m_syslog.py", "size_i": "5777", "regex": "false"},
	{"name_s": "/usr/share/doc/m2crypto-0.20.2/demo/medusa/medusa_gif.py", "size_i": "2772", "regex": "false"},
	{"name_s": "/usr/share/doc/m2crypto-0.20.2/demo/medusa/mime_type_table.py", "size_i": "3941", "regex": "false"},
	{"name_s": "/usr/share/doc/m2crypto-0.20.2/demo/medusa/poison_handler.py", "size_i": "1798", "regex": "false"},
	{"name_s": "/usr/share/doc/m2crypto-0.20.2/demo/medusa/producers.py", "size_i": "7824", "regex": "false"},
	{"name_s": "/usr/share/doc/m2crypto-0.20.2/demo/medusa/put_handler.py", "size_i": "2610", "regex": "false"},
	{"name_s": "/usr/share/doc/m2crypto-0.20.2/demo/medusa/redirecting_handler.py", "size_i": "1066", "regex": "false"},
	{"name_s": "/usr/share/doc/m2crypto-0.20.2/demo/medusa/server.pem", "size_i": "2120", "regex": "false"},
	{"name_s": "/usr/share/doc/m2crypto-0.20.2/demo/medusa/status_handler.py", "size_i": "7576", "regex": "false"},
	{"name_s": "/usr/share/doc/m2crypto-0.20.2/demo/medusa/virtual_handler.py", "size_i": "1555", "regex": "false"},
	{"name_s": "/usr/share/doc/m2crypto-0.20.2/demo/medusa/xmlrpc_handler.py", "size_i": "2504", "regex": "false"},
	{"name_s": "/usr/share/doc/m2crypto-0.20.2/demo/medusa054", "size_i": "4096", "regex": "false"},
	{"name_s": "/usr/share/doc/m2crypto-0.20.2/demo/medusa054/00_README", "size_i": "798", "regex": "false"},
	{"name_s": "/usr/share/doc/m2crypto-0.20.2/demo/medusa054/START.py", "size_i": "1845", "regex": "false"},
	{"name_s": "/usr/share/doc/m2crypto-0.20.2/demo/medusa054/START_xmlrpc.py", "size_i": "1747", "regex": "false"},
	{"name_s": "/usr/share/doc/m2crypto-0.20.2/demo/medusa054/ca.pem", "size_i": "1220", "regex": "false"},
	{"name_s": "/usr/share/doc/m2crypto-0.20.2/demo/medusa054/counter.py", "size_i": "1440", "regex": "false"},
	{"name_s": "/usr/share/doc/m2crypto-0.20.2/demo/medusa054/default_handler.py", "size_i": "6252", "regex": "false"},
	{"name_s": "/usr/share/doc/m2crypto-0.20.2/demo/medusa054/dh1024.pem", "size_i": "245", "regex": "false"},
	{"name_s": "/usr/share/doc/m2crypto-0.20.2/demo/medusa054/filesys.py", "size_i": "11197", "regex": "false"},
	{"name_s": "/usr/share/doc/m2crypto-0.20.2/demo/medusa054/ftp_server.py", "size_i": "40496", "regex": "false"},
	{"name_s": "/usr/share/doc/m2crypto-0.20.2/demo/medusa054/ftps_server.py", "size_i": "15360", "regex": "false"},
	{"name_s": "/usr/share/doc/m2crypto-0.20.2/demo/medusa054/http_date.py", "size_i": "3415", "regex": "false"},
	{"name_s": "/usr/share/doc/m2crypto-0.20.2/demo/medusa054/http_server.py", "size_i": "25141", "regex": "false"},
	{"name_s": "/usr/share/doc/m2crypto-0.20.2/demo/medusa054/https_server.py", "size_i": "2665", "regex": "false"},
	{"name_s": "/usr/share/doc/m2crypto-0.20.2/demo/medusa054/index.html", "size_i": "110", "regex": "false"},
	{"name_s": "/usr/share/doc/m2crypto-0.20.2/demo/medusa054/logger.py", "size_i": "8000", "regex": "false"},
	{"name_s": "/usr/share/doc/m2crypto-0.20.2/demo/medusa054/m_syslog.py", "size_i": "7351", "regex": "false"},
	{"name_s": "/usr/share/doc/m2crypto-0.20.2/demo/medusa054/medusa_gif.py", "size_i": "2772", "regex": "false"},
	{"name_s": "/usr/share/doc/m2crypto-0.20.2/demo/medusa054/poison_handler.py", "size_i": "1798", "regex": "false"},
	{"name_s": "/usr/share/doc/m2crypto-0.20.2/demo/medusa054/producers.py", "size_i": "9366", "regex": "false"},
	{"name_s": "/usr/share/doc/m2crypto-0.20.2/demo/medusa054/server.pem", "size_i": "2120", "regex": "false"},
	{"name_s": "/usr/share/doc/m2crypto-0.20.2/demo/medusa054/status_handler.py", "size_i": "9343", "regex": "false"},
	{"name_s": "/usr/share/doc/m2crypto-0.20.2/demo/medusa054/xmlrpc_handler.py", "size_i": "2935", "regex": "false"},
	{"name_s": "/usr/share/doc/m2crypto-0.20.2/demo/perf", "size_i": "4096", "regex": "false"},
	{"name_s": "/usr/share/doc/m2crypto-0.20.2/demo/perf/memio.py", "size_i": "1266", "regex": "false"},
	{"name_s": "/usr/share/doc/m2crypto-0.20.2/demo/perf/sha1.py", "size_i": "1057", "regex": "false"},
	{"name_s": "/usr/share/doc/m2crypto-0.20.2/demo/pgp", "size_i": "4096", "regex": "false"},
	{"name_s": "/usr/share/doc/m2crypto-0.20.2/demo/pgp/pgpstep.py", "size_i": "3043", "regex": "false"},
	{"name_s": "/usr/share/doc/m2crypto-0.20.2/demo/pgp/pubring.pgp", "size_i": "1088", "regex": "false"},
	{"name_s": "/usr/share/doc/m2crypto-0.20.2/demo/pgp/secring.pgp", "size_i": "1969", "regex": "false"},
	{"name_s": "/usr/share/doc/m2crypto-0.20.2/demo/pkcs7", "size_i": "4096", "regex": "false"},
	{"name_s": "/usr/share/doc/m2crypto-0.20.2/demo/pkcs7/pkcs7-thawte.pem", "size_i": "2793", "regex": "false"},
	{"name_s": "/usr/share/doc/m2crypto-0.20.2/demo/pkcs7/test.py", "size_i": "119", "regex": "false"},
	{"name_s": "/usr/share/doc/m2crypto-0.20.2/demo/rsa.priv.pem", "size_i": "497", "regex": "false"},
	{"name_s": "/usr/share/doc/m2crypto-0.20.2/demo/rsa.priv0.pem", "size_i": "620", "regex": "false"},
	{"name_s": "/usr/share/doc/m2crypto-0.20.2/demo/rsa.pub.pem", "size_i": "182", "regex": "false"},
	{"name_s": "/usr/share/doc/m2crypto-0.20.2/demo/rsa1024pvtkey.pem", "size_i": "887", "regex": "false"},
	{"name_s": "/usr/share/doc/m2crypto-0.20.2/demo/rsa_bench.py", "size_i": "5693", "regex": "false"},
	{"name_s": "/usr/share/doc/m2crypto-0.20.2/demo/rsatest.py", "size_i": "1222", "regex": "false"},
	{"name_s": "/usr/share/doc/m2crypto-0.20.2/demo/smime", "size_i": "4096", "regex": "false"},
	{"name_s": "/usr/share/doc/m2crypto-0.20.2/demo/smime.howto", "size_i": "4096", "regex": "false"},
	{"name_s": "/usr/share/doc/m2crypto-0.20.2/demo/smime.howto/README", "size_i": "76", "regex": "false"},
	{"name_s": "/usr/share/doc/m2crypto-0.20.2/demo/smime.howto/decrypt.py", "size_i": "409", "regex": "false"},
	{"name_s": "/usr/share/doc/m2crypto-0.20.2/demo/smime.howto/dv.py", "size_i": "990", "regex": "false"},
	{"name_s": "/usr/share/doc/m2crypto-0.20.2/demo/smime.howto/encrypt.p7", "size_i": "689", "regex": "false"},
	{"name_s": "/usr/share/doc/m2crypto-0.20.2/demo/smime.howto/encrypt.py", "size_i": "944", "regex": "false"},
	{"name_s": "/usr/share/doc/m2crypto-0.20.2/demo/smime.howto/recipient.pem", "size_i": "1090", "regex": "false"},
	{"name_s": "/usr/share/doc/m2crypto-0.20.2/demo/smime.howto/recipient_key.pem", "size_i": "887", "regex": "false"},
	{"name_s": "/usr/share/doc/m2crypto-0.20.2/demo/smime.howto/se.p7", "size_i": "3260", "regex": "false"},
	{"name_s": "/usr/share/doc/m2crypto-0.20.2/demo/smime.howto/se.py", "size_i": "1208", "regex": "false"},
	{"name_s": "/usr/share/doc/m2crypto-0.20.2/demo/smime.howto/sendsmime.py", "size_i": "2476", "regex": "false"},
	{"name_s": "/usr/share/doc/m2crypto-0.20.2/demo/smime.howto/sign.p7", "size_i": "2287", "regex": "false"},
	{"name_s": "/usr/share/doc/m2crypto-0.20.2/demo/smime.howto/sign.py", "size_i": "818", "regex": "false"},
	{"name_s": "/usr/share/doc/m2crypto-0.20.2/demo/smime.howto/signer.pem", "size_i": "1062", "regex": "false"},
	{"name_s": "/usr/share/doc/m2crypto-0.20.2/demo/smime.howto/signer_key.pem", "size_i": "891", "regex": "false"},
	{"name_s": "/usr/share/doc/m2crypto-0.20.2/demo/smime.howto/verify.py", "size_i": "639", "regex": "false"},
	{"name_s": "/usr/share/doc/m2crypto-0.20.2/demo/smime/README", "size_i": "1643", "regex": "false"},
	{"name_s": "/usr/share/doc/m2crypto-0.20.2/demo/smime/ca.pem", "size_i": "1220", "regex": "false"},
	{"name_s": "/usr/share/doc/m2crypto-0.20.2/demo/smime/clear.p7", "size_i": "3537", "regex": "false"},
	{"name_s": "/usr/share/doc/m2crypto-0.20.2/demo/smime/client.p12", "size_i": "1604", "regex": "false"},
	{"name_s": "/usr/share/doc/m2crypto-0.20.2/demo/smime/client.pem", "size_i": "2060", "regex": "false"},
	{"name_s": "/usr/share/doc/m2crypto-0.20.2/demo/smime/client2.pem", "size_i": "2064", "regex": "false"},
	{"name_s": "/usr/share/doc/m2crypto-0.20.2/demo/smime/m2.se.p7", "size_i": "5063", "regex": "false"},
	{"name_s": "/usr/share/doc/m2crypto-0.20.2/demo/smime/ns.p7", "size_i": "2852", "regex": "false"},
	{"name_s": "/usr/share/doc/m2crypto-0.20.2/demo/smime/ns.se.p7", "size_i": "5147", "regex": "false"},
	{"name_s": "/usr/share/doc/m2crypto-0.20.2/demo/smime/opaque.p7", "size_i": "2693", "regex": "false"},
	{"name_s": "/usr/share/doc/m2crypto-0.20.2/demo/smime/sendsmime.py", "size_i": "2468", "regex": "false"},
	{"name_s": "/usr/share/doc/m2crypto-0.20.2/demo/smime/test.py", "size_i": "4505", "regex": "false"},
	{"name_s": "/usr/share/doc/m2crypto-0.20.2/demo/smime/unsmime.py", "size_i": "1250", "regex": "false"},
	{"name_s": "/usr/share/doc/m2crypto-0.20.2/demo/ssl", "size_i": "4096", "regex": "false"},
	{"name_s": "/usr/share/doc/m2crypto-0.20.2/demo/ssl/README", "size_i": "879", "regex": "false"},
	{"name_s": "/usr/share/doc/m2crypto-0.20.2/demo/ssl/c.py", "size_i": "1538", "regex": "false"},
	{"name_s": "/usr/share/doc/m2crypto-0.20.2/demo/ssl/c_bio.py", "size_i": "1539", "regex": "false"},
	{"name_s": "/usr/share/doc/m2crypto-0.20.2/demo/ssl/ca.der", "size_i": "841", "regex": "false"},
	{"name_s": "/usr/share/doc/m2crypto-0.20.2/demo/ssl/ca.pem", "size_i": "1220", "regex": "false"},
	{"name_s": "/usr/share/doc/m2crypto-0.20.2/demo/ssl/client.p12", "size_i": "1604", "regex": "false"},
	{"name_s": "/usr/share/doc/m2crypto-0.20.2/demo/ssl/client.pem", "size_i": "2075", "regex": "false"},
	{"name_s": "/usr/share/doc/m2crypto-0.20.2/demo/ssl/dh1024.pem", "size_i": "245", "regex": "false"},
	{"name_s": "/usr/share/doc/m2crypto-0.20.2/demo/ssl/echo-eg.py", "size_i": "1032", "regex": "false"},
	{"name_s": "/usr/share/doc/m2crypto-0.20.2/demo/ssl/echo.py", "size_i": "1318", "regex": "false"},
	{"name_s": "/usr/share/doc/m2crypto-0.20.2/demo/ssl/echod-async.py", "size_i": "2998", "regex": "false"},
	{"name_s": "/usr/share/doc/m2crypto-0.20.2/demo/ssl/echod-eg1.py", "size_i": "1461", "regex": "false"},
	{"name_s": "/usr/share/doc/m2crypto-0.20.2/demo/ssl/echod-forking.py", "size_i": "629", "regex": "false"},
	{"name_s": "/usr/share/doc/m2crypto-0.20.2/demo/ssl/echod-iterative.py", "size_i": "652", "regex": "false"},
	{"name_s": "/usr/share/doc/m2crypto-0.20.2/demo/ssl/echod-thread.py", "size_i": "1490", "regex": "false"},
	{"name_s": "/usr/share/doc/m2crypto-0.20.2/demo/ssl/echod-threading.py", "size_i": "921", "regex": "false"},
	{"name_s": "/usr/share/doc/m2crypto-0.20.2/demo/ssl/echod_lib.py", "size_i": "1294", "regex": "false"},
	{"name_s": "/usr/share/doc/m2crypto-0.20.2/demo/ssl/ftp_tls.py", "size_i": "886", "regex": "false"},
	{"name_s": "/usr/share/doc/m2crypto-0.20.2/demo/ssl/http_cli_20.py", "size_i": "509", "regex": "false"},
	{"name_s": "/usr/share/doc/m2crypto-0.20.2/demo/ssl/https_cli.py", "size_i": "1169", "regex": "false"},
	{"name_s": "/usr/share/doc/m2crypto-0.20.2/demo/ssl/https_cli_async.py", "size_i": "3648", "regex": "false"},
	{"name_s": "/usr/share/doc/m2crypto-0.20.2/demo/ssl/https_srv.py", "size_i": "4435", "regex": "false"},
	{"name_s": "/usr/share/doc/m2crypto-0.20.2/demo/ssl/myapp.py", "size_i": "766", "regex": "false"},
	{"name_s": "/usr/share/doc/m2crypto-0.20.2/demo/ssl/s_client.py", "size_i": "2795", "regex": "false"},
	{"name_s": "/usr/share/doc/m2crypto-0.20.2/demo/ssl/s_server.py", "size_i": "4980", "regex": "false"},
	{"name_s": "/usr/share/doc/m2crypto-0.20.2/demo/ssl/server.pem", "size_i": "2120", "regex": "false"},
	{"name_s": "/usr/share/doc/m2crypto-0.20.2/demo/ssl/server3.py", "size_i": "3193", "regex": "false"},
	{"name_s": "/usr/share/doc/m2crypto-0.20.2/demo/ssl/sess.py", "size_i": "2199", "regex": "false"},
	{"name_s": "/usr/share/doc/m2crypto-0.20.2/demo/ssl/sess2.py", "size_i": "1994", "regex": "false"},
	{"name_s": "/usr/share/doc/m2crypto-0.20.2/demo/ssl/sess2.ssldump.out", "size_i": "4430", "regex": "false"},
	{"name_s": "/usr/share/doc/m2crypto-0.20.2/demo/ssl/socklib.py", "size_i": "1353", "regex": "false"},
	{"name_s": "/usr/share/doc/m2crypto-0.20.2/demo/ssl/somelib.py", "size_i": "637", "regex": "false"},
	{"name_s": "/usr/share/doc/m2crypto-0.20.2/demo/ssl/ss.py", "size_i": "456", "regex": "false"},
	{"name_s": "/usr/share/doc/m2crypto-0.20.2/demo/ssl/twistedsslclient.py", "size_i": "1180", "regex": "false"},
	{"name_s": "/usr/share/doc/m2crypto-0.20.2/demo/ssl/twistedsslserver.py", "size_i": "899", "regex": "false"},
	{"name_s": "/usr/share/doc/m2crypto-0.20.2/demo/ssl/xmlrpc_cli.py", "size_i": "703", "regex": "false"},
	{"name_s": "/usr/share/doc/m2crypto-0.20.2/demo/ssl/xmlrpc_srv.py", "size_i": "758", "regex": "false"},
	{"name_s": "/usr/share/doc/m2crypto-0.20.2/demo/tinderbox", "size_i": "4096", "regex": "false"},
	{"name_s": "/usr/share/doc/m2crypto-0.20.2/demo/tinderbox/build_lib.py", "size_i": "4005", "regex": "false"},
	{"name_s": "/usr/share/doc/m2crypto-0.20.2/demo/tinderbox/killableprocess.py", "size_i": "8030", "regex": "false"},
	{"name_s": "/usr/share/doc/m2crypto-0.20.2/demo/tinderbox/slave.py", "size_i": "4872", "regex": "false"},
	{"name_s": "/usr/share/doc/m2crypto-0.20.2/demo/tinderbox/winprocess.py", "size_i": "9554", "regex": "false"},
	{"name_s": "/usr/share/doc/m2crypto-0.20.2/demo/x509", "size_i": "4096", "regex": "false"},
	{"name_s": "/usr/share/doc/m2crypto-0.20.2/demo/x509/ca.py", "size_i": "3218", "regex": "false"},
	{"name_s": "/usr/share/doc/m2crypto-0.20.2/demo/x509/certdata2pem.py", "size_i": "1656", "regex": "false"},
	{"name_s": "/usr/share/doc/m2crypto-0.20.2/demo/x509/client2.pem", "size_i": "2064", "regex": "false"},
	{"name_s": "/usr/share/doc/m2crypto-0.20.2/demo/x509/demo1.py", "size_i": "1494", "regex": "false"},
	{"name_s": "/usr/share/doc/m2crypto-0.20.2/demo/x509/proxy_destroy.py", "size_i": "1163", "regex": "false"},
	{"name_s": "/usr/share/doc/m2crypto-0.20.2/demo/x509/proxy_info.py", "size_i": "1964", "regex": "false"},
	{"name_s": "/usr/share/doc/m2crypto-0.20.2/demo/x509/proxy_init.py", "size_i": "1736", "regex": "false"},
	{"name_s": "/usr/share/doc/m2crypto-0.20.2/demo/x509/proxylib.py", "size_i": "10809", "regex": "false"},
	{"name_s": "/usr/share/doc/m2crypto-0.20.2/demo/x509/server-expired.pem", "size_i": "2048", "regex": "false"},
	{"name_s": "/usr/share/doc/m2crypto-0.20.2/demo/x509/server.pem", "size_i": "2120", "regex": "false"},
	{"name_s": "/usr/share/doc/m2crypto-0.20.2/demo/x509/x509auth.py", "size_i": "35181", "regex": "false"},
	{"name_s": "/usr/share/doc/m2crypto-0.20.2/tests", "size_i": "4096", "regex": "false"},
	{"name_s": "/usr/share/doc/m2crypto-0.20.2/tests/README", "size_i": "1525", "regex": "false"},
	{"name_s": "/usr/share/doc/m2crypto-0.20.2/tests/__init__.py", "size_i": "0", "regex": "false"},
	{"name_s": "/usr/share/doc/m2crypto-0.20.2/tests/alltests.py", "size_i": "2741", "regex": "false"},
	{"name_s": "/usr/share/doc/m2crypto-0.20.2/tests/ca.pem", "size_i": "3179", "regex": "false"},
	{"name_s": "/usr/share/doc/m2crypto-0.20.2/tests/der_encoded_seq.b64", "size_i": "1304", "regex": "false"},
	{"name_s": "/usr/share/doc/m2crypto-0.20.2/tests/dhparams.pem", "size_i": "245", "regex": "false"},
	{"name_s": "/usr/share/doc/m2crypto-0.20.2/tests/dsa.param.pem", "size_i": "455", "regex": "false"},
	{"name_s": "/usr/share/doc/m2crypto-0.20.2/tests/dsa.priv.pem", "size_i": "509", "regex": "false"},
	{"name_s": "/usr/share/doc/m2crypto-0.20.2/tests/dsa.pub.pem", "size_i": "654", "regex": "false"},
	{"name_s": "/usr/share/doc/m2crypto-0.20.2/tests/ec.priv.pem", "size_i": "211", "regex": "false"},
	{"name_s": "/usr/share/doc/m2crypto-0.20.2/tests/ec.pub.pem", "size_i": "166", "regex": "false"},
	{"name_s": "/usr/share/doc/m2crypto-0.20.2/tests/fips.py", "size_i": "164", "regex": "false"},
	{"name_s": "/usr/share/doc/m2crypto-0.20.2/tests/long_serial_cert.pem", "size_i": "993", "regex": "false"},
	{"name_s": "/usr/share/doc/m2crypto-0.20.2/tests/pubring.pgp", "size_i": "1088", "regex": "false"},
	{"name_s": "/usr/share/doc/m2crypto-0.20.2/tests/recipient.pem", "size_i": "3132", "regex": "false"},
	{"name_s": "/usr/share/doc/m2crypto-0.20.2/tests/recipient_key.pem", "size_i": "887", "regex": "false"},
	{"name_s": "/usr/share/doc/m2crypto-0.20.2/tests/rsa.priv.pem", "size_i": "916", "regex": "false"},
	{"name_s": "/usr/share/doc/m2crypto-0.20.2/tests/rsa.priv2.pem", "size_i": "1041", "regex": "false"},
	{"name_s": "/usr/share/doc/m2crypto-0.20.2/tests/rsa.pub.pem", "size_i": "272", "regex": "false"},
	{"name_s": "/usr/share/doc/m2crypto-0.20.2/tests/server.pem", "size_i": "3939", "regex": "false"},
	{"name_s": "/usr/share/doc/m2crypto-0.20.2/tests/signer.pem", "size_i": "3118", "regex": "false"},
	{"name_s": "/usr/share/doc/m2crypto-0.20.2/tests/signer_key.pem", "size_i": "887", "regex": "false"},
	{"name_s": "/usr/share/doc/m2crypto-0.20.2/tests/test_asn1.py", "size_i": "2864", "regex": "false"},
	{"name_s": "/usr/share/doc/m2crypto-0.20.2/tests/test_authcookie.py", "size_i": "4930", "regex": "false"},
	{"name_s": "/usr/share/doc/m2crypto-0.20.2/tests/test_bio.py", "size_i": "2444", "regex": "false"},
	{"name_s": "/usr/share/doc/m2crypto-0.20.2/tests/test_bio_file.py", "size_i": "2019", "regex": "false"},
	{"name_s": "/usr/share/doc/m2crypto-0.20.2/tests/test_bio_iobuf.py", "size_i": "2279", "regex": "false"},
	{"name_s": "/usr/share/doc/m2crypto-0.20.2/tests/test_bio_membuf.py", "size_i": "1637", "regex": "false"},
	{"name_s": "/usr/share/doc/m2crypto-0.20.2/tests/test_bio_ssl.py", "size_i": "4783", "regex": "false"},
	{"name_s": "/usr/share/doc/m2crypto-0.20.2/tests/test_bn.py", "size_i": "1921", "regex": "false"},
	{"name_s": "/usr/share/doc/m2crypto-0.20.2/tests/test_dh.py", "size_i": "1691", "regex": "false"},
	{"name_s": "/usr/share/doc/m2crypto-0.20.2/tests/test_dsa.py", "size_i": "3023", "regex": "false"},
	{"name_s": "/usr/share/doc/m2crypto-0.20.2/tests/test_ec_curves.py", "size_i": "4921", "regex": "false"},
	{"name_s": "/usr/share/doc/m2crypto-0.20.2/tests/test_ecdh.py", "size_i": "1224", "regex": "false"},
	{"name_s": "/usr/share/doc/m2crypto-0.20.2/tests/test_ecdsa.py", "size_i": "2117", "regex": "false"},
	{"name_s": "/usr/share/doc/m2crypto-0.20.2/tests/test_engine.py", "size_i": "1254", "regex": "false"},
	{"name_s": "/usr/share/doc/m2crypto-0.20.2/tests/test_evp.py", "size_i": "18555", "regex": "false"},
	{"name_s": "/usr/share/doc/m2crypto-0.20.2/tests/test_obj.py", "size_i": "3285", "regex": "false"},
	{"name_s": "/usr/share/doc/m2crypto-0.20.2/tests/test_pgp.py", "size_i": "963", "regex": "false"},
	{"name_s": "/usr/share/doc/m2crypto-0.20.2/tests/test_rand.py", "size_i": "1553", "regex": "false"},
	{"name_s": "/usr/share/doc/m2crypto-0.20.2/tests/test_rc4.py", "size_i": "1255", "regex": "false"},
	{"name_s": "/usr/share/doc/m2crypto-0.20.2/tests/test_rsa.py", "size_i": "11040", "regex": "false"},
	{"name_s": "/usr/share/doc/m2crypto-0.20.2/tests/test_smime.py", "size_i": "8599", "regex": "false"},
	{"name_s": "/usr/share/doc/m2crypto-0.20.2/tests/test_ssl.py", "size_i": "41375", "regex": "false"},
	{"name_s": "/usr/share/doc/m2crypto-0.20.2/tests/test_ssl_win.py", "size_i": "1984", "regex": "false"},
	{"name_s": "/usr/share/doc/m2crypto-0.20.2/tests/test_threading.py", "size_i": "875", "regex": "false"},
	{"name_s": "/usr/share/doc/m2crypto-0.20.2/tests/test_x509.py", "size_i": "21944", "regex": "false"},
	{"name_s": "/usr/share/doc/m2crypto-0.20.2/tests/thawte.pem", "size_i": "1530", "regex": "false"},
	{"name_s": "/usr/share/doc/m2crypto-0.20.2/tests/x509.der", "size_i": "656", "regex": "false"},
	{"name_s": "/usr/share/doc/m2crypto-0.20.2/tests/x509.pem", "size_i": "3922", "regex": "false"}
]
