[
	{"name_s": "/usr/i686-pc-mingw32/sys-root/mingw/include/GL", "size_i": "4096", "regex": "false"},
	{"name_s": "/usr/i686-pc-mingw32/sys-root/mingw/include/GL/gl.h", "size_i": "79874", "regex": "false"},
	{"name_s": "/usr/i686-pc-mingw32/sys-root/mingw/include/GL/glext.h", "size_i": "234006", "regex": "false"},
	{"name_s": "/usr/i686-pc-mingw32/sys-root/mingw/include/GL/glu.h", "size_i": "13755", "regex": "false"},
	{"name_s": "/usr/i686-pc-mingw32/sys-root/mingw/include/accctrl.h", "size_i": "12028", "regex": "false"},
	{"name_s": "/usr/i686-pc-mingw32/sys-root/mingw/include/aclapi.h", "size_i": "6913", "regex": "false"},
	{"name_s": "/usr/i686-pc-mingw32/sys-root/mingw/include/aclui.h", "size_i": "3504", "regex": "false"},
	{"name_s": "/usr/i686-pc-mingw32/sys-root/mingw/include/adsprop.h", "size_i": "1656", "regex": "false"},
	{"name_s": "/usr/i686-pc-mingw32/sys-root/mingw/include/afxres.h", "size_i": "324", "regex": "false"},
	{"name_s": "/usr/i686-pc-mingw32/sys-root/mingw/include/amaudio.h", "size_i": "952", "regex": "false"},
	{"name_s": "/usr/i686-pc-mingw32/sys-root/mingw/include/amvideo.h", "size_i": "6187", "regex": "false"},
	{"name_s": "/usr/i686-pc-mingw32/sys-root/mingw/include/audevcod.h", "size_i": "664", "regex": "false"},
	{"name_s": "/usr/i686-pc-mingw32/sys-root/mingw/include/aviriff.h", "size_i": "1695", "regex": "false"},
	{"name_s": "/usr/i686-pc-mingw32/sys-root/mingw/include/aygshell.h", "size_i": "1339", "regex": "false"},
	{"name_s": "/usr/i686-pc-mingw32/sys-root/mingw/include/basetsd.h", "size_i": "3875", "regex": "false"},
	{"name_s": "/usr/i686-pc-mingw32/sys-root/mingw/include/basetyps.h", "size_i": "5511", "regex": "false"},
	{"name_s": "/usr/i686-pc-mingw32/sys-root/mingw/include/bdatypes.h", "size_i": "597", "regex": "false"},
	{"name_s": "/usr/i686-pc-mingw32/sys-root/mingw/include/cderr.h", "size_i": "1390", "regex": "false"},
	{"name_s": "/usr/i686-pc-mingw32/sys-root/mingw/include/cguid.h", "size_i": "2962", "regex": "false"},
	{"name_s": "/usr/i686-pc-mingw32/sys-root/mingw/include/cmnquery.h", "size_i": "2210", "regex": "false"},
	{"name_s": "/usr/i686-pc-mingw32/sys-root/mingw/include/comcat.h", "size_i": "7129", "regex": "false"},
	{"name_s": "/usr/i686-pc-mingw32/sys-root/mingw/include/commctrl.h", "size_i": "124431", "regex": "false"},
	{"name_s": "/usr/i686-pc-mingw32/sys-root/mingw/include/commdlg.h", "size_i": "17657", "regex": "false"},
	{"name_s": "/usr/i686-pc-mingw32/sys-root/mingw/include/control.h", "size_i": "271", "regex": "false"},
	{"name_s": "/usr/i686-pc-mingw32/sys-root/mingw/include/cpl.h", "size_i": "1270", "regex": "false"},
	{"name_s": "/usr/i686-pc-mingw32/sys-root/mingw/include/cplext.h", "size_i": "261", "regex": "false"},
	{"name_s": "/usr/i686-pc-mingw32/sys-root/mingw/include/custcntl.h", "size_i": "2520", "regex": "false"},
	{"name_s": "/usr/i686-pc-mingw32/sys-root/mingw/include/d3d9.h", "size_i": "77234", "regex": "false"},
	{"name_s": "/usr/i686-pc-mingw32/sys-root/mingw/include/d3d9caps.h", "size_i": "11751", "regex": "false"},
	{"name_s": "/usr/i686-pc-mingw32/sys-root/mingw/include/d3d9types.h", "size_i": "33329", "regex": "false"},
	{"name_s": "/usr/i686-pc-mingw32/sys-root/mingw/include/dbt.h", "size_i": "4471", "regex": "false"},
	{"name_s": "/usr/i686-pc-mingw32/sys-root/mingw/include/dde.h", "size_i": "1703", "regex": "false"},
	{"name_s": "/usr/i686-pc-mingw32/sys-root/mingw/include/ddeml.h", "size_i": "9151", "regex": "false"},
	{"name_s": "/usr/i686-pc-mingw32/sys-root/mingw/include/ddk", "size_i": "4096", "regex": "false"},
	{"name_s": "/usr/i686-pc-mingw32/sys-root/mingw/include/ddk/atm.h", "size_i": "15923", "regex": "false"},
	{"name_s": "/usr/i686-pc-mingw32/sys-root/mingw/include/ddk/batclass.h", "size_i": "7824", "regex": "false"},
	{"name_s": "/usr/i686-pc-mingw32/sys-root/mingw/include/ddk/cfg.h", "size_i": "5845", "regex": "false"},
	{"name_s": "/usr/i686-pc-mingw32/sys-root/mingw/include/ddk/cfgmgr32.h", "size_i": "39418", "regex": "false"},
	{"name_s": "/usr/i686-pc-mingw32/sys-root/mingw/include/ddk/d4drvif.h", "size_i": "2986", "regex": "false"},
	{"name_s": "/usr/i686-pc-mingw32/sys-root/mingw/include/ddk/d4iface.h", "size_i": "2316", "regex": "false"},
	{"name_s": "/usr/i686-pc-mingw32/sys-root/mingw/include/ddk/ddkmapi.h", "size_i": "9529", "regex": "false"},
	{"name_s": "/usr/i686-pc-mingw32/sys-root/mingw/include/ddk/hidclass.h", "size_i": "4842", "regex": "false"},
	{"name_s": "/usr/i686-pc-mingw32/sys-root/mingw/include/ddk/hidpi.h", "size_i": "15899", "regex": "false"},
	{"name_s": "/usr/i686-pc-mingw32/sys-root/mingw/include/ddk/hidsdi.h", "size_i": "2220", "regex": "false"},
	{"name_s": "/usr/i686-pc-mingw32/sys-root/mingw/include/ddk/hidusage.h", "size_i": "10816", "regex": "false"},
	{"name_s": "/usr/i686-pc-mingw32/sys-root/mingw/include/ddk/kbdmou.h", "size_i": "3104", "regex": "false"},
	{"name_s": "/usr/i686-pc-mingw32/sys-root/mingw/include/ddk/mcd.h", "size_i": "3213", "regex": "false"},
	{"name_s": "/usr/i686-pc-mingw32/sys-root/mingw/include/ddk/miniport.h", "size_i": "1749", "regex": "false"},
	{"name_s": "/usr/i686-pc-mingw32/sys-root/mingw/include/ddk/minitape.h", "size_i": "6096", "regex": "false"},
	{"name_s": "/usr/i686-pc-mingw32/sys-root/mingw/include/ddk/mountdev.h", "size_i": "2094", "regex": "false"},
	{"name_s": "/usr/i686-pc-mingw32/sys-root/mingw/include/ddk/mountmgr.h", "size_i": "4388", "regex": "false"},
	{"name_s": "/usr/i686-pc-mingw32/sys-root/mingw/include/ddk/ndis.h", "size_i": "148001", "regex": "false"},
	{"name_s": "/usr/i686-pc-mingw32/sys-root/mingw/include/ddk/ndisguid.h", "size_i": "17002", "regex": "false"},
	{"name_s": "/usr/i686-pc-mingw32/sys-root/mingw/include/ddk/ndistapi.h", "size_i": "48941", "regex": "false"},
	{"name_s": "/usr/i686-pc-mingw32/sys-root/mingw/include/ddk/ndiswan.h", "size_i": "8178", "regex": "false"},
	{"name_s": "/usr/i686-pc-mingw32/sys-root/mingw/include/ddk/netevent.h", "size_i": "891", "regex": "false"},
	{"name_s": "/usr/i686-pc-mingw32/sys-root/mingw/include/ddk/netpnp.h", "size_i": "1582", "regex": "false"},
	{"name_s": "/usr/i686-pc-mingw32/sys-root/mingw/include/ddk/newdev.h", "size_i": "1624", "regex": "false"},
	{"name_s": "/usr/i686-pc-mingw32/sys-root/mingw/include/ddk/ntapi.h", "size_i": "92847", "regex": "false"},
	{"name_s": "/usr/i686-pc-mingw32/sys-root/mingw/include/ddk/ntdd8042.h", "size_i": "5823", "regex": "false"},
	{"name_s": "/usr/i686-pc-mingw32/sys-root/mingw/include/ddk/ntddbeep.h", "size_i": "1246", "regex": "false"},
	{"name_s": "/usr/i686-pc-mingw32/sys-root/mingw/include/ddk/ntddcdrm.h", "size_i": "9740", "regex": "false"},
	{"name_s": "/usr/i686-pc-mingw32/sys-root/mingw/include/ddk/ntddcdvd.h", "size_i": "5906", "regex": "false"},
	{"name_s": "/usr/i686-pc-mingw32/sys-root/mingw/include/ddk/ntddchgr.h", "size_i": "12288", "regex": "false"},
	{"name_s": "/usr/i686-pc-mingw32/sys-root/mingw/include/ddk/ntdddisk.h", "size_i": "16134", "regex": "false"},
	{"name_s": "/usr/i686-pc-mingw32/sys-root/mingw/include/ddk/ntddk.h", "size_i": "1848", "regex": "false"},
	{"name_s": "/usr/i686-pc-mingw32/sys-root/mingw/include/ddk/ntddkbd.h", "size_i": "3821", "regex": "false"},
	{"name_s": "/usr/i686-pc-mingw32/sys-root/mingw/include/ddk/ntddmou.h", "size_i": "3554", "regex": "false"},
	{"name_s": "/usr/i686-pc-mingw32/sys-root/mingw/include/ddk/ntddndis.h", "size_i": "7655", "regex": "false"},
	{"name_s": "/usr/i686-pc-mingw32/sys-root/mingw/include/ddk/ntddpar.h", "size_i": "4234", "regex": "false"},
	{"name_s": "/usr/i686-pc-mingw32/sys-root/mingw/include/ddk/ntddpcm.h", "size_i": "4570", "regex": "false"},
	{"name_s": "/usr/i686-pc-mingw32/sys-root/mingw/include/ddk/ntddscsi.h", "size_i": "4406", "regex": "false"},
	{"name_s": "/usr/i686-pc-mingw32/sys-root/mingw/include/ddk/ntddser.h", "size_i": "17223", "regex": "false"},
	{"name_s": "/usr/i686-pc-mingw32/sys-root/mingw/include/ddk/ntddstor.h", "size_i": "9024", "regex": "false"},
	{"name_s": "/usr/i686-pc-mingw32/sys-root/mingw/include/ddk/ntddtape.h", "size_i": "2956", "regex": "false"},
	{"name_s": "/usr/i686-pc-mingw32/sys-root/mingw/include/ddk/ntddtdi.h", "size_i": "2189", "regex": "false"},
	{"name_s": "/usr/i686-pc-mingw32/sys-root/mingw/include/ddk/ntddvdeo.h", "size_i": "13091", "regex": "false"},
	{"name_s": "/usr/i686-pc-mingw32/sys-root/mingw/include/ddk/ntddvol.h", "size_i": "4080", "regex": "false"},
	{"name_s": "/usr/i686-pc-mingw32/sys-root/mingw/include/ddk/ntifs.h", "size_i": "143684", "regex": "false"},
	{"name_s": "/usr/i686-pc-mingw32/sys-root/mingw/include/ddk/ntpoapi.h", "size_i": "5412", "regex": "false"},
	{"name_s": "/usr/i686-pc-mingw32/sys-root/mingw/include/ddk/ntstatus.h", "size_i": "63188", "regex": "false"},
	{"name_s": "/usr/i686-pc-mingw32/sys-root/mingw/include/ddk/parallel.h", "size_i": "8778", "regex": "false"},
	{"name_s": "/usr/i686-pc-mingw32/sys-root/mingw/include/ddk/pfhook.h", "size_i": "1884", "regex": "false"},
	{"name_s": "/usr/i686-pc-mingw32/sys-root/mingw/include/ddk/poclass.h", "size_i": "3537", "regex": "false"},
	{"name_s": "/usr/i686-pc-mingw32/sys-root/mingw/include/ddk/scsi.h", "size_i": "49920", "regex": "false"},
	{"name_s": "/usr/i686-pc-mingw32/sys-root/mingw/include/ddk/scsiscan.h", "size_i": "4063", "regex": "false"},
	{"name_s": "/usr/i686-pc-mingw32/sys-root/mingw/include/ddk/scsiwmi.h", "size_i": "5373", "regex": "false"},
	{"name_s": "/usr/i686-pc-mingw32/sys-root/mingw/include/ddk/smbus.h", "size_i": "4625", "regex": "false"},
	{"name_s": "/usr/i686-pc-mingw32/sys-root/mingw/include/ddk/srb.h", "size_i": "18446", "regex": "false"},
	{"name_s": "/usr/i686-pc-mingw32/sys-root/mingw/include/ddk/storport.h", "size_i": "7818", "regex": "false"},
	{"name_s": "/usr/i686-pc-mingw32/sys-root/mingw/include/ddk/tdi.h", "size_i": "18331", "regex": "false"},
	{"name_s": "/usr/i686-pc-mingw32/sys-root/mingw/include/ddk/tdiinfo.h", "size_i": "3137", "regex": "false"},
	{"name_s": "/usr/i686-pc-mingw32/sys-root/mingw/include/ddk/tdikrnl.h", "size_i": "37525", "regex": "false"},
	{"name_s": "/usr/i686-pc-mingw32/sys-root/mingw/include/ddk/tdistat.h", "size_i": "3452", "regex": "false"},
	{"name_s": "/usr/i686-pc-mingw32/sys-root/mingw/include/ddk/tvout.h", "size_i": "3715", "regex": "false"},
	{"name_s": "/usr/i686-pc-mingw32/sys-root/mingw/include/ddk/upssvc.h", "size_i": "1755", "regex": "false"},
	{"name_s": "/usr/i686-pc-mingw32/sys-root/mingw/include/ddk/usb.h", "size_i": "16150", "regex": "false"},
	{"name_s": "/usr/i686-pc-mingw32/sys-root/mingw/include/ddk/usb100.h", "size_i": "7196", "regex": "false"},
	{"name_s": "/usr/i686-pc-mingw32/sys-root/mingw/include/ddk/usbcamdi.h", "size_i": "10464", "regex": "false"},
	{"name_s": "/usr/i686-pc-mingw32/sys-root/mingw/include/ddk/usbdi.h", "size_i": "13287", "regex": "false"},
	{"name_s": "/usr/i686-pc-mingw32/sys-root/mingw/include/ddk/usbioctl.h", "size_i": "10637", "regex": "false"},
	{"name_s": "/usr/i686-pc-mingw32/sys-root/mingw/include/ddk/usbiodef.h", "size_i": "3584", "regex": "false"},
	{"name_s": "/usr/i686-pc-mingw32/sys-root/mingw/include/ddk/usbscan.h", "size_i": "4315", "regex": "false"},
	{"name_s": "/usr/i686-pc-mingw32/sys-root/mingw/include/ddk/usbuser.h", "size_i": "10125", "regex": "false"},
	{"name_s": "/usr/i686-pc-mingw32/sys-root/mingw/include/ddk/video.h", "size_i": "33531", "regex": "false"},
	{"name_s": "/usr/i686-pc-mingw32/sys-root/mingw/include/ddk/videoagp.h", "size_i": "3179", "regex": "false"},
	{"name_s": "/usr/i686-pc-mingw32/sys-root/mingw/include/ddk/win2k.h", "size_i": "2280", "regex": "false"},
	{"name_s": "/usr/i686-pc-mingw32/sys-root/mingw/include/ddk/winddi.h", "size_i": "88019", "regex": "false"},
	{"name_s": "/usr/i686-pc-mingw32/sys-root/mingw/include/ddk/winddk.h", "size_i": "218019", "regex": "false"},
	{"name_s": "/usr/i686-pc-mingw32/sys-root/mingw/include/ddk/winnt4.h", "size_i": "12282", "regex": "false"},
	{"name_s": "/usr/i686-pc-mingw32/sys-root/mingw/include/ddk/winxp.h", "size_i": "812", "regex": "false"},
	{"name_s": "/usr/i686-pc-mingw32/sys-root/mingw/include/ddk/ws2san.h", "size_i": "6912", "regex": "false"},
	{"name_s": "/usr/i686-pc-mingw32/sys-root/mingw/include/ddk/xfilter.h", "size_i": "5699", "regex": "false"},
	{"name_s": "/usr/i686-pc-mingw32/sys-root/mingw/include/devguid.h", "size_i": "2295", "regex": "false"},
	{"name_s": "/usr/i686-pc-mingw32/sys-root/mingw/include/dhcpcsdk.h", "size_i": "1197", "regex": "false"},
	{"name_s": "/usr/i686-pc-mingw32/sys-root/mingw/include/dlgs.h", "size_i": "3557", "regex": "false"},
	{"name_s": "/usr/i686-pc-mingw32/sys-root/mingw/include/docobj.h", "size_i": "4064", "regex": "false"},
	{"name_s": "/usr/i686-pc-mingw32/sys-root/mingw/include/dsadmin.h", "size_i": "944", "regex": "false"},
	{"name_s": "/usr/i686-pc-mingw32/sys-root/mingw/include/dsclient.h", "size_i": "5042", "regex": "false"},
	{"name_s": "/usr/i686-pc-mingw32/sys-root/mingw/include/dsgetdc.h", "size_i": "3717", "regex": "false"},
	{"name_s": "/usr/i686-pc-mingw32/sys-root/mingw/include/dshow.h", "size_i": "2778", "regex": "false"},
	{"name_s": "/usr/i686-pc-mingw32/sys-root/mingw/include/dsquery.h", "size_i": "1777", "regex": "false"},
	{"name_s": "/usr/i686-pc-mingw32/sys-root/mingw/include/dsrole.h", "size_i": "2138", "regex": "false"},
	{"name_s": "/usr/i686-pc-mingw32/sys-root/mingw/include/dvdevcod.h", "size_i": "2272", "regex": "false"},
	{"name_s": "/usr/i686-pc-mingw32/sys-root/mingw/include/dvdmedia.h", "size_i": "2917", "regex": "false"},
	{"name_s": "/usr/i686-pc-mingw32/sys-root/mingw/include/dxerr8.h", "size_i": "1462", "regex": "false"},
	{"name_s": "/usr/i686-pc-mingw32/sys-root/mingw/include/dxerr9.h", "size_i": "1458", "regex": "false"},
	{"name_s": "/usr/i686-pc-mingw32/sys-root/mingw/include/edevdefs.h", "size_i": "12846", "regex": "false"},
	{"name_s": "/usr/i686-pc-mingw32/sys-root/mingw/include/errorrep.h", "size_i": "767", "regex": "false"},
	{"name_s": "/usr/i686-pc-mingw32/sys-root/mingw/include/errors.h", "size_i": "6579", "regex": "false"},
	{"name_s": "/usr/i686-pc-mingw32/sys-root/mingw/include/evcode.h", "size_i": "1914", "regex": "false"},
	{"name_s": "/usr/i686-pc-mingw32/sys-root/mingw/include/exdisp.h", "size_i": "8895", "regex": "false"},
	{"name_s": "/usr/i686-pc-mingw32/sys-root/mingw/include/exdispid.h", "size_i": "301", "regex": "false"},
	{"name_s": "/usr/i686-pc-mingw32/sys-root/mingw/include/fltdefs.h", "size_i": "1199", "regex": "false"},
	{"name_s": "/usr/i686-pc-mingw32/sys-root/mingw/include/httpext.h", "size_i": "2944", "regex": "false"},
	{"name_s": "/usr/i686-pc-mingw32/sys-root/mingw/include/icm.h", "size_i": "13088", "regex": "false"},
	{"name_s": "/usr/i686-pc-mingw32/sys-root/mingw/include/idispids.h", "size_i": "190", "regex": "false"},
	{"name_s": "/usr/i686-pc-mingw32/sys-root/mingw/include/il21dec.h", "size_i": "812", "regex": "false"},
	{"name_s": "/usr/i686-pc-mingw32/sys-root/mingw/include/imagehlp.h", "size_i": "12551", "regex": "false"},
	{"name_s": "/usr/i686-pc-mingw32/sys-root/mingw/include/imm.h", "size_i": "15379", "regex": "false"},
	{"name_s": "/usr/i686-pc-mingw32/sys-root/mingw/include/initguid.h", "size_i": "291", "regex": "false"},
	{"name_s": "/usr/i686-pc-mingw32/sys-root/mingw/include/intshcut.h", "size_i": "3206", "regex": "false"},
	{"name_s": "/usr/i686-pc-mingw32/sys-root/mingw/include/ipexport.h", "size_i": "2811", "regex": "false"},
	{"name_s": "/usr/i686-pc-mingw32/sys-root/mingw/include/iphlpapi.h", "size_i": "3019", "regex": "false"},
	{"name_s": "/usr/i686-pc-mingw32/sys-root/mingw/include/ipifcons.h", "size_i": "5814", "regex": "false"},
	{"name_s": "/usr/i686-pc-mingw32/sys-root/mingw/include/ipinfoid.h", "size_i": "1404", "regex": "false"},
	{"name_s": "/usr/i686-pc-mingw32/sys-root/mingw/include/iprtrmib.h", "size_i": "6163", "regex": "false"},
	{"name_s": "/usr/i686-pc-mingw32/sys-root/mingw/include/iptypes.h", "size_i": "6439", "regex": "false"},
	{"name_s": "/usr/i686-pc-mingw32/sys-root/mingw/include/ipxconst.h", "size_i": "1022", "regex": "false"},
	{"name_s": "/usr/i686-pc-mingw32/sys-root/mingw/include/ipxrtdef.h", "size_i": "1760", "regex": "false"},
	{"name_s": "/usr/i686-pc-mingw32/sys-root/mingw/include/ipxtfflt.h", "size_i": "920", "regex": "false"},
	{"name_s": "/usr/i686-pc-mingw32/sys-root/mingw/include/isguids.h", "size_i": "250", "regex": "false"},
	{"name_s": "/usr/i686-pc-mingw32/sys-root/mingw/include/ks.h", "size_i": "291", "regex": "false"},
	{"name_s": "/usr/i686-pc-mingw32/sys-root/mingw/include/ksmedia.h", "size_i": "673", "regex": "false"},
	{"name_s": "/usr/i686-pc-mingw32/sys-root/mingw/include/largeint.h", "size_i": "4058", "regex": "false"},
	{"name_s": "/usr/i686-pc-mingw32/sys-root/mingw/include/lm.h", "size_i": "479", "regex": "false"},
	{"name_s": "/usr/i686-pc-mingw32/sys-root/mingw/include/lmaccess.h", "size_i": "25567", "regex": "false"},
	{"name_s": "/usr/i686-pc-mingw32/sys-root/mingw/include/lmalert.h", "size_i": "1790", "regex": "false"},
	{"name_s": "/usr/i686-pc-mingw32/sys-root/mingw/include/lmapibuf.h", "size_i": "449", "regex": "false"},
	{"name_s": "/usr/i686-pc-mingw32/sys-root/mingw/include/lmat.h", "size_i": "1059", "regex": "false"},
	{"name_s": "/usr/i686-pc-mingw32/sys-root/mingw/include/lmaudit.h", "size_i": "6535", "regex": "false"},
	{"name_s": "/usr/i686-pc-mingw32/sys-root/mingw/include/lmbrowsr.h", "size_i": "2977", "regex": "false"},
	{"name_s": "/usr/i686-pc-mingw32/sys-root/mingw/include/lmchdev.h", "size_i": "2481", "regex": "false"},
	{"name_s": "/usr/i686-pc-mingw32/sys-root/mingw/include/lmconfig.h", "size_i": "531", "regex": "false"},
	{"name_s": "/usr/i686-pc-mingw32/sys-root/mingw/include/lmcons.h", "size_i": "1883", "regex": "false"},
	{"name_s": "/usr/i686-pc-mingw32/sys-root/mingw/include/lmerr.h", "size_i": "13342", "regex": "false"},
	{"name_s": "/usr/i686-pc-mingw32/sys-root/mingw/include/lmerrlog.h", "size_i": "9808", "regex": "false"},
	{"name_s": "/usr/i686-pc-mingw32/sys-root/mingw/include/lmmsg.h", "size_i": "847", "regex": "false"},
	{"name_s": "/usr/i686-pc-mingw32/sys-root/mingw/include/lmremutl.h", "size_i": "1110", "regex": "false"},
	{"name_s": "/usr/i686-pc-mingw32/sys-root/mingw/include/lmrepl.h", "size_i": "3804", "regex": "false"},
	{"name_s": "/usr/i686-pc-mingw32/sys-root/mingw/include/lmserver.h", "size_i": "31021", "regex": "false"},
	{"name_s": "/usr/i686-pc-mingw32/sys-root/mingw/include/lmshare.h", "size_i": "5178", "regex": "false"},
	{"name_s": "/usr/i686-pc-mingw32/sys-root/mingw/include/lmsname.h", "size_i": "2252", "regex": "false"},
	{"name_s": "/usr/i686-pc-mingw32/sys-root/mingw/include/lmstats.h", "size_i": "2926", "regex": "false"},
	{"name_s": "/usr/i686-pc-mingw32/sys-root/mingw/include/lmsvc.h", "size_i": "5442", "regex": "false"},
	{"name_s": "/usr/i686-pc-mingw32/sys-root/mingw/include/lmuse.h", "size_i": "1465", "regex": "false"},
	{"name_s": "/usr/i686-pc-mingw32/sys-root/mingw/include/lmuseflg.h", "size_i": "169", "regex": "false"},
	{"name_s": "/usr/i686-pc-mingw32/sys-root/mingw/include/lmwksta.h", "size_i": "10726", "regex": "false"},
	{"name_s": "/usr/i686-pc-mingw32/sys-root/mingw/include/lzexpand.h", "size_i": "999", "regex": "false"},
	{"name_s": "/usr/i686-pc-mingw32/sys-root/mingw/include/mapi.h", "size_i": "5097", "regex": "false"},
	{"name_s": "/usr/i686-pc-mingw32/sys-root/mingw/include/mciavi.h", "size_i": "1079", "regex": "false"},
	{"name_s": "/usr/i686-pc-mingw32/sys-root/mingw/include/mcx.h", "size_i": "1919", "regex": "false"},
	{"name_s": "/usr/i686-pc-mingw32/sys-root/mingw/include/mgm.h", "size_i": "3176", "regex": "false"},
	{"name_s": "/usr/i686-pc-mingw32/sys-root/mingw/include/mgmtapi.h", "size_i": "1795", "regex": "false"},
	{"name_s": "/usr/i686-pc-mingw32/sys-root/mingw/include/mlang.h", "size_i": "12740", "regex": "false"},
	{"name_s": "/usr/i686-pc-mingw32/sys-root/mingw/include/mmreg.h", "size_i": "1769", "regex": "false"},
	{"name_s": "/usr/i686-pc-mingw32/sys-root/mingw/include/mmsystem.h", "size_i": "68805", "regex": "false"},
	{"name_s": "/usr/i686-pc-mingw32/sys-root/mingw/include/mpegtype.h", "size_i": "502", "regex": "false"},
	{"name_s": "/usr/i686-pc-mingw32/sys-root/mingw/include/mprapi.h", "size_i": "22751", "regex": "false"},
	{"name_s": "/usr/i686-pc-mingw32/sys-root/mingw/include/mq.h", "size_i": "20685", "regex": "false"},
	{"name_s": "/usr/i686-pc-mingw32/sys-root/mingw/include/msacm.h", "size_i": "6804", "regex": "false"},
	{"name_s": "/usr/i686-pc-mingw32/sys-root/mingw/include/mshtml.h", "size_i": "31010", "regex": "false"},
	{"name_s": "/usr/i686-pc-mingw32/sys-root/mingw/include/mswsock.h", "size_i": "2950", "regex": "false"},
	{"name_s": "/usr/i686-pc-mingw32/sys-root/mingw/include/nb30.h", "size_i": "4294", "regex": "false"},
	{"name_s": "/usr/i686-pc-mingw32/sys-root/mingw/include/nddeapi.h", "size_i": "4894", "regex": "false"},
	{"name_s": "/usr/i686-pc-mingw32/sys-root/mingw/include/nspapi.h", "size_i": "3079", "regex": "false"},
	{"name_s": "/usr/i686-pc-mingw32/sys-root/mingw/include/ntdef.h", "size_i": "1602", "regex": "false"},
	{"name_s": "/usr/i686-pc-mingw32/sys-root/mingw/include/ntdll.h", "size_i": "283", "regex": "false"},
	{"name_s": "/usr/i686-pc-mingw32/sys-root/mingw/include/ntdsapi.h", "size_i": "3042", "regex": "false"},
	{"name_s": "/usr/i686-pc-mingw32/sys-root/mingw/include/ntdsbcli.h", "size_i": "1100", "regex": "false"},
	{"name_s": "/usr/i686-pc-mingw32/sys-root/mingw/include/ntldap.h", "size_i": "2922", "regex": "false"},
	{"name_s": "/usr/i686-pc-mingw32/sys-root/mingw/include/ntsecapi.h", "size_i": "24524", "regex": "false"},
	{"name_s": "/usr/i686-pc-mingw32/sys-root/mingw/include/ntsecpkg.h", "size_i": "17992", "regex": "false"},
	{"name_s": "/usr/i686-pc-mingw32/sys-root/mingw/include/oaidl.h", "size_i": "25708", "regex": "false"},
	{"name_s": "/usr/i686-pc-mingw32/sys-root/mingw/include/objbase.h", "size_i": "8529", "regex": "false"},
	{"name_s": "/usr/i686-pc-mingw32/sys-root/mingw/include/objfwd.h", "size_i": "2457", "regex": "false"},
	{"name_s": "/usr/i686-pc-mingw32/sys-root/mingw/include/objidl.h", "size_i": "97966", "regex": "false"},
	{"name_s": "/usr/i686-pc-mingw32/sys-root/mingw/include/objsafe.h", "size_i": "549", "regex": "false"},
	{"name_s": "/usr/i686-pc-mingw32/sys-root/mingw/include/objsel.h", "size_i": "4229", "regex": "false"},
	{"name_s": "/usr/i686-pc-mingw32/sys-root/mingw/include/ocidl.h", "size_i": "30055", "regex": "false"},
	{"name_s": "/usr/i686-pc-mingw32/sys-root/mingw/include/odbcinst.h", "size_i": "6470", "regex": "false"},
	{"name_s": "/usr/i686-pc-mingw32/sys-root/mingw/include/ole.h", "size_i": "11916", "regex": "false"},
	{"name_s": "/usr/i686-pc-mingw32/sys-root/mingw/include/ole2.h", "size_i": "4999", "regex": "false"},
	{"name_s": "/usr/i686-pc-mingw32/sys-root/mingw/include/ole2ver.h", "size_i": "126", "regex": "false"},
	{"name_s": "/usr/i686-pc-mingw32/sys-root/mingw/include/oleacc.h", "size_i": "8026", "regex": "false"},
	{"name_s": "/usr/i686-pc-mingw32/sys-root/mingw/include/oleauto.h", "size_i": "27159", "regex": "false"},
	{"name_s": "/usr/i686-pc-mingw32/sys-root/mingw/include/olectl.h", "size_i": "11972", "regex": "false"},
	{"name_s": "/usr/i686-pc-mingw32/sys-root/mingw/include/olectlid.h", "size_i": "3833", "regex": "false"},
	{"name_s": "/usr/i686-pc-mingw32/sys-root/mingw/include/oledlg.h", "size_i": "31578", "regex": "false"},
	{"name_s": "/usr/i686-pc-mingw32/sys-root/mingw/include/oleidl.h", "size_i": "23165", "regex": "false"},
	{"name_s": "/usr/i686-pc-mingw32/sys-root/mingw/include/pbt.h", "size_i": "553", "regex": "false"},
	{"name_s": "/usr/i686-pc-mingw32/sys-root/mingw/include/poppack.h", "size_i": "44", "regex": "false"},
	{"name_s": "/usr/i686-pc-mingw32/sys-root/mingw/include/powrprof.h", "size_i": "4313", "regex": "false"},
	{"name_s": "/usr/i686-pc-mingw32/sys-root/mingw/include/prsht.h", "size_i": "9033", "regex": "false"},
	{"name_s": "/usr/i686-pc-mingw32/sys-root/mingw/include/psapi.h", "size_i": "3396", "regex": "false"},
	{"name_s": "/usr/i686-pc-mingw32/sys-root/mingw/include/pshpack1.h", "size_i": "47", "regex": "false"},
	{"name_s": "/usr/i686-pc-mingw32/sys-root/mingw/include/pshpack2.h", "size_i": "47", "regex": "false"},
	{"name_s": "/usr/i686-pc-mingw32/sys-root/mingw/include/pshpack4.h", "size_i": "47", "regex": "false"},
	{"name_s": "/usr/i686-pc-mingw32/sys-root/mingw/include/pshpack8.h", "size_i": "47", "regex": "false"},
	{"name_s": "/usr/i686-pc-mingw32/sys-root/mingw/include/qedit.h", "size_i": "1803", "regex": "false"},
	{"name_s": "/usr/i686-pc-mingw32/sys-root/mingw/include/rapi.h", "size_i": "1491", "regex": "false"},
	{"name_s": "/usr/i686-pc-mingw32/sys-root/mingw/include/ras.h", "size_i": "33844", "regex": "false"},
	{"name_s": "/usr/i686-pc-mingw32/sys-root/mingw/include/rasdlg.h", "size_i": "3476", "regex": "false"},
	{"name_s": "/usr/i686-pc-mingw32/sys-root/mingw/include/raserror.h", "size_i": "11844", "regex": "false"},
	{"name_s": "/usr/i686-pc-mingw32/sys-root/mingw/include/rassapi.h", "size_i": "6572", "regex": "false"},
	{"name_s": "/usr/i686-pc-mingw32/sys-root/mingw/include/reason.h", "size_i": "1968", "regex": "false"},
	{"name_s": "/usr/i686-pc-mingw32/sys-root/mingw/include/regstr.h", "size_i": "40225", "regex": "false"},
	{"name_s": "/usr/i686-pc-mingw32/sys-root/mingw/include/richedit.h", "size_i": "12861", "regex": "false"},
	{"name_s": "/usr/i686-pc-mingw32/sys-root/mingw/include/richole.h", "size_i": "3433", "regex": "false"},
	{"name_s": "/usr/i686-pc-mingw32/sys-root/mingw/include/routprot.h", "size_i": "1992", "regex": "false"},
	{"name_s": "/usr/i686-pc-mingw32/sys-root/mingw/include/rpc.h", "size_i": "1356", "regex": "false"},
	{"name_s": "/usr/i686-pc-mingw32/sys-root/mingw/include/rpcdce.h", "size_i": "21902", "regex": "false"},
	{"name_s": "/usr/i686-pc-mingw32/sys-root/mingw/include/rpcdce2.h", "size_i": "2103", "regex": "false"},
	{"name_s": "/usr/i686-pc-mingw32/sys-root/mingw/include/rpcdcep.h", "size_i": "4805", "regex": "false"},
	{"name_s": "/usr/i686-pc-mingw32/sys-root/mingw/include/rpcndr.h", "size_i": "29559", "regex": "false"},
	{"name_s": "/usr/i686-pc-mingw32/sys-root/mingw/include/rpcnsi.h", "size_i": "7639", "regex": "false"},
	{"name_s": "/usr/i686-pc-mingw32/sys-root/mingw/include/rpcnsip.h", "size_i": "751", "regex": "false"},
	{"name_s": "/usr/i686-pc-mingw32/sys-root/mingw/include/rpcnterr.h", "size_i": "937", "regex": "false"},
	{"name_s": "/usr/i686-pc-mingw32/sys-root/mingw/include/rpcproxy.h", "size_i": "8928", "regex": "false"},
	{"name_s": "/usr/i686-pc-mingw32/sys-root/mingw/include/rtutils.h", "size_i": "3144", "regex": "false"},
	{"name_s": "/usr/i686-pc-mingw32/sys-root/mingw/include/schannel.h", "size_i": "2614", "regex": "false"},
	{"name_s": "/usr/i686-pc-mingw32/sys-root/mingw/include/schnlsp.h", "size_i": "259", "regex": "false"},
	{"name_s": "/usr/i686-pc-mingw32/sys-root/mingw/include/scrnsave.h", "size_i": "1878", "regex": "false"},
	{"name_s": "/usr/i686-pc-mingw32/sys-root/mingw/include/sddl.h", "size_i": "788", "regex": "false"},
	{"name_s": "/usr/i686-pc-mingw32/sys-root/mingw/include/secext.h", "size_i": "1354", "regex": "false"},
	{"name_s": "/usr/i686-pc-mingw32/sys-root/mingw/include/security.h", "size_i": "1269", "regex": "false"},
	{"name_s": "/usr/i686-pc-mingw32/sys-root/mingw/include/servprov.h", "size_i": "828", "regex": "false"},
	{"name_s": "/usr/i686-pc-mingw32/sys-root/mingw/include/setupapi.h", "size_i": "81214", "regex": "false"},
	{"name_s": "/usr/i686-pc-mingw32/sys-root/mingw/include/shellapi.h", "size_i": "10187", "regex": "false"},
	{"name_s": "/usr/i686-pc-mingw32/sys-root/mingw/include/shldisp.h", "size_i": "1868", "regex": "false"},
	{"name_s": "/usr/i686-pc-mingw32/sys-root/mingw/include/shlguid.h", "size_i": "3451", "regex": "false"},
	{"name_s": "/usr/i686-pc-mingw32/sys-root/mingw/include/shlobj.h", "size_i": "56271", "regex": "false"},
	{"name_s": "/usr/i686-pc-mingw32/sys-root/mingw/include/shlwapi.h", "size_i": "31854", "regex": "false"},
	{"name_s": "/usr/i686-pc-mingw32/sys-root/mingw/include/snmp.h", "size_i": "9614", "regex": "false"},
	{"name_s": "/usr/i686-pc-mingw32/sys-root/mingw/include/specstrings.h", "size_i": "4471", "regex": "false"},
	{"name_s": "/usr/i686-pc-mingw32/sys-root/mingw/include/sql.h", "size_i": "15732", "regex": "false"},
	{"name_s": "/usr/i686-pc-mingw32/sys-root/mingw/include/sqlext.h", "size_i": "47024", "regex": "false"},
	{"name_s": "/usr/i686-pc-mingw32/sys-root/mingw/include/sqltypes.h", "size_i": "3970", "regex": "false"},
	{"name_s": "/usr/i686-pc-mingw32/sys-root/mingw/include/sqlucode.h", "size_i": "10103", "regex": "false"},
	{"name_s": "/usr/i686-pc-mingw32/sys-root/mingw/include/sspi.h", "size_i": "15842", "regex": "false"},
	{"name_s": "/usr/i686-pc-mingw32/sys-root/mingw/include/stm.h", "size_i": "370", "regex": "false"},
	{"name_s": "/usr/i686-pc-mingw32/sys-root/mingw/include/strmif.h", "size_i": "33576", "regex": "false"},
	{"name_s": "/usr/i686-pc-mingw32/sys-root/mingw/include/subauth.h", "size_i": "7346", "regex": "false"},
	{"name_s": "/usr/i686-pc-mingw32/sys-root/mingw/include/svcguid.h", "size_i": "660", "regex": "false"},
	{"name_s": "/usr/i686-pc-mingw32/sys-root/mingw/include/tlhelp32.h", "size_i": "4031", "regex": "false"},
	{"name_s": "/usr/i686-pc-mingw32/sys-root/mingw/include/tmschema.h", "size_i": "10374", "regex": "false"},
	{"name_s": "/usr/i686-pc-mingw32/sys-root/mingw/include/unknwn.h", "size_i": "3070", "regex": "false"},
	{"name_s": "/usr/i686-pc-mingw32/sys-root/mingw/include/userenv.h", "size_i": "1636", "regex": "false"},
	{"name_s": "/usr/i686-pc-mingw32/sys-root/mingw/include/usp10.h", "size_i": "9234", "regex": "false"},
	{"name_s": "/usr/i686-pc-mingw32/sys-root/mingw/include/uxtheme.h", "size_i": "9366", "regex": "false"},
	{"name_s": "/usr/i686-pc-mingw32/sys-root/mingw/include/vfw.h", "size_i": "59647", "regex": "false"},
	{"name_s": "/usr/i686-pc-mingw32/sys-root/mingw/include/vidcap.h", "size_i": "363", "regex": "false"},
	{"name_s": "/usr/i686-pc-mingw32/sys-root/mingw/include/vmr9.h", "size_i": "5435", "regex": "false"},
	{"name_s": "/usr/i686-pc-mingw32/sys-root/mingw/include/vptype.h", "size_i": "1184", "regex": "false"},
	{"name_s": "/usr/i686-pc-mingw32/sys-root/mingw/include/w32api.h", "size_i": "1458", "regex": "false"},
	{"name_s": "/usr/i686-pc-mingw32/sys-root/mingw/include/winable.h", "size_i": "2507", "regex": "false"},
	{"name_s": "/usr/i686-pc-mingw32/sys-root/mingw/include/winbase.h", "size_i": "102709", "regex": "false"},
	{"name_s": "/usr/i686-pc-mingw32/sys-root/mingw/include/winber.h", "size_i": "1907", "regex": "false"},
	{"name_s": "/usr/i686-pc-mingw32/sys-root/mingw/include/wincon.h", "size_i": "8251", "regex": "false"},
	{"name_s": "/usr/i686-pc-mingw32/sys-root/mingw/include/wincrypt.h", "size_i": "51836", "regex": "false"},
	{"name_s": "/usr/i686-pc-mingw32/sys-root/mingw/include/windef.h", "size_i": "7690", "regex": "false"},
	{"name_s": "/usr/i686-pc-mingw32/sys-root/mingw/include/windns.h", "size_i": "10584", "regex": "false"},
	{"name_s": "/usr/i686-pc-mingw32/sys-root/mingw/include/windows.h", "size_i": "3052", "regex": "false"},
	{"name_s": "/usr/i686-pc-mingw32/sys-root/mingw/include/windowsx.h", "size_i": "53263", "regex": "false"},
	{"name_s": "/usr/i686-pc-mingw32/sys-root/mingw/include/winerror.h", "size_i": "96331", "regex": "false"},
	{"name_s": "/usr/i686-pc-mingw32/sys-root/mingw/include/wingdi.h", "size_i": "97041", "regex": "false"},
	{"name_s": "/usr/i686-pc-mingw32/sys-root/mingw/include/wininet.h", "size_i": "46164", "regex": "false"},
	{"name_s": "/usr/i686-pc-mingw32/sys-root/mingw/include/winioctl.h", "size_i": "21965", "regex": "false"},
	{"name_s": "/usr/i686-pc-mingw32/sys-root/mingw/include/winldap.h", "size_i": "31692", "regex": "false"},
	{"name_s": "/usr/i686-pc-mingw32/sys-root/mingw/include/winnetwk.h", "size_i": "13899", "regex": "false"},
	{"name_s": "/usr/i686-pc-mingw32/sys-root/mingw/include/winnls.h", "size_i": "24777", "regex": "false"},
	{"name_s": "/usr/i686-pc-mingw32/sys-root/mingw/include/winnt.h", "size_i": "125287", "regex": "false"},
	{"name_s": "/usr/i686-pc-mingw32/sys-root/mingw/include/winperf.h", "size_i": "6636", "regex": "false"},
	{"name_s": "/usr/i686-pc-mingw32/sys-root/mingw/include/winreg.h", "size_i": "7250", "regex": "false"},
	{"name_s": "/usr/i686-pc-mingw32/sys-root/mingw/include/winresrc.h", "size_i": "243", "regex": "false"},
	{"name_s": "/usr/i686-pc-mingw32/sys-root/mingw/include/winsnmp.h", "size_i": "12760", "regex": "false"},
	{"name_s": "/usr/i686-pc-mingw32/sys-root/mingw/include/winsock.h", "size_i": "16310", "regex": "false"},
	{"name_s": "/usr/i686-pc-mingw32/sys-root/mingw/include/winsock2.h", "size_i": "49636", "regex": "false"},
	{"name_s": "/usr/i686-pc-mingw32/sys-root/mingw/include/winspool.h", "size_i": "35789", "regex": "false"},
	{"name_s": "/usr/i686-pc-mingw32/sys-root/mingw/include/winsvc.h", "size_i": "14017", "regex": "false"},
	{"name_s": "/usr/i686-pc-mingw32/sys-root/mingw/include/winuser.h", "size_i": "143803", "regex": "false"},
	{"name_s": "/usr/i686-pc-mingw32/sys-root/mingw/include/winver.h", "size_i": "3905", "regex": "false"},
	{"name_s": "/usr/i686-pc-mingw32/sys-root/mingw/include/ws2spi.h", "size_i": "9017", "regex": "false"},
	{"name_s": "/usr/i686-pc-mingw32/sys-root/mingw/include/ws2tcpip.h", "size_i": "11007", "regex": "false"},
	{"name_s": "/usr/i686-pc-mingw32/sys-root/mingw/include/wsahelp.h", "size_i": "4187", "regex": "false"},
	{"name_s": "/usr/i686-pc-mingw32/sys-root/mingw/include/wsipx.h", "size_i": "454", "regex": "false"},
	{"name_s": "/usr/i686-pc-mingw32/sys-root/mingw/include/wsnetbs.h", "size_i": "892", "regex": "false"},
	{"name_s": "/usr/i686-pc-mingw32/sys-root/mingw/include/wtsapi32.h", "size_i": "4324", "regex": "false"},
	{"name_s": "/usr/i686-pc-mingw32/sys-root/mingw/include/wtypes.h", "size_i": "4200", "regex": "false"},
	{"name_s": "/usr/i686-pc-mingw32/sys-root/mingw/include/xprtdefs.h", "size_i": "250", "regex": "false"},
	{"name_s": "/usr/i686-pc-mingw32/sys-root/mingw/include/zmouse.h", "size_i": "755", "regex": "false"},
	{"name_s": "/usr/i686-pc-mingw32/sys-root/mingw/lib/libaclui.a", "size_i": "3538", "regex": "false"},
	{"name_s": "/usr/i686-pc-mingw32/sys-root/mingw/lib/libadvapi32.a", "size_i": "411532", "regex": "false"},
	{"name_s": "/usr/i686-pc-mingw32/sys-root/mingw/lib/libapcups.a", "size_i": "5716", "regex": "false"},
	{"name_s": "/usr/i686-pc-mingw32/sys-root/mingw/lib/libavicap32.a", "size_i": "5998", "regex": "false"},
	{"name_s": "/usr/i686-pc-mingw32/sys-root/mingw/lib/libavifil32.a", "size_i": "56728", "regex": "false"},
	{"name_s": "/usr/i686-pc-mingw32/sys-root/mingw/lib/libbthprops.a", "size_i": "6094", "regex": "false"},
	{"name_s": "/usr/i686-pc-mingw32/sys-root/mingw/lib/libcap.a", "size_i": "4138", "regex": "false"},
	{"name_s": "/usr/i686-pc-mingw32/sys-root/mingw/lib/libcfgmgr32.a", "size_i": "62808", "regex": "false"},
	{"name_s": "/usr/i686-pc-mingw32/sys-root/mingw/lib/libcomctl32.a", "size_i": "86356", "regex": "false"},
	{"name_s": "/usr/i686-pc-mingw32/sys-root/mingw/lib/libcomdlg32.a", "size_i": "19636", "regex": "false"},
	{"name_s": "/usr/i686-pc-mingw32/sys-root/mingw/lib/libcrypt32.a", "size_i": "36498", "regex": "false"},
	{"name_s": "/usr/i686-pc-mingw32/sys-root/mingw/lib/libctl3d32.a", "size_i": "19946", "regex": "false"},
	{"name_s": "/usr/i686-pc-mingw32/sys-root/mingw/lib/libd3d8.a", "size_i": "4602", "regex": "false"},
	{"name_s": "/usr/i686-pc-mingw32/sys-root/mingw/lib/libd3d9.a", "size_i": "6234", "regex": "false"},
	{"name_s": "/usr/i686-pc-mingw32/sys-root/mingw/lib/libd3dim.a", "size_i": "6642", "regex": "false"},
	{"name_s": "/usr/i686-pc-mingw32/sys-root/mingw/lib/libd3drm.a", "size_i": "17346", "regex": "false"},
	{"name_s": "/usr/i686-pc-mingw32/sys-root/mingw/lib/libd3dx8d.a", "size_i": "162776", "regex": "false"},
	{"name_s": "/usr/i686-pc-mingw32/sys-root/mingw/lib/libd3dx9d.a", "size_i": "210976", "regex": "false"},
	{"name_s": "/usr/i686-pc-mingw32/sys-root/mingw/lib/libd3dxof.a", "size_i": "2132", "regex": "false"},
	{"name_s": "/usr/i686-pc-mingw32/sys-root/mingw/lib/libddraw.a", "size_i": "11218", "regex": "false"},
	{"name_s": "/usr/i686-pc-mingw32/sys-root/mingw/lib/libdhcpcsvc.a", "size_i": "6050", "regex": "false"},
	{"name_s": "/usr/i686-pc-mingw32/sys-root/mingw/lib/libdinput.a", "size_i": "17750", "regex": "false"},
	{"name_s": "/usr/i686-pc-mingw32/sys-root/mingw/lib/libdinput8.a", "size_i": "16232", "regex": "false"},
	{"name_s": "/usr/i686-pc-mingw32/sys-root/mingw/lib/libdlcapi.a", "size_i": "3520", "regex": "false"},
	{"name_s": "/usr/i686-pc-mingw32/sys-root/mingw/lib/libdmoguids.a", "size_i": "2306", "regex": "false"},
	{"name_s": "/usr/i686-pc-mingw32/sys-root/mingw/lib/libdnsapi.a", "size_i": "22876", "regex": "false"},
	{"name_s": "/usr/i686-pc-mingw32/sys-root/mingw/lib/libdplayx.a", "size_i": "5980", "regex": "false"},
	{"name_s": "/usr/i686-pc-mingw32/sys-root/mingw/lib/libdpnaddr.a", "size_i": "2178", "regex": "false"},
	{"name_s": "/usr/i686-pc-mingw32/sys-root/mingw/lib/libdpnet.a", "size_i": "2130", "regex": "false"},
	{"name_s": "/usr/i686-pc-mingw32/sys-root/mingw/lib/libdpnlobby.a", "size_i": "2180", "regex": "false"},
	{"name_s": "/usr/i686-pc-mingw32/sys-root/mingw/lib/libdpvoice.a", "size_i": "2162", "regex": "false"},
	{"name_s": "/usr/i686-pc-mingw32/sys-root/mingw/lib/libdsetup.a", "size_i": "15296", "regex": "false"},
	{"name_s": "/usr/i686-pc-mingw32/sys-root/mingw/lib/libdsound.a", "size_i": "9144", "regex": "false"},
	{"name_s": "/usr/i686-pc-mingw32/sys-root/mingw/lib/libdxapi.a", "size_i": "1380", "regex": "false"},
	{"name_s": "/usr/i686-pc-mingw32/sys-root/mingw/lib/libdxerr8.a", "size_i": "160812", "regex": "false"},
	{"name_s": "/usr/i686-pc-mingw32/sys-root/mingw/lib/libdxerr9.a", "size_i": "194464", "regex": "false"},
	{"name_s": "/usr/i686-pc-mingw32/sys-root/mingw/lib/libdxguid.a", "size_i": "50718", "regex": "false"},
	{"name_s": "/usr/i686-pc-mingw32/sys-root/mingw/lib/libfaultrep.a", "size_i": "3700", "regex": "false"},
	{"name_s": "/usr/i686-pc-mingw32/sys-root/mingw/lib/libgdi32.a", "size_i": "257476", "regex": "false"},
	{"name_s": "/usr/i686-pc-mingw32/sys-root/mingw/lib/libglaux.a", "size_i": "126166", "regex": "false"},
	{"name_s": "/usr/i686-pc-mingw32/sys-root/mingw/lib/libglu32.a", "size_i": "39756", "regex": "false"},
	{"name_s": "/usr/i686-pc-mingw32/sys-root/mingw/lib/libhal.a", "size_i": "34026", "regex": "false"},
	{"name_s": "/usr/i686-pc-mingw32/sys-root/mingw/lib/libhid.a", "size_i": "35070", "regex": "false"},
	{"name_s": "/usr/i686-pc-mingw32/sys-root/mingw/lib/libhidparse.a", "size_i": "20166", "regex": "false"},
	{"name_s": "/usr/i686-pc-mingw32/sys-root/mingw/lib/libicmui.a", "size_i": "2896", "regex": "false"},
	{"name_s": "/usr/i686-pc-mingw32/sys-root/mingw/lib/libigmpagnt.a", "size_i": "4426", "regex": "false"},
	{"name_s": "/usr/i686-pc-mingw32/sys-root/mingw/lib/libimagehlp.a", "size_i": "86270", "regex": "false"},
	{"name_s": "/usr/i686-pc-mingw32/sys-root/mingw/lib/libimm32.a", "size_i": "58640", "regex": "false"},
	{"name_s": "/usr/i686-pc-mingw32/sys-root/mingw/lib/libiphlpapi.a", "size_i": "36388", "regex": "false"},
	{"name_s": "/usr/i686-pc-mingw32/sys-root/mingw/lib/libkernel32.a", "size_i": "657702", "regex": "false"},
	{"name_s": "/usr/i686-pc-mingw32/sys-root/mingw/lib/libksproxy.a", "size_i": "6066", "regex": "false"},
	{"name_s": "/usr/i686-pc-mingw32/sys-root/mingw/lib/libksuser.a", "size_i": "4360", "regex": "false"},
	{"name_s": "/usr/i686-pc-mingw32/sys-root/mingw/lib/liblargeint.a", "size_i": "2496", "regex": "false"},
	{"name_s": "/usr/i686-pc-mingw32/sys-root/mingw/lib/liblz32.a", "size_i": "9890", "regex": "false"},
	{"name_s": "/usr/i686-pc-mingw32/sys-root/mingw/lib/libmapi32.a", "size_i": "120982", "regex": "false"},
	{"name_s": "/usr/i686-pc-mingw32/sys-root/mingw/lib/libmcd.a", "size_i": "5270", "regex": "false"},
	{"name_s": "/usr/i686-pc-mingw32/sys-root/mingw/lib/libmfcuia32.a", "size_i": "8854", "regex": "false"},
	{"name_s": "/usr/i686-pc-mingw32/sys-root/mingw/lib/libmgmtapi.a", "size_i": "8758", "regex": "false"},
	{"name_s": "/usr/i686-pc-mingw32/sys-root/mingw/lib/libmpr.a", "size_i": "54762", "regex": "false"},
	{"name_s": "/usr/i686-pc-mingw32/sys-root/mingw/lib/libmprapi.a", "size_i": "96104", "regex": "false"},
	{"name_s": "/usr/i686-pc-mingw32/sys-root/mingw/lib/libmqrt.a", "size_i": "29930", "regex": "false"},
	{"name_s": "/usr/i686-pc-mingw32/sys-root/mingw/lib/libmsacm32.a", "size_i": "34210", "regex": "false"},
	{"name_s": "/usr/i686-pc-mingw32/sys-root/mingw/lib/libmscms.a", "size_i": "42486", "regex": "false"},
	{"name_s": "/usr/i686-pc-mingw32/sys-root/mingw/lib/libmsdmo.a", "size_i": "12338", "regex": "false"},
	{"name_s": "/usr/i686-pc-mingw32/sys-root/mingw/lib/libmsimg32.a", "size_i": "3578", "regex": "false"},
	{"name_s": "/usr/i686-pc-mingw32/sys-root/mingw/lib/libmsvcp60.a", "size_i": "8250", "regex": "false"},
	{"name_s": "/usr/i686-pc-mingw32/sys-root/mingw/lib/libmsvfw32.a", "size_i": "36002", "regex": "false"},
	{"name_s": "/usr/i686-pc-mingw32/sys-root/mingw/lib/libmswsock.a", "size_i": "20354", "regex": "false"},
	{"name_s": "/usr/i686-pc-mingw32/sys-root/mingw/lib/libnddeapi.a", "size_i": "22670", "regex": "false"},
	{"name_s": "/usr/i686-pc-mingw32/sys-root/mingw/lib/libndis.a", "size_i": "135078", "regex": "false"},
	{"name_s": "/usr/i686-pc-mingw32/sys-root/mingw/lib/libnetapi32.a", "size_i": "188436", "regex": "false"},
	{"name_s": "/usr/i686-pc-mingw32/sys-root/mingw/lib/libnewdev.a", "size_i": "4720", "regex": "false"},
	{"name_s": "/usr/i686-pc-mingw32/sys-root/mingw/lib/libntdll.a", "size_i": "767224", "regex": "false"},
	{"name_s": "/usr/i686-pc-mingw32/sys-root/mingw/lib/libntoskrnl.a", "size_i": "543482", "regex": "false"},
	{"name_s": "/usr/i686-pc-mingw32/sys-root/mingw/lib/libodbc32.a", "size_i": "136832", "regex": "false"},
	{"name_s": "/usr/i686-pc-mingw32/sys-root/mingw/lib/libodbccp32.a", "size_i": "41178", "regex": "false"},
	{"name_s": "/usr/i686-pc-mingw32/sys-root/mingw/lib/libole32.a", "size_i": "192110", "regex": "false"},
	{"name_s": "/usr/i686-pc-mingw32/sys-root/mingw/lib/liboleacc.a", "size_i": "12888", "regex": "false"},
	{"name_s": "/usr/i686-pc-mingw32/sys-root/mingw/lib/liboleaut32.a", "size_i": "261924", "regex": "false"},
	{"name_s": "/usr/i686-pc-mingw32/sys-root/mingw/lib/libolecli32.a", "size_i": "42264", "regex": "false"},
	{"name_s": "/usr/i686-pc-mingw32/sys-root/mingw/lib/liboledlg.a", "size_i": "18612", "regex": "false"},
	{"name_s": "/usr/i686-pc-mingw32/sys-root/mingw/lib/libolepro32.a", "size_i": "6800", "regex": "false"},
	{"name_s": "/usr/i686-pc-mingw32/sys-root/mingw/lib/libolesvr32.a", "size_i": "9684", "regex": "false"},
	{"name_s": "/usr/i686-pc-mingw32/sys-root/mingw/lib/libopengl32.a", "size_i": "269018", "regex": "false"},
	{"name_s": "/usr/i686-pc-mingw32/sys-root/mingw/lib/libpenwin32.a", "size_i": "75412", "regex": "false"},
	{"name_s": "/usr/i686-pc-mingw32/sys-root/mingw/lib/libpkpd32.a", "size_i": "26972", "regex": "false"},
	{"name_s": "/usr/i686-pc-mingw32/sys-root/mingw/lib/libpowrprof.a", "size_i": "18956", "regex": "false"},
	{"name_s": "/usr/i686-pc-mingw32/sys-root/mingw/lib/libpsapi.a", "size_i": "17434", "regex": "false"},
	{"name_s": "/usr/i686-pc-mingw32/sys-root/mingw/lib/libquartz.a", "size_i": "4328", "regex": "false"},
	{"name_s": "/usr/i686-pc-mingw32/sys-root/mingw/lib/librapi.a", "size_i": "61734", "regex": "false"},
	{"name_s": "/usr/i686-pc-mingw32/sys-root/mingw/lib/librasapi32.a", "size_i": "112394", "regex": "false"},
	{"name_s": "/usr/i686-pc-mingw32/sys-root/mingw/lib/librasdlg.a", "size_i": "5784", "regex": "false"},
	{"name_s": "/usr/i686-pc-mingw32/sys-root/mingw/lib/librpcdce4.a", "size_i": "19558", "regex": "false"},
	{"name_s": "/usr/i686-pc-mingw32/sys-root/mingw/lib/librpcns4.a", "size_i": "46144", "regex": "false"},
	{"name_s": "/usr/i686-pc-mingw32/sys-root/mingw/lib/librpcrt4.a", "size_i": "278124", "regex": "false"},
	{"name_s": "/usr/i686-pc-mingw32/sys-root/mingw/lib/librtm.a", "size_i": "13662", "regex": "false"},
	{"name_s": "/usr/i686-pc-mingw32/sys-root/mingw/lib/librtutils.a", "size_i": "40606", "regex": "false"},
	{"name_s": "/usr/i686-pc-mingw32/sys-root/mingw/lib/libscrnsave.a", "size_i": "7052", "regex": "false"},
	{"name_s": "/usr/i686-pc-mingw32/sys-root/mingw/lib/libscrnsavw.a", "size_i": "7188", "regex": "false"},
	{"name_s": "/usr/i686-pc-mingw32/sys-root/mingw/lib/libscsiport.a", "size_i": "37686", "regex": "false"},
	{"name_s": "/usr/i686-pc-mingw32/sys-root/mingw/lib/libsecur32.a", "size_i": "31514", "regex": "false"},
	{"name_s": "/usr/i686-pc-mingw32/sys-root/mingw/lib/libsetupapi.a", "size_i": "360990", "regex": "false"},
	{"name_s": "/usr/i686-pc-mingw32/sys-root/mingw/lib/libshell32.a", "size_i": "143078", "regex": "false"},
	{"name_s": "/usr/i686-pc-mingw32/sys-root/mingw/lib/libshfolder.a", "size_i": "2898", "regex": "false"},
	{"name_s": "/usr/i686-pc-mingw32/sys-root/mingw/lib/libshlwapi.a", "size_i": "218666", "regex": "false"},
	{"name_s": "/usr/i686-pc-mingw32/sys-root/mingw/lib/libsnmpapi.a", "size_i": "30258", "regex": "false"},
	{"name_s": "/usr/i686-pc-mingw32/sys-root/mingw/lib/libstrmiids.a", "size_i": "80798", "regex": "false"},
	{"name_s": "/usr/i686-pc-mingw32/sys-root/mingw/lib/libsvrapi.a", "size_i": "16176", "regex": "false"},
	{"name_s": "/usr/i686-pc-mingw32/sys-root/mingw/lib/libtapi32.a", "size_i": "86588", "regex": "false"},
	{"name_s": "/usr/i686-pc-mingw32/sys-root/mingw/lib/libtdi.a", "size_i": "28042", "regex": "false"},
	{"name_s": "/usr/i686-pc-mingw32/sys-root/mingw/lib/libth32.a", "size_i": "10226", "regex": "false"},
	{"name_s": "/usr/i686-pc-mingw32/sys-root/mingw/lib/libthunk32.a", "size_i": "48778", "regex": "false"},
	{"name_s": "/usr/i686-pc-mingw32/sys-root/mingw/lib/liburl.a", "size_i": "6634", "regex": "false"},
	{"name_s": "/usr/i686-pc-mingw32/sys-root/mingw/lib/libusbcamd.a", "size_i": "6926", "regex": "false"},
	{"name_s": "/usr/i686-pc-mingw32/sys-root/mingw/lib/libusbcamd2.a", "size_i": "6948", "regex": "false"},
	{"name_s": "/usr/i686-pc-mingw32/sys-root/mingw/lib/libuser32.a", "size_i": "477654", "regex": "false"},
	{"name_s": "/usr/i686-pc-mingw32/sys-root/mingw/lib/libuserenv.a", "size_i": "8298", "regex": "false"},
	{"name_s": "/usr/i686-pc-mingw32/sys-root/mingw/lib/libusp10.a", "size_i": "31792", "regex": "false"},
	{"name_s": "/usr/i686-pc-mingw32/sys-root/mingw/lib/libuuid.a", "size_i": "43802", "regex": "false"},
	{"name_s": "/usr/i686-pc-mingw32/sys-root/mingw/lib/libuxtheme.a", "size_i": "37642", "regex": "false"},
	{"name_s": "/usr/i686-pc-mingw32/sys-root/mingw/lib/libvdmdbg.a", "size_i": "13332", "regex": "false"},
	{"name_s": "/usr/i686-pc-mingw32/sys-root/mingw/lib/libversion.a", "size_i": "11926", "regex": "false"},
	{"name_s": "/usr/i686-pc-mingw32/sys-root/mingw/lib/libvfw32.a", "size_i": "98582", "regex": "false"},
	{"name_s": "/usr/i686-pc-mingw32/sys-root/mingw/lib/libvideoprt.a", "size_i": "89100", "regex": "false"},
	{"name_s": "/usr/i686-pc-mingw32/sys-root/mingw/lib/libwin32k.a", "size_i": "149640", "regex": "false"},
	{"name_s": "/usr/i686-pc-mingw32/sys-root/mingw/lib/libwin32spl.a", "size_i": "11550", "regex": "false"},
	{"name_s": "/usr/i686-pc-mingw32/sys-root/mingw/lib/libwininet.a", "size_i": "186782", "regex": "false"},
	{"name_s": "/usr/i686-pc-mingw32/sys-root/mingw/lib/libwinmm.a", "size_i": "144768", "regex": "false"},
	{"name_s": "/usr/i686-pc-mingw32/sys-root/mingw/lib/libwinspool.a", "size_i": "99296", "regex": "false"},
	{"name_s": "/usr/i686-pc-mingw32/sys-root/mingw/lib/libwinstrm.a", "size_i": "6294", "regex": "false"},
	{"name_s": "/usr/i686-pc-mingw32/sys-root/mingw/lib/libwldap32.a", "size_i": "181946", "regex": "false"},
	{"name_s": "/usr/i686-pc-mingw32/sys-root/mingw/lib/libwow32.a", "size_i": "14022", "regex": "false"},
	{"name_s": "/usr/i686-pc-mingw32/sys-root/mingw/lib/libws2_32.a", "size_i": "83220", "regex": "false"},
	{"name_s": "/usr/i686-pc-mingw32/sys-root/mingw/lib/libwsnmp32.a", "size_i": "35146", "regex": "false"},
	{"name_s": "/usr/i686-pc-mingw32/sys-root/mingw/lib/libwsock32.a", "size_i": "54362", "regex": "false"},
	{"name_s": "/usr/i686-pc-mingw32/sys-root/mingw/lib/libwst.a", "size_i": "2046", "regex": "false"},
	{"name_s": "/usr/i686-pc-mingw32/sys-root/mingw/lib/libwtsapi32.a", "size_i": "26828", "regex": "false"}
]
