[
	{"name_s": "/usr/include/openais", "size_i": "4096", "regex": "false"},
	{"name_s": "/usr/include/openais/saAis.h", "size_i": "4431", "regex": "false"},
	{"name_s": "/usr/include/openais/saAmf.h", "size_i": "10573", "regex": "false"},
	{"name_s": "/usr/include/openais/saCkpt.h", "size_i": "7248", "regex": "false"},
	{"name_s": "/usr/include/openais/saClm.h", "size_i": "4102", "regex": "false"},
	{"name_s": "/usr/include/openais/saEvt.h", "size_i": "5935", "regex": "false"},
	{"name_s": "/usr/include/openais/saLck.h", "size_i": "5142", "regex": "false"},
	{"name_s": "/usr/include/openais/saMsg.h", "size_i": "8751", "regex": "false"},
	{"name_s": "/usr/include/openais/saTmr.h", "size_i": "3625", "regex": "false"},
	{"name_s": "/usr/lib/libSaAmf.so", "size_i": "17", "regex": "false"},
	{"name_s": "/usr/lib/libSaCkpt.so", "size_i": "18", "regex": "false"},
	{"name_s": "/usr/lib/libSaClm.so", "size_i": "17", "regex": "false"},
	{"name_s": "/usr/lib/libSaEvt.so", "size_i": "17", "regex": "false"},
	{"name_s": "/usr/lib/libSaLck.so", "size_i": "17", "regex": "false"},
	{"name_s": "/usr/lib/libSaMsg.so", "size_i": "17", "regex": "false"},
	{"name_s": "/usr/lib/libSaTmr.so", "size_i": "17", "regex": "false"},
	{"name_s": "/usr/lib/pkgconfig/libSaAmf.pc", "size_i": "194", "regex": "false"},
	{"name_s": "/usr/lib/pkgconfig/libSaCkpt.pc", "size_i": "197", "regex": "false"},
	{"name_s": "/usr/lib/pkgconfig/libSaClm.pc", "size_i": "194", "regex": "false"},
	{"name_s": "/usr/lib/pkgconfig/libSaEvt.pc", "size_i": "194", "regex": "false"},
	{"name_s": "/usr/lib/pkgconfig/libSaLck.pc", "size_i": "194", "regex": "false"},
	{"name_s": "/usr/lib/pkgconfig/libSaMsg.pc", "size_i": "194", "regex": "false"},
	{"name_s": "/usr/lib/pkgconfig/libSaTmr.pc", "size_i": "194", "regex": "false"},
	{"name_s": "/usr/share/doc/openaislib-devel-1.1.1", "size_i": "4096", "regex": "false"},
	{"name_s": "/usr/share/doc/openaislib-devel-1.1.1/LICENSE", "size_i": "3134", "regex": "false"}
]
