[
	{"name_s": "/usr/share/doc/perl-XML-DOM-1.44", "size_i": "4096", "regex": "false"},
	{"name_s": "/usr/share/doc/perl-XML-DOM-1.44/BUGS", "size_i": "378", "regex": "false"},
	{"name_s": "/usr/share/doc/perl-XML-DOM-1.44/Changes", "size_i": "23314", "regex": "false"},
	{"name_s": "/usr/share/doc/perl-XML-DOM-1.44/README", "size_i": "2921", "regex": "false"},
	{"name_s": "/usr/share/man/man3/XML::DOM.3pm.gz", "size_i": "7650", "regex": "false"},
	{"name_s": "/usr/share/man/man3/XML::DOM::AttDef.3pm.gz", "size_i": "2012", "regex": "false"},
	{"name_s": "/usr/share/man/man3/XML::DOM::AttlistDecl.3pm.gz", "size_i": "2285", "regex": "false"},
	{"name_s": "/usr/share/man/man3/XML::DOM::Attr.3pm.gz", "size_i": "2847", "regex": "false"},
	{"name_s": "/usr/share/man/man3/XML::DOM::CDATASection.3pm.gz", "size_i": "2297", "regex": "false"},
	{"name_s": "/usr/share/man/man3/XML::DOM::CharacterData.3pm.gz", "size_i": "2766", "regex": "false"},
	{"name_s": "/usr/share/man/man3/XML::DOM::Comment.3pm.gz", "size_i": "1925", "regex": "false"},
	{"name_s": "/usr/share/man/man3/XML::DOM::DOMImplementation.3pm.gz", "size_i": "2046", "regex": "false"},
	{"name_s": "/usr/share/man/man3/XML::DOM::Document.3pm.gz", "size_i": "3763", "regex": "false"},
	{"name_s": "/usr/share/man/man3/XML::DOM::DocumentFragment.3pm.gz", "size_i": "2602", "regex": "false"},
	{"name_s": "/usr/share/man/man3/XML::DOM::DocumentType.3pm.gz", "size_i": "3786", "regex": "false"},
	{"name_s": "/usr/share/man/man3/XML::DOM::Element.3pm.gz", "size_i": "3679", "regex": "false"},
	{"name_s": "/usr/share/man/man3/XML::DOM::ElementDecl.3pm.gz", "size_i": "1987", "regex": "false"},
	{"name_s": "/usr/share/man/man3/XML::DOM::Entity.3pm.gz", "size_i": "2253", "regex": "false"},
	{"name_s": "/usr/share/man/man3/XML::DOM::EntityReference.3pm.gz", "size_i": "2243", "regex": "false"},
	{"name_s": "/usr/share/man/man3/XML::DOM::NamedNodeMap.3pm.gz", "size_i": "3278", "regex": "false"},
	{"name_s": "/usr/share/man/man3/XML::DOM::Node.3pm.gz", "size_i": "6413", "regex": "false"},
	{"name_s": "/usr/share/man/man3/XML::DOM::NodeList.3pm.gz", "size_i": "2273", "regex": "false"},
	{"name_s": "/usr/share/man/man3/XML::DOM::Notation.3pm.gz", "size_i": "2098", "regex": "false"},
	{"name_s": "/usr/share/man/man3/XML::DOM::Parser.3pm.gz", "size_i": "3055", "regex": "false"},
	{"name_s": "/usr/share/man/man3/XML::DOM::PerlSAX.3pm.gz", "size_i": "2049", "regex": "false"},
	{"name_s": "/usr/share/man/man3/XML::DOM::ProcessingInstruction.3pm.gz", "size_i": "2071", "regex": "false"},
	{"name_s": "/usr/share/man/man3/XML::DOM::Text.3pm.gz", "size_i": "2614", "regex": "false"},
	{"name_s": "/usr/share/man/man3/XML::DOM::XMLDecl.3pm.gz", "size_i": "2043", "regex": "false"},
	{"name_s": "/usr/share/man/man3/XML::Handler::BuildDOM.3pm.gz", "size_i": "2255", "regex": "false"},
	{"name_s": "/usr/share/perl5/XML", "size_i": "4096", "regex": "false"},
	{"name_s": "/usr/share/perl5/XML/DOM", "size_i": "4096", "regex": "false"},
	{"name_s": "/usr/share/perl5/XML/DOM.pm", "size_i": "110674", "regex": "false"},
	{"name_s": "/usr/share/perl5/XML/DOM/AttDef.pod", "size_i": "662", "regex": "false"},
	{"name_s": "/usr/share/perl5/XML/DOM/AttlistDecl.pod", "size_i": "1190", "regex": "false"},
	{"name_s": "/usr/share/perl5/XML/DOM/Attr.pod", "size_i": "2693", "regex": "false"},
	{"name_s": "/usr/share/perl5/XML/DOM/CDATASection.pod", "size_i": "1257", "regex": "false"},
	{"name_s": "/usr/share/perl5/XML/DOM/CharacterData.pod", "size_i": "2812", "regex": "false"},
	{"name_s": "/usr/share/perl5/XML/DOM/Comment.pod", "size_i": "438", "regex": "false"},
	{"name_s": "/usr/share/perl5/XML/DOM/DOMException.pm", "size_i": "1892", "regex": "false"},
	{"name_s": "/usr/share/perl5/XML/DOM/DOMImplementation.pod", "size_i": "665", "regex": "false"},
	{"name_s": "/usr/share/perl5/XML/DOM/Document.pod", "size_i": "5651", "regex": "false"},
	{"name_s": "/usr/share/perl5/XML/DOM/DocumentFragment.pod", "size_i": "2075", "regex": "false"},
	{"name_s": "/usr/share/perl5/XML/DOM/DocumentType.pod", "size_i": "5110", "regex": "false"},
	{"name_s": "/usr/share/perl5/XML/DOM/Element.pod", "size_i": "4949", "regex": "false"},
	{"name_s": "/usr/share/perl5/XML/DOM/ElementDecl.pod", "size_i": "529", "regex": "false"},
	{"name_s": "/usr/share/perl5/XML/DOM/Entity.pod", "size_i": "1100", "regex": "false"},
	{"name_s": "/usr/share/perl5/XML/DOM/EntityReference.pod", "size_i": "1305", "regex": "false"},
	{"name_s": "/usr/share/perl5/XML/DOM/NamedNodeMap.pm", "size_i": "5311", "regex": "false"},
	{"name_s": "/usr/share/perl5/XML/DOM/NamedNodeMap.pod", "size_i": "3642", "regex": "false"},
	{"name_s": "/usr/share/perl5/XML/DOM/Node.pod", "size_i": "13079", "regex": "false"},
	{"name_s": "/usr/share/perl5/XML/DOM/NodeList.pm", "size_i": "695", "regex": "false"},
	{"name_s": "/usr/share/perl5/XML/DOM/NodeList.pod", "size_i": "1095", "regex": "false"},
	{"name_s": "/usr/share/perl5/XML/DOM/Notation.pod", "size_i": "874", "regex": "false"},
	{"name_s": "/usr/share/perl5/XML/DOM/Parser.pod", "size_i": "2716", "regex": "false"},
	{"name_s": "/usr/share/perl5/XML/DOM/PerlSAX.pm", "size_i": "940", "regex": "false"},
	{"name_s": "/usr/share/perl5/XML/DOM/ProcessingInstruction.pod", "size_i": "802", "regex": "false"},
	{"name_s": "/usr/share/perl5/XML/DOM/Text.pod", "size_i": "1886", "regex": "false"},
	{"name_s": "/usr/share/perl5/XML/DOM/XMLDecl.pod", "size_i": "686", "regex": "false"},
	{"name_s": "/usr/share/perl5/XML/Handler", "size_i": "4096", "regex": "false"},
	{"name_s": "/usr/share/perl5/XML/Handler/BuildDOM.pm", "size_i": "7526", "regex": "false"}
]
