[
	{"name_s": "/usr/bin/pk-example-frobnicate", "size_i": "5768", "regex": "false"},
	{"name_s": "/usr/include/polkit-1", "size_i": "4096", "regex": "false"},
	{"name_s": "/usr/include/polkit-1/polkit", "size_i": "4096", "regex": "false"},
	{"name_s": "/usr/include/polkit-1/polkit/polkit.h", "size_i": "1670", "regex": "false"},
	{"name_s": "/usr/include/polkit-1/polkit/polkitactiondescription.h", "size_i": "3618", "regex": "false"},
	{"name_s": "/usr/include/polkit-1/polkit/polkitauthority.h", "size_i": "17571", "regex": "false"},
	{"name_s": "/usr/include/polkit-1/polkit/polkitauthorityfeatures.h", "size_i": "1802", "regex": "false"},
	{"name_s": "/usr/include/polkit-1/polkit/polkitauthorizationresult.h", "size_i": "3413", "regex": "false"},
	{"name_s": "/usr/include/polkit-1/polkit/polkitcheckauthorizationflags.h", "size_i": "1986", "regex": "false"},
	{"name_s": "/usr/include/polkit-1/polkit/polkitdetails.h", "size_i": "2433", "regex": "false"},
	{"name_s": "/usr/include/polkit-1/polkit/polkitenumtypes.h", "size_i": "997", "regex": "false"},
	{"name_s": "/usr/include/polkit-1/polkit/polkiterror.h", "size_i": "1979", "regex": "false"},
	{"name_s": "/usr/include/polkit-1/polkit/polkitidentity.h", "size_i": "2893", "regex": "false"},
	{"name_s": "/usr/include/polkit-1/polkit/polkitimplicitauthorization.h", "size_i": "3072", "regex": "false"},
	{"name_s": "/usr/include/polkit-1/polkit/polkitprivate.h", "size_i": "2396", "regex": "false"},
	{"name_s": "/usr/include/polkit-1/polkit/polkitsubject.h", "size_i": "4475", "regex": "false"},
	{"name_s": "/usr/include/polkit-1/polkit/polkitsystembusname.h", "size_i": "2893", "regex": "false"},
	{"name_s": "/usr/include/polkit-1/polkit/polkittemporaryauthorization.h", "size_i": "3459", "regex": "false"},
	{"name_s": "/usr/include/polkit-1/polkit/polkittypes.h", "size_i": "1931", "regex": "false"},
	{"name_s": "/usr/include/polkit-1/polkit/polkitunixgroup.h", "size_i": "2502", "regex": "false"},
	{"name_s": "/usr/include/polkit-1/polkit/polkitunixprocess.h", "size_i": "3422", "regex": "false"},
	{"name_s": "/usr/include/polkit-1/polkit/polkitunixsession.h", "size_i": "3248", "regex": "false"},
	{"name_s": "/usr/include/polkit-1/polkit/polkitunixuser.h", "size_i": "2465", "regex": "false"},
	{"name_s": "/usr/include/polkit-1/polkitagent", "size_i": "4096", "regex": "false"},
	{"name_s": "/usr/include/polkit-1/polkitagent/polkitagent.h", "size_i": "1387", "regex": "false"},
	{"name_s": "/usr/include/polkit-1/polkitagent/polkitagentlistener.h", "size_i": "5772", "regex": "false"},
	{"name_s": "/usr/include/polkit-1/polkitagent/polkitagentsession.h", "size_i": "2599", "regex": "false"},
	{"name_s": "/usr/include/polkit-1/polkitagent/polkitagenttypes.h", "size_i": "1365", "regex": "false"},
	{"name_s": "/usr/include/polkit-1/polkitbackend", "size_i": "4096", "regex": "false"},
	{"name_s": "/usr/include/polkit-1/polkitbackend/polkitbackend.h", "size_i": "1795", "regex": "false"},
	{"name_s": "/usr/include/polkit-1/polkitbackend/polkitbackendactionlookup.h", "size_i": "4935", "regex": "false"},
	{"name_s": "/usr/include/polkit-1/polkitbackend/polkitbackendactionpool.h", "size_i": "3330", "regex": "false"},
	{"name_s": "/usr/include/polkit-1/polkitbackend/polkitbackendauthority.h", "size_i": "19594", "regex": "false"},
	{"name_s": "/usr/include/polkit-1/polkitbackend/polkitbackendconfigsource.h", "size_i": "5238", "regex": "false"},
	{"name_s": "/usr/include/polkit-1/polkitbackend/polkitbackendinteractiveauthority.h", "size_i": "8145", "regex": "false"},
	{"name_s": "/usr/include/polkit-1/polkitbackend/polkitbackendlocalauthority.h", "size_i": "4048", "regex": "false"},
	{"name_s": "/usr/include/polkit-1/polkitbackend/polkitbackendlocalauthorizationstore.h", "size_i": "4400", "regex": "false"},
	{"name_s": "/usr/include/polkit-1/polkitbackend/polkitbackendsessionmonitor.h", "size_i": "3766", "regex": "false"},
	{"name_s": "/usr/include/polkit-1/polkitbackend/polkitbackendtypes.h", "size_i": "1779", "regex": "false"},
	{"name_s": "/usr/lib64/libpolkit-agent-1.so", "size_i": "26", "regex": "false"},
	{"name_s": "/usr/lib64/libpolkit-backend-1.so", "size_i": "28", "regex": "false"},
	{"name_s": "/usr/lib64/libpolkit-gobject-1.so", "size_i": "28", "regex": "false"},
	{"name_s": "/usr/lib64/pkgconfig/polkit-agent-1.pc", "size_i": "250", "regex": "false"},
	{"name_s": "/usr/lib64/pkgconfig/polkit-backend-1.pc", "size_i": "241", "regex": "false"},
	{"name_s": "/usr/lib64/pkgconfig/polkit-gobject-1.pc", "size_i": "469", "regex": "false"},
	{"name_s": "/usr/share/polkit-1/actions/org.freedesktop.policykit.examples.pkexec.policy", "size_i": "1104", "regex": "false"}
]
