[
	{"name_s": "/opt/rh/postgresql92/root/usr/bin/ecpg", "size_i": "736760", "regex": "false"},
	{"name_s": "/opt/rh/postgresql92/root/usr/include/ecpg_config.h", "size_i": "1046", "regex": "false"},
	{"name_s": "/opt/rh/postgresql92/root/usr/include/ecpg_config_x86_64.h", "size_i": "714", "regex": "false"},
	{"name_s": "/opt/rh/postgresql92/root/usr/include/ecpg_informix.h", "size_i": "2758", "regex": "false"},
	{"name_s": "/opt/rh/postgresql92/root/usr/include/ecpgerrno.h", "size_i": "2540", "regex": "false"},
	{"name_s": "/opt/rh/postgresql92/root/usr/include/ecpglib.h", "size_i": "2601", "regex": "false"},
	{"name_s": "/opt/rh/postgresql92/root/usr/include/ecpgtype.h", "size_i": "2621", "regex": "false"},
	{"name_s": "/opt/rh/postgresql92/root/usr/include/libpq", "size_i": "4096", "regex": "false"},
	{"name_s": "/opt/rh/postgresql92/root/usr/include/libpq-events.h", "size_i": "2211", "regex": "false"},
	{"name_s": "/opt/rh/postgresql92/root/usr/include/libpq-fe.h", "size_i": "20649", "regex": "false"},
	{"name_s": "/opt/rh/postgresql92/root/usr/include/libpq/libpq-fs.h", "size_i": "633", "regex": "false"},
	{"name_s": "/opt/rh/postgresql92/root/usr/include/pg_config.h", "size_i": "1030", "regex": "false"},
	{"name_s": "/opt/rh/postgresql92/root/usr/include/pg_config_manual.h", "size_i": "9261", "regex": "false"},
	{"name_s": "/opt/rh/postgresql92/root/usr/include/pg_config_os.h", "size_i": "1051", "regex": "false"},
	{"name_s": "/opt/rh/postgresql92/root/usr/include/pg_config_x86_64.h", "size_i": "26315", "regex": "false"},
	{"name_s": "/opt/rh/postgresql92/root/usr/include/pgsql", "size_i": "4096", "regex": "false"},
	{"name_s": "/opt/rh/postgresql92/root/usr/include/pgsql/informix", "size_i": "4096", "regex": "false"},
	{"name_s": "/opt/rh/postgresql92/root/usr/include/pgsql/informix/esql", "size_i": "4096", "regex": "false"},
	{"name_s": "/opt/rh/postgresql92/root/usr/include/pgsql/informix/esql/datetime.h", "size_i": "338", "regex": "false"},
	{"name_s": "/opt/rh/postgresql92/root/usr/include/pgsql/informix/esql/decimal.h", "size_i": "301", "regex": "false"},
	{"name_s": "/opt/rh/postgresql92/root/usr/include/pgsql/informix/esql/sqltypes.h", "size_i": "1435", "regex": "false"},
	{"name_s": "/opt/rh/postgresql92/root/usr/include/pgsql/internal", "size_i": "4096", "regex": "false"},
	{"name_s": "/opt/rh/postgresql92/root/usr/include/pgsql/internal/c.h", "size_i": "24689", "regex": "false"},
	{"name_s": "/opt/rh/postgresql92/root/usr/include/pgsql/internal/libpq", "size_i": "4096", "regex": "false"},
	{"name_s": "/opt/rh/postgresql92/root/usr/include/pgsql/internal/libpq-int.h", "size_i": "22813", "regex": "false"},
	{"name_s": "/opt/rh/postgresql92/root/usr/include/pgsql/internal/libpq/pqcomm.h", "size_i": "6405", "regex": "false"},
	{"name_s": "/opt/rh/postgresql92/root/usr/include/pgsql/internal/port.h", "size_i": "13722", "regex": "false"},
	{"name_s": "/opt/rh/postgresql92/root/usr/include/pgsql/internal/postgres_fe.h", "size_i": "730", "regex": "false"},
	{"name_s": "/opt/rh/postgresql92/root/usr/include/pgsql/internal/pqexpbuffer.h", "size_i": "6527", "regex": "false"},
	{"name_s": "/opt/rh/postgresql92/root/usr/include/pgsql/server", "size_i": "4096", "regex": "false"},
	{"name_s": "/opt/rh/postgresql92/root/usr/include/pgsql/server/access", "size_i": "4096", "regex": "false"},
	{"name_s": "/opt/rh/postgresql92/root/usr/include/pgsql/server/access/attnum.h", "size_i": "1553", "regex": "false"},
	{"name_s": "/opt/rh/postgresql92/root/usr/include/pgsql/server/access/clog.h", "size_i": "1508", "regex": "false"},
	{"name_s": "/opt/rh/postgresql92/root/usr/include/pgsql/server/access/genam.h", "size_i": "7470", "regex": "false"},
	{"name_s": "/opt/rh/postgresql92/root/usr/include/pgsql/server/access/gin.h", "size_i": "1664", "regex": "false"},
	{"name_s": "/opt/rh/postgresql92/root/usr/include/pgsql/server/access/gin_private.h", "size_i": "23386", "regex": "false"},
	{"name_s": "/opt/rh/postgresql92/root/usr/include/pgsql/server/access/gist.h", "size_i": "6805", "regex": "false"},
	{"name_s": "/opt/rh/postgresql92/root/usr/include/pgsql/server/access/gist_private.h", "size_i": "18749", "regex": "false"},
	{"name_s": "/opt/rh/postgresql92/root/usr/include/pgsql/server/access/gistscan.h", "size_i": "718", "regex": "false"},
	{"name_s": "/opt/rh/postgresql92/root/usr/include/pgsql/server/access/hash.h", "size_i": "13177", "regex": "false"},
	{"name_s": "/opt/rh/postgresql92/root/usr/include/pgsql/server/access/heapam.h", "size_i": "6397", "regex": "false"},
	{"name_s": "/opt/rh/postgresql92/root/usr/include/pgsql/server/access/hio.h", "size_i": "1280", "regex": "false"},
	{"name_s": "/opt/rh/postgresql92/root/usr/include/pgsql/server/access/htup.h", "size_i": "32708", "regex": "false"},
	{"name_s": "/opt/rh/postgresql92/root/usr/include/pgsql/server/access/itup.h", "size_i": "4404", "regex": "false"},
	{"name_s": "/opt/rh/postgresql92/root/usr/include/pgsql/server/access/multixact.h", "size_i": "2843", "regex": "false"},
	{"name_s": "/opt/rh/postgresql92/root/usr/include/pgsql/server/access/nbtree.h", "size_i": "28079", "regex": "false"},
	{"name_s": "/opt/rh/postgresql92/root/usr/include/pgsql/server/access/printtup.h", "size_i": "1051", "regex": "false"},
	{"name_s": "/opt/rh/postgresql92/root/usr/include/pgsql/server/access/reloptions.h", "size_i": "8813", "regex": "false"},
	{"name_s": "/opt/rh/postgresql92/root/usr/include/pgsql/server/access/relscan.h", "size_i": "4168", "regex": "false"},
	{"name_s": "/opt/rh/postgresql92/root/usr/include/pgsql/server/access/rewriteheap.h", "size_i": "1016", "regex": "false"},
	{"name_s": "/opt/rh/postgresql92/root/usr/include/pgsql/server/access/rmgr.h", "size_i": "804", "regex": "false"},
	{"name_s": "/opt/rh/postgresql92/root/usr/include/pgsql/server/access/sdir.h", "size_i": "1466", "regex": "false"},
	{"name_s": "/opt/rh/postgresql92/root/usr/include/pgsql/server/access/skey.h", "size_i": "7033", "regex": "false"},
	{"name_s": "/opt/rh/postgresql92/root/usr/include/pgsql/server/access/slru.h", "size_i": "5278", "regex": "false"},
	{"name_s": "/opt/rh/postgresql92/root/usr/include/pgsql/server/access/spgist.h", "size_i": "6391", "regex": "false"},
	{"name_s": "/opt/rh/postgresql92/root/usr/include/pgsql/server/access/spgist_private.h", "size_i": "22659", "regex": "false"},
	{"name_s": "/opt/rh/postgresql92/root/usr/include/pgsql/server/access/subtrans.h", "size_i": "973", "regex": "false"},
	{"name_s": "/opt/rh/postgresql92/root/usr/include/pgsql/server/access/sysattr.h", "size_i": "891", "regex": "false"},
	{"name_s": "/opt/rh/postgresql92/root/usr/include/pgsql/server/access/transam.h", "size_i": "6161", "regex": "false"},
	{"name_s": "/opt/rh/postgresql92/root/usr/include/pgsql/server/access/tupconvert.h", "size_i": "1287", "regex": "false"},
	{"name_s": "/opt/rh/postgresql92/root/usr/include/pgsql/server/access/tupdesc.h", "size_i": "4241", "regex": "false"},
	{"name_s": "/opt/rh/postgresql92/root/usr/include/pgsql/server/access/tupmacs.h", "size_i": "7326", "regex": "false"},
	{"name_s": "/opt/rh/postgresql92/root/usr/include/pgsql/server/access/tuptoaster.h", "size_i": "5821", "regex": "false"},
	{"name_s": "/opt/rh/postgresql92/root/usr/include/pgsql/server/access/twophase.h", "size_i": "1716", "regex": "false"},
	{"name_s": "/opt/rh/postgresql92/root/usr/include/pgsql/server/access/twophase_rmgr.h", "size_i": "1272", "regex": "false"},
	{"name_s": "/opt/rh/postgresql92/root/usr/include/pgsql/server/access/valid.h", "size_i": "1437", "regex": "false"},
	{"name_s": "/opt/rh/postgresql92/root/usr/include/pgsql/server/access/visibilitymap.h", "size_i": "1178", "regex": "false"},
	{"name_s": "/opt/rh/postgresql92/root/usr/include/pgsql/server/access/xact.h", "size_i": "8707", "regex": "false"},
	{"name_s": "/opt/rh/postgresql92/root/usr/include/pgsql/server/access/xlog.h", "size_i": "12568", "regex": "false"},
	{"name_s": "/opt/rh/postgresql92/root/usr/include/pgsql/server/access/xlog_internal.h", "size_i": "9567", "regex": "false"},
	{"name_s": "/opt/rh/postgresql92/root/usr/include/pgsql/server/access/xlogdefs.h", "size_i": "4597", "regex": "false"},
	{"name_s": "/opt/rh/postgresql92/root/usr/include/pgsql/server/access/xlogutils.h", "size_i": "956", "regex": "false"},
	{"name_s": "/opt/rh/postgresql92/root/usr/include/pgsql/server/bootstrap", "size_i": "4096", "regex": "false"},
	{"name_s": "/opt/rh/postgresql92/root/usr/include/pgsql/server/bootstrap/bootstrap.h", "size_i": "1573", "regex": "false"},
	{"name_s": "/opt/rh/postgresql92/root/usr/include/pgsql/server/c.h", "size_i": "24689", "regex": "false"},
	{"name_s": "/opt/rh/postgresql92/root/usr/include/pgsql/server/catalog", "size_i": "4096", "regex": "false"},
	{"name_s": "/opt/rh/postgresql92/root/usr/include/pgsql/server/catalog/catalog.h", "size_i": "2099", "regex": "false"},
	{"name_s": "/opt/rh/postgresql92/root/usr/include/pgsql/server/catalog/catversion.h", "size_i": "2586", "regex": "false"},
	{"name_s": "/opt/rh/postgresql92/root/usr/include/pgsql/server/catalog/dependency.h", "size_i": "9669", "regex": "false"},
	{"name_s": "/opt/rh/postgresql92/root/usr/include/pgsql/server/catalog/genbki.h", "size_i": "1794", "regex": "false"},
	{"name_s": "/opt/rh/postgresql92/root/usr/include/pgsql/server/catalog/heap.h", "size_i": "3899", "regex": "false"},
	{"name_s": "/opt/rh/postgresql92/root/usr/include/pgsql/server/catalog/index.h", "size_i": "3105", "regex": "false"},
	{"name_s": "/opt/rh/postgresql92/root/usr/include/pgsql/server/catalog/indexing.h", "size_i": "16686", "regex": "false"},
	{"name_s": "/opt/rh/postgresql92/root/usr/include/pgsql/server/catalog/namespace.h", "size_i": "5769", "regex": "false"},
	{"name_s": "/opt/rh/postgresql92/root/usr/include/pgsql/server/catalog/objectaccess.h", "size_i": "1654", "regex": "false"},
	{"name_s": "/opt/rh/postgresql92/root/usr/include/pgsql/server/catalog/objectaddress.h", "size_i": "1236", "regex": "false"},
	{"name_s": "/opt/rh/postgresql92/root/usr/include/pgsql/server/catalog/pg_aggregate.h", "size_i": "10609", "regex": "false"},
	{"name_s": "/opt/rh/postgresql92/root/usr/include/pgsql/server/catalog/pg_am.h", "size_i": "5941", "regex": "false"},
	{"name_s": "/opt/rh/postgresql92/root/usr/include/pgsql/server/catalog/pg_amop.h", "size_i": "25108", "regex": "false"},
	{"name_s": "/opt/rh/postgresql92/root/usr/include/pgsql/server/catalog/pg_amproc.h", "size_i": "14345", "regex": "false"},
	{"name_s": "/opt/rh/postgresql92/root/usr/include/pgsql/server/catalog/pg_attrdef.h", "size_i": "1670", "regex": "false"},
	{"name_s": "/opt/rh/postgresql92/root/usr/include/pgsql/server/catalog/pg_attribute.h", "size_i": "6949", "regex": "false"},
	{"name_s": "/opt/rh/postgresql92/root/usr/include/pgsql/server/catalog/pg_auth_members.h", "size_i": "1791", "regex": "false"},
	{"name_s": "/opt/rh/postgresql92/root/usr/include/pgsql/server/catalog/pg_authid.h", "size_i": "3270", "regex": "false"},
	{"name_s": "/opt/rh/postgresql92/root/usr/include/pgsql/server/catalog/pg_cast.h", "size_i": "11759", "regex": "false"},
	{"name_s": "/opt/rh/postgresql92/root/usr/include/pgsql/server/catalog/pg_class.h", "size_i": "6070", "regex": "false"},
	{"name_s": "/opt/rh/postgresql92/root/usr/include/pgsql/server/catalog/pg_collation.h", "size_i": "2284", "regex": "false"},
	{"name_s": "/opt/rh/postgresql92/root/usr/include/pgsql/server/catalog/pg_collation_fn.h", "size_i": "735", "regex": "false"},
	{"name_s": "/opt/rh/postgresql92/root/usr/include/pgsql/server/catalog/pg_constraint.h", "size_i": "8305", "regex": "false"},
	{"name_s": "/opt/rh/postgresql92/root/usr/include/pgsql/server/catalog/pg_control.h", "size_i": "8166", "regex": "false"},
	{"name_s": "/opt/rh/postgresql92/root/usr/include/pgsql/server/catalog/pg_conversion.h", "size_i": "2175", "regex": "false"},
	{"name_s": "/opt/rh/postgresql92/root/usr/include/pgsql/server/catalog/pg_conversion_fn.h", "size_i": "833", "regex": "false"},
	{"name_s": "/opt/rh/postgresql92/root/usr/include/pgsql/server/catalog/pg_database.h", "size_i": "2689", "regex": "false"},
	{"name_s": "/opt/rh/postgresql92/root/usr/include/pgsql/server/catalog/pg_db_role_setting.h", "size_i": "2008", "regex": "false"},
	{"name_s": "/opt/rh/postgresql92/root/usr/include/pgsql/server/catalog/pg_default_acl.h", "size_i": "2150", "regex": "false"},
	{"name_s": "/opt/rh/postgresql92/root/usr/include/pgsql/server/catalog/pg_depend.h", "size_i": "2796", "regex": "false"},
	{"name_s": "/opt/rh/postgresql92/root/usr/include/pgsql/server/catalog/pg_description.h", "size_i": "2985", "regex": "false"},
	{"name_s": "/opt/rh/postgresql92/root/usr/include/pgsql/server/catalog/pg_enum.h", "size_i": "1859", "regex": "false"},
	{"name_s": "/opt/rh/postgresql92/root/usr/include/pgsql/server/catalog/pg_extension.h", "size_i": "2136", "regex": "false"},
	{"name_s": "/opt/rh/postgresql92/root/usr/include/pgsql/server/catalog/pg_foreign_data_wrapper.h", "size_i": "2066", "regex": "false"},
	{"name_s": "/opt/rh/postgresql92/root/usr/include/pgsql/server/catalog/pg_foreign_server.h", "size_i": "1914", "regex": "false"},
	{"name_s": "/opt/rh/postgresql92/root/usr/include/pgsql/server/catalog/pg_foreign_table.h", "size_i": "1628", "regex": "false"},
	{"name_s": "/opt/rh/postgresql92/root/usr/include/pgsql/server/catalog/pg_index.h", "size_i": "3855", "regex": "false"},
	{"name_s": "/opt/rh/postgresql92/root/usr/include/pgsql/server/catalog/pg_inherits.h", "size_i": "1499", "regex": "false"},
	{"name_s": "/opt/rh/postgresql92/root/usr/include/pgsql/server/catalog/pg_inherits_fn.h", "size_i": "850", "regex": "false"},
	{"name_s": "/opt/rh/postgresql92/root/usr/include/pgsql/server/catalog/pg_language.h", "size_i": "2442", "regex": "false"},
	{"name_s": "/opt/rh/postgresql92/root/usr/include/pgsql/server/catalog/pg_largeobject.h", "size_i": "1829", "regex": "false"},
	{"name_s": "/opt/rh/postgresql92/root/usr/include/pgsql/server/catalog/pg_largeobject_metadata.h", "size_i": "1714", "regex": "false"},
	{"name_s": "/opt/rh/postgresql92/root/usr/include/pgsql/server/catalog/pg_namespace.h", "size_i": "2282", "regex": "false"},
	{"name_s": "/opt/rh/postgresql92/root/usr/include/pgsql/server/catalog/pg_opclass.h", "size_i": "11699", "regex": "false"},
	{"name_s": "/opt/rh/postgresql92/root/usr/include/pgsql/server/catalog/pg_operator.h", "size_i": "98031", "regex": "false"},
	{"name_s": "/opt/rh/postgresql92/root/usr/include/pgsql/server/catalog/pg_opfamily.h", "size_i": "6493", "regex": "false"},
	{"name_s": "/opt/rh/postgresql92/root/usr/include/pgsql/server/catalog/pg_pltemplate.h", "size_i": "3185", "regex": "false"},
	{"name_s": "/opt/rh/postgresql92/root/usr/include/pgsql/server/catalog/pg_proc.h", "size_i": "461504", "regex": "false"},
	{"name_s": "/opt/rh/postgresql92/root/usr/include/pgsql/server/catalog/pg_proc_fn.h", "size_i": "1169", "regex": "false"},
	{"name_s": "/opt/rh/postgresql92/root/usr/include/pgsql/server/catalog/pg_range.h", "size_i": "2595", "regex": "false"},
	{"name_s": "/opt/rh/postgresql92/root/usr/include/pgsql/server/catalog/pg_rewrite.h", "size_i": "1893", "regex": "false"},
	{"name_s": "/opt/rh/postgresql92/root/usr/include/pgsql/server/catalog/pg_seclabel.h", "size_i": "1363", "regex": "false"},
	{"name_s": "/opt/rh/postgresql92/root/usr/include/pgsql/server/catalog/pg_shdepend.h", "size_i": "2815", "regex": "false"},
	{"name_s": "/opt/rh/postgresql92/root/usr/include/pgsql/server/catalog/pg_shdescription.h", "size_i": "2444", "regex": "false"},
	{"name_s": "/opt/rh/postgresql92/root/usr/include/pgsql/server/catalog/pg_shseclabel.h", "size_i": "1343", "regex": "false"},
	{"name_s": "/opt/rh/postgresql92/root/usr/include/pgsql/server/catalog/pg_statistic.h", "size_i": "11373", "regex": "false"},
	{"name_s": "/opt/rh/postgresql92/root/usr/include/pgsql/server/catalog/pg_tablespace.h", "size_i": "1891", "regex": "false"},
	{"name_s": "/opt/rh/postgresql92/root/usr/include/pgsql/server/catalog/pg_trigger.h", "size_i": "5746", "regex": "false"},
	{"name_s": "/opt/rh/postgresql92/root/usr/include/pgsql/server/catalog/pg_ts_config.h", "size_i": "1645", "regex": "false"},
	{"name_s": "/opt/rh/postgresql92/root/usr/include/pgsql/server/catalog/pg_ts_config_map.h", "size_i": "2334", "regex": "false"},
	{"name_s": "/opt/rh/postgresql92/root/usr/include/pgsql/server/catalog/pg_ts_dict.h", "size_i": "1822", "regex": "false"},
	{"name_s": "/opt/rh/postgresql92/root/usr/include/pgsql/server/catalog/pg_ts_parser.h", "size_i": "1993", "regex": "false"},
	{"name_s": "/opt/rh/postgresql92/root/usr/include/pgsql/server/catalog/pg_ts_template.h", "size_i": "2152", "regex": "false"},
	{"name_s": "/opt/rh/postgresql92/root/usr/include/pgsql/server/catalog/pg_type.h", "size_i": "42367", "regex": "false"},
	{"name_s": "/opt/rh/postgresql92/root/usr/include/pgsql/server/catalog/pg_type_fn.h", "size_i": "2126", "regex": "false"},
	{"name_s": "/opt/rh/postgresql92/root/usr/include/pgsql/server/catalog/pg_user_mapping.h", "size_i": "1624", "regex": "false"},
	{"name_s": "/opt/rh/postgresql92/root/usr/include/pgsql/server/catalog/schemapg.h", "size_i": "16154", "regex": "false"},
	{"name_s": "/opt/rh/postgresql92/root/usr/include/pgsql/server/catalog/storage.h", "size_i": "1366", "regex": "false"},
	{"name_s": "/opt/rh/postgresql92/root/usr/include/pgsql/server/catalog/toasting.h", "size_i": "1954", "regex": "false"},
	{"name_s": "/opt/rh/postgresql92/root/usr/include/pgsql/server/commands", "size_i": "4096", "regex": "false"},
	{"name_s": "/opt/rh/postgresql92/root/usr/include/pgsql/server/commands/alter.h", "size_i": "1009", "regex": "false"},
	{"name_s": "/opt/rh/postgresql92/root/usr/include/pgsql/server/commands/async.h", "size_i": "1832", "regex": "false"},
	{"name_s": "/opt/rh/postgresql92/root/usr/include/pgsql/server/commands/cluster.h", "size_i": "1167", "regex": "false"},
	{"name_s": "/opt/rh/postgresql92/root/usr/include/pgsql/server/commands/collationcmds.h", "size_i": "919", "regex": "false"},
	{"name_s": "/opt/rh/postgresql92/root/usr/include/pgsql/server/commands/comment.h", "size_i": "1364", "regex": "false"},
	{"name_s": "/opt/rh/postgresql92/root/usr/include/pgsql/server/commands/conversioncmds.h", "size_i": "941", "regex": "false"},
	{"name_s": "/opt/rh/postgresql92/root/usr/include/pgsql/server/commands/copy.h", "size_i": "1241", "regex": "false"},
	{"name_s": "/opt/rh/postgresql92/root/usr/include/pgsql/server/commands/createas.h", "size_i": "801", "regex": "false"},
	{"name_s": "/opt/rh/postgresql92/root/usr/include/pgsql/server/commands/dbcommands.h", "size_i": "2117", "regex": "false"},
	{"name_s": "/opt/rh/postgresql92/root/usr/include/pgsql/server/commands/defrem.h", "size_i": "7690", "regex": "false"},
	{"name_s": "/opt/rh/postgresql92/root/usr/include/pgsql/server/commands/discard.h", "size_i": "471", "regex": "false"},
	{"name_s": "/opt/rh/postgresql92/root/usr/include/pgsql/server/commands/explain.h", "size_i": "2994", "regex": "false"},
	{"name_s": "/opt/rh/postgresql92/root/usr/include/pgsql/server/commands/extension.h", "size_i": "1566", "regex": "false"},
	{"name_s": "/opt/rh/postgresql92/root/usr/include/pgsql/server/commands/lockcmds.h", "size_i": "559", "regex": "false"},
	{"name_s": "/opt/rh/postgresql92/root/usr/include/pgsql/server/commands/portalcmds.h", "size_i": "896", "regex": "false"},
	{"name_s": "/opt/rh/postgresql92/root/usr/include/pgsql/server/commands/prepare.h", "size_i": "2078", "regex": "false"},
	{"name_s": "/opt/rh/postgresql92/root/usr/include/pgsql/server/commands/proclang.h", "size_i": "784", "regex": "false"},
	{"name_s": "/opt/rh/postgresql92/root/usr/include/pgsql/server/commands/schemacmds.h", "size_i": "843", "regex": "false"},
	{"name_s": "/opt/rh/postgresql92/root/usr/include/pgsql/server/commands/seclabel.h", "size_i": "970", "regex": "false"},
	{"name_s": "/opt/rh/postgresql92/root/usr/include/pgsql/server/commands/sequence.h", "size_i": "1997", "regex": "false"},
	{"name_s": "/opt/rh/postgresql92/root/usr/include/pgsql/server/commands/tablecmds.h", "size_i": "2646", "regex": "false"},
	{"name_s": "/opt/rh/postgresql92/root/usr/include/pgsql/server/commands/tablespace.h", "size_i": "1803", "regex": "false"},
	{"name_s": "/opt/rh/postgresql92/root/usr/include/pgsql/server/commands/trigger.h", "size_i": "6807", "regex": "false"},
	{"name_s": "/opt/rh/postgresql92/root/usr/include/pgsql/server/commands/typecmds.h", "size_i": "2014", "regex": "false"},
	{"name_s": "/opt/rh/postgresql92/root/usr/include/pgsql/server/commands/user.h", "size_i": "1105", "regex": "false"},
	{"name_s": "/opt/rh/postgresql92/root/usr/include/pgsql/server/commands/vacuum.h", "size_i": "6877", "regex": "false"},
	{"name_s": "/opt/rh/postgresql92/root/usr/include/pgsql/server/commands/variable.h", "size_i": "1881", "regex": "false"},
	{"name_s": "/opt/rh/postgresql92/root/usr/include/pgsql/server/commands/view.h", "size_i": "510", "regex": "false"},
	{"name_s": "/opt/rh/postgresql92/root/usr/include/pgsql/server/datatype", "size_i": "4096", "regex": "false"},
	{"name_s": "/opt/rh/postgresql92/root/usr/include/pgsql/server/datatype/timestamp.h", "size_i": "5629", "regex": "false"},
	{"name_s": "/opt/rh/postgresql92/root/usr/include/pgsql/server/dynloader.h", "size_i": "1120", "regex": "false"},
	{"name_s": "/opt/rh/postgresql92/root/usr/include/pgsql/server/executor", "size_i": "4096", "regex": "false"},
	{"name_s": "/opt/rh/postgresql92/root/usr/include/pgsql/server/executor/execdebug.h", "size_i": "4426", "regex": "false"},
	{"name_s": "/opt/rh/postgresql92/root/usr/include/pgsql/server/executor/execdesc.h", "size_i": "2384", "regex": "false"},
	{"name_s": "/opt/rh/postgresql92/root/usr/include/pgsql/server/executor/executor.h", "size_i": "14798", "regex": "false"},
	{"name_s": "/opt/rh/postgresql92/root/usr/include/pgsql/server/executor/functions.h", "size_i": "1150", "regex": "false"},
	{"name_s": "/opt/rh/postgresql92/root/usr/include/pgsql/server/executor/hashjoin.h", "size_i": "7353", "regex": "false"},
	{"name_s": "/opt/rh/postgresql92/root/usr/include/pgsql/server/executor/instrument.h", "size_i": "2857", "regex": "false"},
	{"name_s": "/opt/rh/postgresql92/root/usr/include/pgsql/server/executor/nodeAgg.h", "size_i": "782", "regex": "false"},
	{"name_s": "/opt/rh/postgresql92/root/usr/include/pgsql/server/executor/nodeAppend.h", "size_i": "701", "regex": "false"},
	{"name_s": "/opt/rh/postgresql92/root/usr/include/pgsql/server/executor/nodeBitmapAnd.h", "size_i": "738", "regex": "false"},
	{"name_s": "/opt/rh/postgresql92/root/usr/include/pgsql/server/executor/nodeBitmapHeapscan.h", "size_i": "813", "regex": "false"},
	{"name_s": "/opt/rh/postgresql92/root/usr/include/pgsql/server/executor/nodeBitmapIndexscan.h", "size_i": "822", "regex": "false"},
	{"name_s": "/opt/rh/postgresql92/root/usr/include/pgsql/server/executor/nodeBitmapOr.h", "size_i": "724", "regex": "false"},
	{"name_s": "/opt/rh/postgresql92/root/usr/include/pgsql/server/executor/nodeCtescan.h", "size_i": "715", "regex": "false"},
	{"name_s": "/opt/rh/postgresql92/root/usr/include/pgsql/server/executor/nodeForeignscan.h", "size_i": "771", "regex": "false"},
	{"name_s": "/opt/rh/postgresql92/root/usr/include/pgsql/server/executor/nodeFunctionscan.h", "size_i": "785", "regex": "false"},
	{"name_s": "/opt/rh/postgresql92/root/usr/include/pgsql/server/executor/nodeGroup.h", "size_i": "716", "regex": "false"},
	{"name_s": "/opt/rh/postgresql92/root/usr/include/pgsql/server/executor/nodeHash.h", "size_i": "1926", "regex": "false"},
	{"name_s": "/opt/rh/postgresql92/root/usr/include/pgsql/server/executor/nodeHashjoin.h", "size_i": "890", "regex": "false"},
	{"name_s": "/opt/rh/postgresql92/root/usr/include/pgsql/server/executor/nodeIndexonlyscan.h", "size_i": "920", "regex": "false"},
	{"name_s": "/opt/rh/postgresql92/root/usr/include/pgsql/server/executor/nodeIndexscan.h", "size_i": "1558", "regex": "false"},
	{"name_s": "/opt/rh/postgresql92/root/usr/include/pgsql/server/executor/nodeLimit.h", "size_i": "687", "regex": "false"},
	{"name_s": "/opt/rh/postgresql92/root/usr/include/pgsql/server/executor/nodeLockRows.h", "size_i": "729", "regex": "false"},
	{"name_s": "/opt/rh/postgresql92/root/usr/include/pgsql/server/executor/nodeMaterial.h", "size_i": "838", "regex": "false"},
	{"name_s": "/opt/rh/postgresql92/root/usr/include/pgsql/server/executor/nodeMergeAppend.h", "size_i": "771", "regex": "false"},
	{"name_s": "/opt/rh/postgresql92/root/usr/include/pgsql/server/executor/nodeMergejoin.h", "size_i": "743", "regex": "false"},
	{"name_s": "/opt/rh/postgresql92/root/usr/include/pgsql/server/executor/nodeModifyTable.h", "size_i": "768", "regex": "false"},
	{"name_s": "/opt/rh/postgresql92/root/usr/include/pgsql/server/executor/nodeNestloop.h", "size_i": "729", "regex": "false"},
	{"name_s": "/opt/rh/postgresql92/root/usr/include/pgsql/server/executor/nodeRecursiveunion.h", "size_i": "813", "regex": "false"},
	{"name_s": "/opt/rh/postgresql92/root/usr/include/pgsql/server/executor/nodeResult.h", "size_i": "802", "regex": "false"},
	{"name_s": "/opt/rh/postgresql92/root/usr/include/pgsql/server/executor/nodeSeqscan.h", "size_i": "812", "regex": "false"},
	{"name_s": "/opt/rh/postgresql92/root/usr/include/pgsql/server/executor/nodeSetOp.h", "size_i": "687", "regex": "false"},
	{"name_s": "/opt/rh/postgresql92/root/usr/include/pgsql/server/executor/nodeSort.h", "size_i": "766", "regex": "false"},
	{"name_s": "/opt/rh/postgresql92/root/usr/include/pgsql/server/executor/nodeSubplan.h", "size_i": "812", "regex": "false"},
	{"name_s": "/opt/rh/postgresql92/root/usr/include/pgsql/server/executor/nodeSubqueryscan.h", "size_i": "785", "regex": "false"},
	{"name_s": "/opt/rh/postgresql92/root/usr/include/pgsql/server/executor/nodeTidscan.h", "size_i": "812", "regex": "false"},
	{"name_s": "/opt/rh/postgresql92/root/usr/include/pgsql/server/executor/nodeUnique.h", "size_i": "701", "regex": "false"},
	{"name_s": "/opt/rh/postgresql92/root/usr/include/pgsql/server/executor/nodeValuesscan.h", "size_i": "866", "regex": "false"},
	{"name_s": "/opt/rh/postgresql92/root/usr/include/pgsql/server/executor/nodeWindowAgg.h", "size_i": "776", "regex": "false"},
	{"name_s": "/opt/rh/postgresql92/root/usr/include/pgsql/server/executor/nodeWorktablescan.h", "size_i": "799", "regex": "false"},
	{"name_s": "/opt/rh/postgresql92/root/usr/include/pgsql/server/executor/spi.h", "size_i": "5663", "regex": "false"},
	{"name_s": "/opt/rh/postgresql92/root/usr/include/pgsql/server/executor/spi_priv.h", "size_i": "3691", "regex": "false"},
	{"name_s": "/opt/rh/postgresql92/root/usr/include/pgsql/server/executor/tstoreReceiver.h", "size_i": "767", "regex": "false"},
	{"name_s": "/opt/rh/postgresql92/root/usr/include/pgsql/server/executor/tuptable.h", "size_i": "8591", "regex": "false"},
	{"name_s": "/opt/rh/postgresql92/root/usr/include/pgsql/server/fmgr.h", "size_i": "30142", "regex": "false"},
	{"name_s": "/opt/rh/postgresql92/root/usr/include/pgsql/server/foreign", "size_i": "4096", "regex": "false"},
	{"name_s": "/opt/rh/postgresql92/root/usr/include/pgsql/server/foreign/fdwapi.h", "size_i": "3083", "regex": "false"},
	{"name_s": "/opt/rh/postgresql92/root/usr/include/pgsql/server/foreign/foreign.h", "size_i": "2606", "regex": "false"},
	{"name_s": "/opt/rh/postgresql92/root/usr/include/pgsql/server/funcapi.h", "size_i": "10324", "regex": "false"},
	{"name_s": "/opt/rh/postgresql92/root/usr/include/pgsql/server/getaddrinfo.h", "size_i": "3936", "regex": "false"},
	{"name_s": "/opt/rh/postgresql92/root/usr/include/pgsql/server/getopt_long.h", "size_i": "827", "regex": "false"},
	{"name_s": "/opt/rh/postgresql92/root/usr/include/pgsql/server/lib", "size_i": "4096", "regex": "false"},
	{"name_s": "/opt/rh/postgresql92/root/usr/include/pgsql/server/lib/dllist.h", "size_i": "2871", "regex": "false"},
	{"name_s": "/opt/rh/postgresql92/root/usr/include/pgsql/server/lib/stringinfo.h", "size_i": "5489", "regex": "false"},
	{"name_s": "/opt/rh/postgresql92/root/usr/include/pgsql/server/libpq", "size_i": "4096", "regex": "false"},
	{"name_s": "/opt/rh/postgresql92/root/usr/include/pgsql/server/libpq/auth.h", "size_i": "903", "regex": "false"},
	{"name_s": "/opt/rh/postgresql92/root/usr/include/pgsql/server/libpq/be-fsstubs.h", "size_i": "1610", "regex": "false"},
	{"name_s": "/opt/rh/postgresql92/root/usr/include/pgsql/server/libpq/crypt.h", "size_i": "550", "regex": "false"},
	{"name_s": "/opt/rh/postgresql92/root/usr/include/pgsql/server/libpq/hba.h", "size_i": "1780", "regex": "false"},
	{"name_s": "/opt/rh/postgresql92/root/usr/include/pgsql/server/libpq/ip.h", "size_i": "1704", "regex": "false"},
	{"name_s": "/opt/rh/postgresql92/root/usr/include/pgsql/server/libpq/libpq-be.h", "size_i": "5584", "regex": "false"},
	{"name_s": "/opt/rh/postgresql92/root/usr/include/pgsql/server/libpq/libpq-fs.h", "size_i": "633", "regex": "false"},
	{"name_s": "/opt/rh/postgresql92/root/usr/include/pgsql/server/libpq/libpq.h", "size_i": "2457", "regex": "false"},
	{"name_s": "/opt/rh/postgresql92/root/usr/include/pgsql/server/libpq/md5.h", "size_i": "901", "regex": "false"},
	{"name_s": "/opt/rh/postgresql92/root/usr/include/pgsql/server/libpq/pqcomm.h", "size_i": "6405", "regex": "false"},
	{"name_s": "/opt/rh/postgresql92/root/usr/include/pgsql/server/libpq/pqformat.h", "size_i": "1997", "regex": "false"},
	{"name_s": "/opt/rh/postgresql92/root/usr/include/pgsql/server/libpq/pqsignal.h", "size_i": "1300", "regex": "false"},
	{"name_s": "/opt/rh/postgresql92/root/usr/include/pgsql/server/mb", "size_i": "4096", "regex": "false"},
	{"name_s": "/opt/rh/postgresql92/root/usr/include/pgsql/server/mb/pg_wchar.h", "size_i": "17249", "regex": "false"},
	{"name_s": "/opt/rh/postgresql92/root/usr/include/pgsql/server/miscadmin.h", "size_i": "15149", "regex": "false"},
	{"name_s": "/opt/rh/postgresql92/root/usr/include/pgsql/server/nodes", "size_i": "4096", "regex": "false"},
	{"name_s": "/opt/rh/postgresql92/root/usr/include/pgsql/server/nodes/bitmapset.h", "size_i": "3440", "regex": "false"},
	{"name_s": "/opt/rh/postgresql92/root/usr/include/pgsql/server/nodes/execnodes.h", "size_i": "66161", "regex": "false"},
	{"name_s": "/opt/rh/postgresql92/root/usr/include/pgsql/server/nodes/makefuncs.h", "size_i": "2380", "regex": "false"},
	{"name_s": "/opt/rh/postgresql92/root/usr/include/pgsql/server/nodes/memnodes.h", "size_i": "2614", "regex": "false"},
	{"name_s": "/opt/rh/postgresql92/root/usr/include/pgsql/server/nodes/nodeFuncs.h", "size_i": "2510", "regex": "false"},
	{"name_s": "/opt/rh/postgresql92/root/usr/include/pgsql/server/nodes/nodes.h", "size_i": "13865", "regex": "false"},
	{"name_s": "/opt/rh/postgresql92/root/usr/include/pgsql/server/nodes/params.h", "size_i": "3776", "regex": "false"},
	{"name_s": "/opt/rh/postgresql92/root/usr/include/pgsql/server/nodes/parsenodes.h", "size_i": "89021", "regex": "false"},
	{"name_s": "/opt/rh/postgresql92/root/usr/include/pgsql/server/nodes/pg_list.h", "size_i": "11367", "regex": "false"},
	{"name_s": "/opt/rh/postgresql92/root/usr/include/pgsql/server/nodes/plannodes.h", "size_i": "28122", "regex": "false"},
	{"name_s": "/opt/rh/postgresql92/root/usr/include/pgsql/server/nodes/primnodes.h", "size_i": "50824", "regex": "false"},
	{"name_s": "/opt/rh/postgresql92/root/usr/include/pgsql/server/nodes/print.h", "size_i": "1070", "regex": "false"},
	{"name_s": "/opt/rh/postgresql92/root/usr/include/pgsql/server/nodes/readfuncs.h", "size_i": "897", "regex": "false"},
	{"name_s": "/opt/rh/postgresql92/root/usr/include/pgsql/server/nodes/relation.h", "size_i": "69731", "regex": "false"},
	{"name_s": "/opt/rh/postgresql92/root/usr/include/pgsql/server/nodes/replnodes.h", "size_i": "1053", "regex": "false"},
	{"name_s": "/opt/rh/postgresql92/root/usr/include/pgsql/server/nodes/tidbitmap.h", "size_i": "2238", "regex": "false"},
	{"name_s": "/opt/rh/postgresql92/root/usr/include/pgsql/server/nodes/value.h", "size_i": "1798", "regex": "false"},
	{"name_s": "/opt/rh/postgresql92/root/usr/include/pgsql/server/optimizer", "size_i": "4096", "regex": "false"},
	{"name_s": "/opt/rh/postgresql92/root/usr/include/pgsql/server/optimizer/clauses.h", "size_i": "2947", "regex": "false"},
	{"name_s": "/opt/rh/postgresql92/root/usr/include/pgsql/server/optimizer/cost.h", "size_i": "7502", "regex": "false"},
	{"name_s": "/opt/rh/postgresql92/root/usr/include/pgsql/server/optimizer/geqo.h", "size_i": "2173", "regex": "false"},
	{"name_s": "/opt/rh/postgresql92/root/usr/include/pgsql/server/optimizer/geqo_copy.h", "size_i": "966", "regex": "false"},
	{"name_s": "/opt/rh/postgresql92/root/usr/include/pgsql/server/optimizer/geqo_gene.h", "size_i": "1114", "regex": "false"},
	{"name_s": "/opt/rh/postgresql92/root/usr/include/pgsql/server/optimizer/geqo_misc.h", "size_i": "1124", "regex": "false"},
	{"name_s": "/opt/rh/postgresql92/root/usr/include/pgsql/server/optimizer/geqo_mutation.h", "size_i": "959", "regex": "false"},
	{"name_s": "/opt/rh/postgresql92/root/usr/include/pgsql/server/optimizer/geqo_pool.h", "size_i": "1317", "regex": "false"},
	{"name_s": "/opt/rh/postgresql92/root/usr/include/pgsql/server/optimizer/geqo_random.h", "size_i": "1312", "regex": "false"},
	{"name_s": "/opt/rh/postgresql92/root/usr/include/pgsql/server/optimizer/geqo_recombination.h", "size_i": "2644", "regex": "false"},
	{"name_s": "/opt/rh/postgresql92/root/usr/include/pgsql/server/optimizer/geqo_selection.h", "size_i": "1015", "regex": "false"},
	{"name_s": "/opt/rh/postgresql92/root/usr/include/pgsql/server/optimizer/joininfo.h", "size_i": "836", "regex": "false"},
	{"name_s": "/opt/rh/postgresql92/root/usr/include/pgsql/server/optimizer/pathnode.h", "size_i": "5513", "regex": "false"},
	{"name_s": "/opt/rh/postgresql92/root/usr/include/pgsql/server/optimizer/paths.h", "size_i": "6799", "regex": "false"},
	{"name_s": "/opt/rh/postgresql92/root/usr/include/pgsql/server/optimizer/placeholder.h", "size_i": "1233", "regex": "false"},
	{"name_s": "/opt/rh/postgresql92/root/usr/include/pgsql/server/optimizer/plancat.h", "size_i": "1691", "regex": "false"},
	{"name_s": "/opt/rh/postgresql92/root/usr/include/pgsql/server/optimizer/planmain.h", "size_i": "5224", "regex": "false"},
	{"name_s": "/opt/rh/postgresql92/root/usr/include/pgsql/server/optimizer/planner.h", "size_i": "1363", "regex": "false"},
	{"name_s": "/opt/rh/postgresql92/root/usr/include/pgsql/server/optimizer/predtest.h", "size_i": "668", "regex": "false"},
	{"name_s": "/opt/rh/postgresql92/root/usr/include/pgsql/server/optimizer/prep.h", "size_i": "1657", "regex": "false"},
	{"name_s": "/opt/rh/postgresql92/root/usr/include/pgsql/server/optimizer/restrictinfo.h", "size_i": "1754", "regex": "false"},
	{"name_s": "/opt/rh/postgresql92/root/usr/include/pgsql/server/optimizer/subselect.h", "size_i": "1417", "regex": "false"},
	{"name_s": "/opt/rh/postgresql92/root/usr/include/pgsql/server/optimizer/tlist.h", "size_i": "1726", "regex": "false"},
	{"name_s": "/opt/rh/postgresql92/root/usr/include/pgsql/server/optimizer/var.h", "size_i": "1534", "regex": "false"},
	{"name_s": "/opt/rh/postgresql92/root/usr/include/pgsql/server/parser", "size_i": "4096", "regex": "false"},
	{"name_s": "/opt/rh/postgresql92/root/usr/include/pgsql/server/parser/analyze.h", "size_i": "1465", "regex": "false"},
	{"name_s": "/opt/rh/postgresql92/root/usr/include/pgsql/server/parser/gram.h", "size_i": "11301", "regex": "false"},
	{"name_s": "/opt/rh/postgresql92/root/usr/include/pgsql/server/parser/gramparse.h", "size_i": "2149", "regex": "false"},
	{"name_s": "/opt/rh/postgresql92/root/usr/include/pgsql/server/parser/keywords.h", "size_i": "1055", "regex": "false"},
	{"name_s": "/opt/rh/postgresql92/root/usr/include/pgsql/server/parser/kwlist.h", "size_i": "20745", "regex": "false"},
	{"name_s": "/opt/rh/postgresql92/root/usr/include/pgsql/server/parser/parse_agg.h", "size_i": "1152", "regex": "false"},
	{"name_s": "/opt/rh/postgresql92/root/usr/include/pgsql/server/parser/parse_clause.h", "size_i": "1772", "regex": "false"},
	{"name_s": "/opt/rh/postgresql92/root/usr/include/pgsql/server/parser/parse_coerce.h", "size_i": "3116", "regex": "false"},
	{"name_s": "/opt/rh/postgresql92/root/usr/include/pgsql/server/parser/parse_collate.h", "size_i": "829", "regex": "false"},
	{"name_s": "/opt/rh/postgresql92/root/usr/include/pgsql/server/parser/parse_cte.h", "size_i": "694", "regex": "false"},
	{"name_s": "/opt/rh/postgresql92/root/usr/include/pgsql/server/parser/parse_expr.h", "size_i": "619", "regex": "false"},
	{"name_s": "/opt/rh/postgresql92/root/usr/include/pgsql/server/parser/parse_func.h", "size_i": "2672", "regex": "false"},
	{"name_s": "/opt/rh/postgresql92/root/usr/include/pgsql/server/parser/parse_node.h", "size_i": "6244", "regex": "false"},
	{"name_s": "/opt/rh/postgresql92/root/usr/include/pgsql/server/parser/parse_oper.h", "size_i": "2497", "regex": "false"},
	{"name_s": "/opt/rh/postgresql92/root/usr/include/pgsql/server/parser/parse_param.h", "size_i": "776", "regex": "false"},
	{"name_s": "/opt/rh/postgresql92/root/usr/include/pgsql/server/parser/parse_relation.h", "size_i": "3544", "regex": "false"},
	{"name_s": "/opt/rh/postgresql92/root/usr/include/pgsql/server/parser/parse_target.h", "size_i": "1425", "regex": "false"},
	{"name_s": "/opt/rh/postgresql92/root/usr/include/pgsql/server/parser/parse_type.h", "size_i": "1710", "regex": "false"},
	{"name_s": "/opt/rh/postgresql92/root/usr/include/pgsql/server/parser/parse_utilcmd.h", "size_i": "982", "regex": "false"},
	{"name_s": "/opt/rh/postgresql92/root/usr/include/pgsql/server/parser/parser.h", "size_i": "1146", "regex": "false"},
	{"name_s": "/opt/rh/postgresql92/root/usr/include/pgsql/server/parser/parsetree.h", "size_i": "2069", "regex": "false"},
	{"name_s": "/opt/rh/postgresql92/root/usr/include/pgsql/server/parser/scanner.h", "size_i": "4199", "regex": "false"},
	{"name_s": "/opt/rh/postgresql92/root/usr/include/pgsql/server/parser/scansup.h", "size_i": "752", "regex": "false"},
	{"name_s": "/opt/rh/postgresql92/root/usr/include/pgsql/server/pg_config.h", "size_i": "1030", "regex": "false"},
	{"name_s": "/opt/rh/postgresql92/root/usr/include/pgsql/server/pg_config_manual.h", "size_i": "9261", "regex": "false"},
	{"name_s": "/opt/rh/postgresql92/root/usr/include/pgsql/server/pg_config_os.h", "size_i": "1051", "regex": "false"},
	{"name_s": "/opt/rh/postgresql92/root/usr/include/pgsql/server/pg_config_x86_64.h", "size_i": "26315", "regex": "false"},
	{"name_s": "/opt/rh/postgresql92/root/usr/include/pgsql/server/pg_trace.h", "size_i": "316", "regex": "false"},
	{"name_s": "/opt/rh/postgresql92/root/usr/include/pgsql/server/pgstat.h", "size_i": "24463", "regex": "false"},
	{"name_s": "/opt/rh/postgresql92/root/usr/include/pgsql/server/pgtime.h", "size_i": "2103", "regex": "false"},
	{"name_s": "/opt/rh/postgresql92/root/usr/include/pgsql/server/plpgsql.h", "size_i": "26354", "regex": "false"},
	{"name_s": "/opt/rh/postgresql92/root/usr/include/pgsql/server/port", "size_i": "4096", "regex": "false"},
	{"name_s": "/opt/rh/postgresql92/root/usr/include/pgsql/server/port.h", "size_i": "13722", "regex": "false"},
	{"name_s": "/opt/rh/postgresql92/root/usr/include/pgsql/server/port/aix.h", "size_i": "82", "regex": "false"},
	{"name_s": "/opt/rh/postgresql92/root/usr/include/pgsql/server/port/cygwin.h", "size_i": "436", "regex": "false"},
	{"name_s": "/opt/rh/postgresql92/root/usr/include/pgsql/server/port/darwin.h", "size_i": "157", "regex": "false"},
	{"name_s": "/opt/rh/postgresql92/root/usr/include/pgsql/server/port/freebsd.h", "size_i": "33", "regex": "false"},
	{"name_s": "/opt/rh/postgresql92/root/usr/include/pgsql/server/port/hpux.h", "size_i": "52", "regex": "false"},
	{"name_s": "/opt/rh/postgresql92/root/usr/include/pgsql/server/port/irix.h", "size_i": "191", "regex": "false"},
	{"name_s": "/opt/rh/postgresql92/root/usr/include/pgsql/server/port/linux.h", "size_i": "1051", "regex": "false"},
	{"name_s": "/opt/rh/postgresql92/root/usr/include/pgsql/server/port/netbsd.h", "size_i": "32", "regex": "false"},
	{"name_s": "/opt/rh/postgresql92/root/usr/include/pgsql/server/port/openbsd.h", "size_i": "33", "regex": "false"},
	{"name_s": "/opt/rh/postgresql92/root/usr/include/pgsql/server/port/osf.h", "size_i": "73", "regex": "false"},
	{"name_s": "/opt/rh/postgresql92/root/usr/include/pgsql/server/port/sco.h", "size_i": "115", "regex": "false"},
	{"name_s": "/opt/rh/postgresql92/root/usr/include/pgsql/server/port/solaris.h", "size_i": "1041", "regex": "false"},
	{"name_s": "/opt/rh/postgresql92/root/usr/include/pgsql/server/port/unixware.h", "size_i": "279", "regex": "false"},
	{"name_s": "/opt/rh/postgresql92/root/usr/include/pgsql/server/port/win32", "size_i": "4096", "regex": "false"},
	{"name_s": "/opt/rh/postgresql92/root/usr/include/pgsql/server/port/win32.h", "size_i": "12811", "regex": "false"},
	{"name_s": "/opt/rh/postgresql92/root/usr/include/pgsql/server/port/win32/arpa", "size_i": "4096", "regex": "false"},
	{"name_s": "/opt/rh/postgresql92/root/usr/include/pgsql/server/port/win32/arpa/inet.h", "size_i": "66", "regex": "false"},
	{"name_s": "/opt/rh/postgresql92/root/usr/include/pgsql/server/port/win32/dlfcn.h", "size_i": "37", "regex": "false"},
	{"name_s": "/opt/rh/postgresql92/root/usr/include/pgsql/server/port/win32/grp.h", "size_i": "35", "regex": "false"},
	{"name_s": "/opt/rh/postgresql92/root/usr/include/pgsql/server/port/win32/netdb.h", "size_i": "37", "regex": "false"},
	{"name_s": "/opt/rh/postgresql92/root/usr/include/pgsql/server/port/win32/netinet", "size_i": "4096", "regex": "false"},
	{"name_s": "/opt/rh/postgresql92/root/usr/include/pgsql/server/port/win32/netinet/in.h", "size_i": "67", "regex": "false"},
	{"name_s": "/opt/rh/postgresql92/root/usr/include/pgsql/server/port/win32/pwd.h", "size_i": "39", "regex": "false"},
	{"name_s": "/opt/rh/postgresql92/root/usr/include/pgsql/server/port/win32/sys", "size_i": "4096", "regex": "false"},
	{"name_s": "/opt/rh/postgresql92/root/usr/include/pgsql/server/port/win32/sys/socket.h", "size_i": "696", "regex": "false"},
	{"name_s": "/opt/rh/postgresql92/root/usr/include/pgsql/server/port/win32/sys/wait.h", "size_i": "44", "regex": "false"},
	{"name_s": "/opt/rh/postgresql92/root/usr/include/pgsql/server/port/win32_msvc", "size_i": "4096", "regex": "false"},
	{"name_s": "/opt/rh/postgresql92/root/usr/include/pgsql/server/port/win32_msvc/dirent.h", "size_i": "411", "regex": "false"},
	{"name_s": "/opt/rh/postgresql92/root/usr/include/pgsql/server/port/win32_msvc/sys", "size_i": "4096", "regex": "false"},
	{"name_s": "/opt/rh/postgresql92/root/usr/include/pgsql/server/port/win32_msvc/sys/file.h", "size_i": "45", "regex": "false"},
	{"name_s": "/opt/rh/postgresql92/root/usr/include/pgsql/server/port/win32_msvc/sys/param.h", "size_i": "46", "regex": "false"},
	{"name_s": "/opt/rh/postgresql92/root/usr/include/pgsql/server/port/win32_msvc/sys/time.h", "size_i": "45", "regex": "false"},
	{"name_s": "/opt/rh/postgresql92/root/usr/include/pgsql/server/port/win32_msvc/unistd.h", "size_i": "43", "regex": "false"},
	{"name_s": "/opt/rh/postgresql92/root/usr/include/pgsql/server/port/win32_msvc/utime.h", "size_i": "42", "regex": "false"},
	{"name_s": "/opt/rh/postgresql92/root/usr/include/pgsql/server/portability", "size_i": "4096", "regex": "false"},
	{"name_s": "/opt/rh/postgresql92/root/usr/include/pgsql/server/portability/instr_time.h", "size_i": "4262", "regex": "false"},
	{"name_s": "/opt/rh/postgresql92/root/usr/include/pgsql/server/postgres.h", "size_i": "20550", "regex": "false"},
	{"name_s": "/opt/rh/postgresql92/root/usr/include/pgsql/server/postgres_ext.h", "size_i": "1778", "regex": "false"},
	{"name_s": "/opt/rh/postgresql92/root/usr/include/pgsql/server/postgres_fe.h", "size_i": "730", "regex": "false"},
	{"name_s": "/opt/rh/postgresql92/root/usr/include/pgsql/server/postmaster", "size_i": "4096", "regex": "false"},
	{"name_s": "/opt/rh/postgresql92/root/usr/include/pgsql/server/postmaster/autovacuum.h", "size_i": "1965", "regex": "false"},
	{"name_s": "/opt/rh/postgresql92/root/usr/include/pgsql/server/postmaster/bgwriter.h", "size_i": "1239", "regex": "false"},
	{"name_s": "/opt/rh/postgresql92/root/usr/include/pgsql/server/postmaster/fork_process.h", "size_i": "447", "regex": "false"},
	{"name_s": "/opt/rh/postgresql92/root/usr/include/pgsql/server/postmaster/pgarch.h", "size_i": "641", "regex": "false"},
	{"name_s": "/opt/rh/postgresql92/root/usr/include/pgsql/server/postmaster/postmaster.h", "size_i": "1775", "regex": "false"},
	{"name_s": "/opt/rh/postgresql92/root/usr/include/pgsql/server/postmaster/startup.h", "size_i": "635", "regex": "false"},
	{"name_s": "/opt/rh/postgresql92/root/usr/include/pgsql/server/postmaster/syslogger.h", "size_i": "2571", "regex": "false"},
	{"name_s": "/opt/rh/postgresql92/root/usr/include/pgsql/server/postmaster/walwriter.h", "size_i": "487", "regex": "false"},
	{"name_s": "/opt/rh/postgresql92/root/usr/include/pgsql/server/regex", "size_i": "4096", "regex": "false"},
	{"name_s": "/opt/rh/postgresql92/root/usr/include/pgsql/server/regex/regcustom.h", "size_i": "2892", "regex": "false"},
	{"name_s": "/opt/rh/postgresql92/root/usr/include/pgsql/server/regex/regerrs.h", "size_i": "1322", "regex": "false"},
	{"name_s": "/opt/rh/postgresql92/root/usr/include/pgsql/server/regex/regex.h", "size_i": "6692", "regex": "false"},
	{"name_s": "/opt/rh/postgresql92/root/usr/include/pgsql/server/regex/regguts.h", "size_i": "15595", "regex": "false"},
	{"name_s": "/opt/rh/postgresql92/root/usr/include/pgsql/server/replication", "size_i": "4096", "regex": "false"},
	{"name_s": "/opt/rh/postgresql92/root/usr/include/pgsql/server/replication/basebackup.h", "size_i": "494", "regex": "false"},
	{"name_s": "/opt/rh/postgresql92/root/usr/include/pgsql/server/replication/syncrep.h", "size_i": "1520", "regex": "false"},
	{"name_s": "/opt/rh/postgresql92/root/usr/include/pgsql/server/replication/walprotocol.h", "size_i": "3366", "regex": "false"},
	{"name_s": "/opt/rh/postgresql92/root/usr/include/pgsql/server/replication/walreceiver.h", "size_i": "3884", "regex": "false"},
	{"name_s": "/opt/rh/postgresql92/root/usr/include/pgsql/server/replication/walsender.h", "size_i": "1001", "regex": "false"},
	{"name_s": "/opt/rh/postgresql92/root/usr/include/pgsql/server/replication/walsender_private.h", "size_i": "3036", "regex": "false"},
	{"name_s": "/opt/rh/postgresql92/root/usr/include/pgsql/server/rewrite", "size_i": "4096", "regex": "false"},
	{"name_s": "/opt/rh/postgresql92/root/usr/include/pgsql/server/rewrite/prs2lock.h", "size_i": "1070", "regex": "false"},
	{"name_s": "/opt/rh/postgresql92/root/usr/include/pgsql/server/rewrite/rewriteDefine.h", "size_i": "1143", "regex": "false"},
	{"name_s": "/opt/rh/postgresql92/root/usr/include/pgsql/server/rewrite/rewriteHandler.h", "size_i": "771", "regex": "false"},
	{"name_s": "/opt/rh/postgresql92/root/usr/include/pgsql/server/rewrite/rewriteManip.h", "size_i": "2764", "regex": "false"},
	{"name_s": "/opt/rh/postgresql92/root/usr/include/pgsql/server/rewrite/rewriteRemove.h", "size_i": "537", "regex": "false"},
	{"name_s": "/opt/rh/postgresql92/root/usr/include/pgsql/server/rewrite/rewriteSupport.h", "size_i": "911", "regex": "false"},
	{"name_s": "/opt/rh/postgresql92/root/usr/include/pgsql/server/rusagestub.h", "size_i": "843", "regex": "false"},
	{"name_s": "/opt/rh/postgresql92/root/usr/include/pgsql/server/snowball", "size_i": "4096", "regex": "false"},
	{"name_s": "/opt/rh/postgresql92/root/usr/include/pgsql/server/snowball/header.h", "size_i": "1690", "regex": "false"},
	{"name_s": "/opt/rh/postgresql92/root/usr/include/pgsql/server/snowball/libstemmer", "size_i": "4096", "regex": "false"},
	{"name_s": "/opt/rh/postgresql92/root/usr/include/pgsql/server/snowball/libstemmer/api.h", "size_i": "763", "regex": "false"},
	{"name_s": "/opt/rh/postgresql92/root/usr/include/pgsql/server/snowball/libstemmer/header.h", "size_i": "2487", "regex": "false"},
	{"name_s": "/opt/rh/postgresql92/root/usr/include/pgsql/server/snowball/libstemmer/stem_ISO_8859_1_danish.h", "size_i": "325", "regex": "false"},
	{"name_s": "/opt/rh/postgresql92/root/usr/include/pgsql/server/snowball/libstemmer/stem_ISO_8859_1_dutch.h", "size_i": "322", "regex": "false"},
	{"name_s": "/opt/rh/postgresql92/root/usr/include/pgsql/server/snowball/libstemmer/stem_ISO_8859_1_english.h", "size_i": "328", "regex": "false"},
	{"name_s": "/opt/rh/postgresql92/root/usr/include/pgsql/server/snowball/libstemmer/stem_ISO_8859_1_finnish.h", "size_i": "328", "regex": "false"},
	{"name_s": "/opt/rh/postgresql92/root/usr/include/pgsql/server/snowball/libstemmer/stem_ISO_8859_1_french.h", "size_i": "325", "regex": "false"},
	{"name_s": "/opt/rh/postgresql92/root/usr/include/pgsql/server/snowball/libstemmer/stem_ISO_8859_1_german.h", "size_i": "325", "regex": "false"},
	{"name_s": "/opt/rh/postgresql92/root/usr/include/pgsql/server/snowball/libstemmer/stem_ISO_8859_1_hungarian.h", "size_i": "334", "regex": "false"},
	{"name_s": "/opt/rh/postgresql92/root/usr/include/pgsql/server/snowball/libstemmer/stem_ISO_8859_1_italian.h", "size_i": "328", "regex": "false"},
	{"name_s": "/opt/rh/postgresql92/root/usr/include/pgsql/server/snowball/libstemmer/stem_ISO_8859_1_norwegian.h", "size_i": "334", "regex": "false"},
	{"name_s": "/opt/rh/postgresql92/root/usr/include/pgsql/server/snowball/libstemmer/stem_ISO_8859_1_porter.h", "size_i": "325", "regex": "false"},
	{"name_s": "/opt/rh/postgresql92/root/usr/include/pgsql/server/snowball/libstemmer/stem_ISO_8859_1_portuguese.h", "size_i": "337", "regex": "false"},
	{"name_s": "/opt/rh/postgresql92/root/usr/include/pgsql/server/snowball/libstemmer/stem_ISO_8859_1_spanish.h", "size_i": "328", "regex": "false"},
	{"name_s": "/opt/rh/postgresql92/root/usr/include/pgsql/server/snowball/libstemmer/stem_ISO_8859_1_swedish.h", "size_i": "328", "regex": "false"},
	{"name_s": "/opt/rh/postgresql92/root/usr/include/pgsql/server/snowball/libstemmer/stem_ISO_8859_2_romanian.h", "size_i": "331", "regex": "false"},
	{"name_s": "/opt/rh/postgresql92/root/usr/include/pgsql/server/snowball/libstemmer/stem_KOI8_R_russian.h", "size_i": "316", "regex": "false"},
	{"name_s": "/opt/rh/postgresql92/root/usr/include/pgsql/server/snowball/libstemmer/stem_UTF_8_danish.h", "size_i": "310", "regex": "false"},
	{"name_s": "/opt/rh/postgresql92/root/usr/include/pgsql/server/snowball/libstemmer/stem_UTF_8_dutch.h", "size_i": "307", "regex": "false"},
	{"name_s": "/opt/rh/postgresql92/root/usr/include/pgsql/server/snowball/libstemmer/stem_UTF_8_english.h", "size_i": "313", "regex": "false"},
	{"name_s": "/opt/rh/postgresql92/root/usr/include/pgsql/server/snowball/libstemmer/stem_UTF_8_finnish.h", "size_i": "313", "regex": "false"},
	{"name_s": "/opt/rh/postgresql92/root/usr/include/pgsql/server/snowball/libstemmer/stem_UTF_8_french.h", "size_i": "310", "regex": "false"},
	{"name_s": "/opt/rh/postgresql92/root/usr/include/pgsql/server/snowball/libstemmer/stem_UTF_8_german.h", "size_i": "310", "regex": "false"},
	{"name_s": "/opt/rh/postgresql92/root/usr/include/pgsql/server/snowball/libstemmer/stem_UTF_8_hungarian.h", "size_i": "319", "regex": "false"},
	{"name_s": "/opt/rh/postgresql92/root/usr/include/pgsql/server/snowball/libstemmer/stem_UTF_8_italian.h", "size_i": "313", "regex": "false"},
	{"name_s": "/opt/rh/postgresql92/root/usr/include/pgsql/server/snowball/libstemmer/stem_UTF_8_norwegian.h", "size_i": "319", "regex": "false"},
	{"name_s": "/opt/rh/postgresql92/root/usr/include/pgsql/server/snowball/libstemmer/stem_UTF_8_porter.h", "size_i": "310", "regex": "false"},
	{"name_s": "/opt/rh/postgresql92/root/usr/include/pgsql/server/snowball/libstemmer/stem_UTF_8_portuguese.h", "size_i": "322", "regex": "false"},
	{"name_s": "/opt/rh/postgresql92/root/usr/include/pgsql/server/snowball/libstemmer/stem_UTF_8_romanian.h", "size_i": "316", "regex": "false"},
	{"name_s": "/opt/rh/postgresql92/root/usr/include/pgsql/server/snowball/libstemmer/stem_UTF_8_russian.h", "size_i": "313", "regex": "false"},
	{"name_s": "/opt/rh/postgresql92/root/usr/include/pgsql/server/snowball/libstemmer/stem_UTF_8_spanish.h", "size_i": "313", "regex": "false"},
	{"name_s": "/opt/rh/postgresql92/root/usr/include/pgsql/server/snowball/libstemmer/stem_UTF_8_swedish.h", "size_i": "313", "regex": "false"},
	{"name_s": "/opt/rh/postgresql92/root/usr/include/pgsql/server/snowball/libstemmer/stem_UTF_8_turkish.h", "size_i": "313", "regex": "false"},
	{"name_s": "/opt/rh/postgresql92/root/usr/include/pgsql/server/storage", "size_i": "4096", "regex": "false"},
	{"name_s": "/opt/rh/postgresql92/root/usr/include/pgsql/server/storage/backendid.h", "size_i": "730", "regex": "false"},
	{"name_s": "/opt/rh/postgresql92/root/usr/include/pgsql/server/storage/barrier.h", "size_i": "6445", "regex": "false"},
	{"name_s": "/opt/rh/postgresql92/root/usr/include/pgsql/server/storage/block.h", "size_i": "3281", "regex": "false"},
	{"name_s": "/opt/rh/postgresql92/root/usr/include/pgsql/server/storage/buf.h", "size_i": "1082", "regex": "false"},
	{"name_s": "/opt/rh/postgresql92/root/usr/include/pgsql/server/storage/buf_internals.h", "size_i": "7963", "regex": "false"},
	{"name_s": "/opt/rh/postgresql92/root/usr/include/pgsql/server/storage/buffile.h", "size_i": "1714", "regex": "false"},
	{"name_s": "/opt/rh/postgresql92/root/usr/include/pgsql/server/storage/bufmgr.h", "size_i": "7063", "regex": "false"},
	{"name_s": "/opt/rh/postgresql92/root/usr/include/pgsql/server/storage/bufpage.h", "size_i": "13193", "regex": "false"},
	{"name_s": "/opt/rh/postgresql92/root/usr/include/pgsql/server/storage/copydir.h", "size_i": "561", "regex": "false"},
	{"name_s": "/opt/rh/postgresql92/root/usr/include/pgsql/server/storage/fd.h", "size_i": "3382", "regex": "false"},
	{"name_s": "/opt/rh/postgresql92/root/usr/include/pgsql/server/storage/freespace.h", "size_i": "1264", "regex": "false"},
	{"name_s": "/opt/rh/postgresql92/root/usr/include/pgsql/server/storage/fsm_internals.h", "size_i": "2296", "regex": "false"},
	{"name_s": "/opt/rh/postgresql92/root/usr/include/pgsql/server/storage/indexfsm.h", "size_i": "795", "regex": "false"},
	{"name_s": "/opt/rh/postgresql92/root/usr/include/pgsql/server/storage/ipc.h", "size_i": "2600", "regex": "false"},
	{"name_s": "/opt/rh/postgresql92/root/usr/include/pgsql/server/storage/item.h", "size_i": "469", "regex": "false"},
	{"name_s": "/opt/rh/postgresql92/root/usr/include/pgsql/server/storage/itemid.h", "size_i": "4341", "regex": "false"},
	{"name_s": "/opt/rh/postgresql92/root/usr/include/pgsql/server/storage/itemptr.h", "size_i": "3812", "regex": "false"},
	{"name_s": "/opt/rh/postgresql92/root/usr/include/pgsql/server/storage/large_object.h", "size_i": "2964", "regex": "false"},
	{"name_s": "/opt/rh/postgresql92/root/usr/include/pgsql/server/storage/latch.h", "size_i": "5403", "regex": "false"},
	{"name_s": "/opt/rh/postgresql92/root/usr/include/pgsql/server/storage/lmgr.h", "size_i": "3298", "regex": "false"},
	{"name_s": "/opt/rh/postgresql92/root/usr/include/pgsql/server/storage/lock.h", "size_i": "21602", "regex": "false"},
	{"name_s": "/opt/rh/postgresql92/root/usr/include/pgsql/server/storage/lwlock.h", "size_i": "3665", "regex": "false"},
	{"name_s": "/opt/rh/postgresql92/root/usr/include/pgsql/server/storage/off.h", "size_i": "1618", "regex": "false"},
	{"name_s": "/opt/rh/postgresql92/root/usr/include/pgsql/server/storage/pg_sema.h", "size_i": "2469", "regex": "false"},
	{"name_s": "/opt/rh/postgresql92/root/usr/include/pgsql/server/storage/pg_shmem.h", "size_i": "1956", "regex": "false"},
	{"name_s": "/opt/rh/postgresql92/root/usr/include/pgsql/server/storage/pmsignal.h", "size_i": "2080", "regex": "false"},
	{"name_s": "/opt/rh/postgresql92/root/usr/include/pgsql/server/storage/pos.h", "size_i": "1592", "regex": "false"},
	{"name_s": "/opt/rh/postgresql92/root/usr/include/pgsql/server/storage/predicate.h", "size_i": "2623", "regex": "false"},
	{"name_s": "/opt/rh/postgresql92/root/usr/include/pgsql/server/storage/predicate_internals.h", "size_i": "17381", "regex": "false"},
	{"name_s": "/opt/rh/postgresql92/root/usr/include/pgsql/server/storage/proc.h", "size_i": "9801", "regex": "false"},
	{"name_s": "/opt/rh/postgresql92/root/usr/include/pgsql/server/storage/procarray.h", "size_i": "3027", "regex": "false"},
	{"name_s": "/opt/rh/postgresql92/root/usr/include/pgsql/server/storage/procsignal.h", "size_i": "1798", "regex": "false"},
	{"name_s": "/opt/rh/postgresql92/root/usr/include/pgsql/server/storage/reinit.h", "size_i": "588", "regex": "false"},
	{"name_s": "/opt/rh/postgresql92/root/usr/include/pgsql/server/storage/relfilenode.h", "size_i": "4416", "regex": "false"},
	{"name_s": "/opt/rh/postgresql92/root/usr/include/pgsql/server/storage/s_lock.h", "size_i": "26726", "regex": "false"},
	{"name_s": "/opt/rh/postgresql92/root/usr/include/pgsql/server/storage/shmem.h", "size_i": "2694", "regex": "false"},
	{"name_s": "/opt/rh/postgresql92/root/usr/include/pgsql/server/storage/sinval.h", "size_i": "5089", "regex": "false"},
	{"name_s": "/opt/rh/postgresql92/root/usr/include/pgsql/server/storage/sinvaladt.h", "size_i": "1522", "regex": "false"},
	{"name_s": "/opt/rh/postgresql92/root/usr/include/pgsql/server/storage/smgr.h", "size_i": "5802", "regex": "false"},
	{"name_s": "/opt/rh/postgresql92/root/usr/include/pgsql/server/storage/spin.h", "size_i": "2568", "regex": "false"},
	{"name_s": "/opt/rh/postgresql92/root/usr/include/pgsql/server/storage/standby.h", "size_i": "4067", "regex": "false"},
	{"name_s": "/opt/rh/postgresql92/root/usr/include/pgsql/server/tcop", "size_i": "4096", "regex": "false"},
	{"name_s": "/opt/rh/postgresql92/root/usr/include/pgsql/server/tcop/dest.h", "size_i": "5670", "regex": "false"},
	{"name_s": "/opt/rh/postgresql92/root/usr/include/pgsql/server/tcop/fastpath.h", "size_i": "509", "regex": "false"},
	{"name_s": "/opt/rh/postgresql92/root/usr/include/pgsql/server/tcop/pquery.h", "size_i": "1154", "regex": "false"},
	{"name_s": "/opt/rh/postgresql92/root/usr/include/pgsql/server/tcop/tcopdebug.h", "size_i": "1316", "regex": "false"},
	{"name_s": "/opt/rh/postgresql92/root/usr/include/pgsql/server/tcop/tcopprot.h", "size_i": "3037", "regex": "false"},
	{"name_s": "/opt/rh/postgresql92/root/usr/include/pgsql/server/tcop/utility.h", "size_i": "1445", "regex": "false"},
	{"name_s": "/opt/rh/postgresql92/root/usr/include/pgsql/server/tsearch", "size_i": "4096", "regex": "false"},
	{"name_s": "/opt/rh/postgresql92/root/usr/include/pgsql/server/tsearch/dicts", "size_i": "4096", "regex": "false"},
	{"name_s": "/opt/rh/postgresql92/root/usr/include/pgsql/server/tsearch/dicts/regis.h", "size_i": "915", "regex": "false"},
	{"name_s": "/opt/rh/postgresql92/root/usr/include/pgsql/server/tsearch/dicts/spell.h", "size_i": "3697", "regex": "false"},
	{"name_s": "/opt/rh/postgresql92/root/usr/include/pgsql/server/tsearch/ts_cache.h", "size_i": "2109", "regex": "false"},
	{"name_s": "/opt/rh/postgresql92/root/usr/include/pgsql/server/tsearch/ts_locale.h", "size_i": "2055", "regex": "false"},
	{"name_s": "/opt/rh/postgresql92/root/usr/include/pgsql/server/tsearch/ts_public.h", "size_i": "2809", "regex": "false"},
	{"name_s": "/opt/rh/postgresql92/root/usr/include/pgsql/server/tsearch/ts_type.h", "size_i": "8962", "regex": "false"},
	{"name_s": "/opt/rh/postgresql92/root/usr/include/pgsql/server/tsearch/ts_utils.h", "size_i": "7829", "regex": "false"},
	{"name_s": "/opt/rh/postgresql92/root/usr/include/pgsql/server/utils", "size_i": "4096", "regex": "false"},
	{"name_s": "/opt/rh/postgresql92/root/usr/include/pgsql/server/utils/acl.h", "size_i": "13098", "regex": "false"},
	{"name_s": "/opt/rh/postgresql92/root/usr/include/pgsql/server/utils/array.h", "size_i": "10863", "regex": "false"},
	{"name_s": "/opt/rh/postgresql92/root/usr/include/pgsql/server/utils/ascii.h", "size_i": "579", "regex": "false"},
	{"name_s": "/opt/rh/postgresql92/root/usr/include/pgsql/server/utils/attoptcache.h", "size_i": "725", "regex": "false"},
	{"name_s": "/opt/rh/postgresql92/root/usr/include/pgsql/server/utils/builtins.h", "size_i": "48813", "regex": "false"},
	{"name_s": "/opt/rh/postgresql92/root/usr/include/pgsql/server/utils/bytea.h", "size_i": "1615", "regex": "false"},
	{"name_s": "/opt/rh/postgresql92/root/usr/include/pgsql/server/utils/cash.h", "size_i": "2118", "regex": "false"},
	{"name_s": "/opt/rh/postgresql92/root/usr/include/pgsql/server/utils/catcache.h", "size_i": "7734", "regex": "false"},
	{"name_s": "/opt/rh/postgresql92/root/usr/include/pgsql/server/utils/combocid.h", "size_i": "698", "regex": "false"},
	{"name_s": "/opt/rh/postgresql92/root/usr/include/pgsql/server/utils/date.h", "size_i": "7919", "regex": "false"},
	{"name_s": "/opt/rh/postgresql92/root/usr/include/pgsql/server/utils/datetime.h", "size_i": "8948", "regex": "false"},
	{"name_s": "/opt/rh/postgresql92/root/usr/include/pgsql/server/utils/datum.h", "size_i": "1520", "regex": "false"},
	{"name_s": "/opt/rh/postgresql92/root/usr/include/pgsql/server/utils/dynahash.h", "size_i": "498", "regex": "false"},
	{"name_s": "/opt/rh/postgresql92/root/usr/include/pgsql/server/utils/dynamic_loader.h", "size_i": "648", "regex": "false"},
	{"name_s": "/opt/rh/postgresql92/root/usr/include/pgsql/server/utils/elog.h", "size_i": "12857", "regex": "false"},
	{"name_s": "/opt/rh/postgresql92/root/usr/include/pgsql/server/utils/errcodes.h", "size_i": "20079", "regex": "false"},
	{"name_s": "/opt/rh/postgresql92/root/usr/include/pgsql/server/utils/fmgroids.h", "size_i": "62560", "regex": "false"},
	{"name_s": "/opt/rh/postgresql92/root/usr/include/pgsql/server/utils/fmgrtab.h", "size_i": "1181", "regex": "false"},
	{"name_s": "/opt/rh/postgresql92/root/usr/include/pgsql/server/utils/formatting.h", "size_i": "1439", "regex": "false"},
	{"name_s": "/opt/rh/postgresql92/root/usr/include/pgsql/server/utils/geo_decls.h", "size_i": "16242", "regex": "false"},
	{"name_s": "/opt/rh/postgresql92/root/usr/include/pgsql/server/utils/guc.h", "size_i": "13503", "regex": "false"},
	{"name_s": "/opt/rh/postgresql92/root/usr/include/pgsql/server/utils/guc_tables.h", "size_i": "7319", "regex": "false"},
	{"name_s": "/opt/rh/postgresql92/root/usr/include/pgsql/server/utils/help_config.h", "size_i": "432", "regex": "false"},
	{"name_s": "/opt/rh/postgresql92/root/usr/include/pgsql/server/utils/hsearch.h", "size_i": "5639", "regex": "false"},
	{"name_s": "/opt/rh/postgresql92/root/usr/include/pgsql/server/utils/inet.h", "size_i": "2722", "regex": "false"},
	{"name_s": "/opt/rh/postgresql92/root/usr/include/pgsql/server/utils/int8.h", "size_i": "4130", "regex": "false"},
	{"name_s": "/opt/rh/postgresql92/root/usr/include/pgsql/server/utils/inval.h", "size_i": "1849", "regex": "false"},
	{"name_s": "/opt/rh/postgresql92/root/usr/include/pgsql/server/utils/json.h", "size_i": "916", "regex": "false"},
	{"name_s": "/opt/rh/postgresql92/root/usr/include/pgsql/server/utils/logtape.h", "size_i": "1539", "regex": "false"},
	{"name_s": "/opt/rh/postgresql92/root/usr/include/pgsql/server/utils/lsyscache.h", "size_i": "6663", "regex": "false"},
	{"name_s": "/opt/rh/postgresql92/root/usr/include/pgsql/server/utils/memutils.h", "size_i": "5037", "regex": "false"},
	{"name_s": "/opt/rh/postgresql92/root/usr/include/pgsql/server/utils/nabstime.h", "size_i": "5927", "regex": "false"},
	{"name_s": "/opt/rh/postgresql92/root/usr/include/pgsql/server/utils/numeric.h", "size_i": "1833", "regex": "false"},
	{"name_s": "/opt/rh/postgresql92/root/usr/include/pgsql/server/utils/palloc.h", "size_i": "4006", "regex": "false"},
	{"name_s": "/opt/rh/postgresql92/root/usr/include/pgsql/server/utils/pg_crc.h", "size_i": "4465", "regex": "false"},
	{"name_s": "/opt/rh/postgresql92/root/usr/include/pgsql/server/utils/pg_crc_tables.h", "size_i": "20203", "regex": "false"},
	{"name_s": "/opt/rh/postgresql92/root/usr/include/pgsql/server/utils/pg_locale.h", "size_i": "2614", "regex": "false"},
	{"name_s": "/opt/rh/postgresql92/root/usr/include/pgsql/server/utils/pg_lzcompress.h", "size_i": "3045", "regex": "false"},
	{"name_s": "/opt/rh/postgresql92/root/usr/include/pgsql/server/utils/pg_rusage.h", "size_i": "847", "regex": "false"},
	{"name_s": "/opt/rh/postgresql92/root/usr/include/pgsql/server/utils/plancache.h", "size_i": "8200", "regex": "false"},
	{"name_s": "/opt/rh/postgresql92/root/usr/include/pgsql/server/utils/portal.h", "size_i": "8911", "regex": "false"},
	{"name_s": "/opt/rh/postgresql92/root/usr/include/pgsql/server/utils/probes.h", "size_i": "38453", "regex": "false"},
	{"name_s": "/opt/rh/postgresql92/root/usr/include/pgsql/server/utils/ps_status.h", "size_i": "668", "regex": "false"},
	{"name_s": "/opt/rh/postgresql92/root/usr/include/pgsql/server/utils/rangetypes.h", "size_i": "7577", "regex": "false"},
	{"name_s": "/opt/rh/postgresql92/root/usr/include/pgsql/server/utils/rbtree.h", "size_i": "2312", "regex": "false"},
	{"name_s": "/opt/rh/postgresql92/root/usr/include/pgsql/server/utils/rel.h", "size_i": "12563", "regex": "false"},
	{"name_s": "/opt/rh/postgresql92/root/usr/include/pgsql/server/utils/relcache.h", "size_i": "3241", "regex": "false"},
	{"name_s": "/opt/rh/postgresql92/root/usr/include/pgsql/server/utils/relmapper.h", "size_i": "1719", "regex": "false"},
	{"name_s": "/opt/rh/postgresql92/root/usr/include/pgsql/server/utils/reltrigger.h", "size_i": "1999", "regex": "false"},
	{"name_s": "/opt/rh/postgresql92/root/usr/include/pgsql/server/utils/resowner.h", "size_i": "4960", "regex": "false"},
	{"name_s": "/opt/rh/postgresql92/root/usr/include/pgsql/server/utils/selfuncs.h", "size_i": "7533", "regex": "false"},
	{"name_s": "/opt/rh/postgresql92/root/usr/include/pgsql/server/utils/snapmgr.h", "size_i": "1625", "regex": "false"},
	{"name_s": "/opt/rh/postgresql92/root/usr/include/pgsql/server/utils/snapshot.h", "size_i": "2653", "regex": "false"},
	{"name_s": "/opt/rh/postgresql92/root/usr/include/pgsql/server/utils/sortsupport.h", "size_i": "5427", "regex": "false"},
	{"name_s": "/opt/rh/postgresql92/root/usr/include/pgsql/server/utils/spccache.h", "size_i": "556", "regex": "false"},
	{"name_s": "/opt/rh/postgresql92/root/usr/include/pgsql/server/utils/syscache.h", "size_i": "5593", "regex": "false"},
	{"name_s": "/opt/rh/postgresql92/root/usr/include/pgsql/server/utils/timestamp.h", "size_i": "9731", "regex": "false"},
	{"name_s": "/opt/rh/postgresql92/root/usr/include/pgsql/server/utils/tqual.h", "size_i": "3507", "regex": "false"},
	{"name_s": "/opt/rh/postgresql92/root/usr/include/pgsql/server/utils/tuplesort.h", "size_i": "4726", "regex": "false"},
	{"name_s": "/opt/rh/postgresql92/root/usr/include/pgsql/server/utils/tuplestore.h", "size_i": "3213", "regex": "false"},
	{"name_s": "/opt/rh/postgresql92/root/usr/include/pgsql/server/utils/typcache.h", "size_i": "4361", "regex": "false"},
	{"name_s": "/opt/rh/postgresql92/root/usr/include/pgsql/server/utils/tzparser.h", "size_i": "993", "regex": "false"},
	{"name_s": "/opt/rh/postgresql92/root/usr/include/pgsql/server/utils/uuid.h", "size_i": "861", "regex": "false"},
	{"name_s": "/opt/rh/postgresql92/root/usr/include/pgsql/server/utils/varbit.h", "size_i": "4376", "regex": "false"},
	{"name_s": "/opt/rh/postgresql92/root/usr/include/pgsql/server/utils/xml.h", "size_i": "3986", "regex": "false"},
	{"name_s": "/opt/rh/postgresql92/root/usr/include/pgsql/server/windowapi.h", "size_i": "2379", "regex": "false"},
	{"name_s": "/opt/rh/postgresql92/root/usr/include/pgtypes_date.h", "size_i": "766", "regex": "false"},
	{"name_s": "/opt/rh/postgresql92/root/usr/include/pgtypes_error.h", "size_i": "530", "regex": "false"},
	{"name_s": "/opt/rh/postgresql92/root/usr/include/pgtypes_interval.h", "size_i": "1143", "regex": "false"},
	{"name_s": "/opt/rh/postgresql92/root/usr/include/pgtypes_numeric.h", "size_i": "2227", "regex": "false"},
	{"name_s": "/opt/rh/postgresql92/root/usr/include/pgtypes_timestamp.h", "size_i": "1010", "regex": "false"},
	{"name_s": "/opt/rh/postgresql92/root/usr/include/postgres_ext.h", "size_i": "1778", "regex": "false"},
	{"name_s": "/opt/rh/postgresql92/root/usr/include/sql3types.h", "size_i": "834", "regex": "false"},
	{"name_s": "/opt/rh/postgresql92/root/usr/include/sqlca.h", "size_i": "1267", "regex": "false"},
	{"name_s": "/opt/rh/postgresql92/root/usr/include/sqlda-compat.h", "size_i": "1583", "regex": "false"},
	{"name_s": "/opt/rh/postgresql92/root/usr/include/sqlda-native.h", "size_i": "820", "regex": "false"},
	{"name_s": "/opt/rh/postgresql92/root/usr/include/sqlda.h", "size_i": "315", "regex": "false"},
	{"name_s": "/opt/rh/postgresql92/root/usr/lib64/libecpg.so", "size_i": "27", "regex": "false"},
	{"name_s": "/opt/rh/postgresql92/root/usr/lib64/libecpg_compat.so", "size_i": "34", "regex": "false"},
	{"name_s": "/opt/rh/postgresql92/root/usr/lib64/libpgtypes.so", "size_i": "30", "regex": "false"},
	{"name_s": "/opt/rh/postgresql92/root/usr/lib64/libpq.so", "size_i": "25", "regex": "false"},
	{"name_s": "/opt/rh/postgresql92/root/usr/lib64/pgsql/pgxs", "size_i": "4096", "regex": "false"},
	{"name_s": "/opt/rh/postgresql92/root/usr/lib64/pgsql/pgxs/config", "size_i": "4096", "regex": "false"},
	{"name_s": "/opt/rh/postgresql92/root/usr/lib64/pgsql/pgxs/config/install-sh", "size_i": "13901", "regex": "false"},
	{"name_s": "/opt/rh/postgresql92/root/usr/lib64/pgsql/pgxs/src", "size_i": "4096", "regex": "false"},
	{"name_s": "/opt/rh/postgresql92/root/usr/lib64/pgsql/pgxs/src/Makefile.global", "size_i": "23939", "regex": "false"},
	{"name_s": "/opt/rh/postgresql92/root/usr/lib64/pgsql/pgxs/src/Makefile.port", "size_i": "481", "regex": "false"},
	{"name_s": "/opt/rh/postgresql92/root/usr/lib64/pgsql/pgxs/src/Makefile.shlib", "size_i": "15165", "regex": "false"},
	{"name_s": "/opt/rh/postgresql92/root/usr/lib64/pgsql/pgxs/src/makefiles", "size_i": "4096", "regex": "false"},
	{"name_s": "/opt/rh/postgresql92/root/usr/lib64/pgsql/pgxs/src/makefiles/pgxs.mk", "size_i": "8115", "regex": "false"},
	{"name_s": "/opt/rh/postgresql92/root/usr/lib64/pgsql/pgxs/src/nls-global.mk", "size_i": "5971", "regex": "false"},
	{"name_s": "/opt/rh/postgresql92/root/usr/lib64/pgsql/pgxs/src/test", "size_i": "4096", "regex": "false"},
	{"name_s": "/opt/rh/postgresql92/root/usr/lib64/pgsql/pgxs/src/test/regress", "size_i": "4096", "regex": "false"},
	{"name_s": "/opt/rh/postgresql92/root/usr/lib64/pgsql/pgxs/src/test/regress/pg_regress", "size_i": "53504", "regex": "false"},
	{"name_s": "/opt/rh/postgresql92/root/usr/share/locale/cs/LC_MESSAGES/ecpg-9.2.mo", "size_i": "14304", "regex": "false"},
	{"name_s": "/opt/rh/postgresql92/root/usr/share/locale/de/LC_MESSAGES/ecpg-9.2.mo", "size_i": "14236", "regex": "false"},
	{"name_s": "/opt/rh/postgresql92/root/usr/share/locale/es/LC_MESSAGES/ecpg-9.2.mo", "size_i": "14580", "regex": "false"},
	{"name_s": "/opt/rh/postgresql92/root/usr/share/locale/fr/LC_MESSAGES/ecpg-9.2.mo", "size_i": "14638", "regex": "false"},
	{"name_s": "/opt/rh/postgresql92/root/usr/share/locale/it/LC_MESSAGES/ecpg-9.2.mo", "size_i": "14483", "regex": "false"},
	{"name_s": "/opt/rh/postgresql92/root/usr/share/locale/ja/LC_MESSAGES/ecpg-9.2.mo", "size_i": "16256", "regex": "false"},
	{"name_s": "/opt/rh/postgresql92/root/usr/share/locale/ko/LC_MESSAGES/ecpg-9.2.mo", "size_i": "13781", "regex": "false"},
	{"name_s": "/opt/rh/postgresql92/root/usr/share/locale/pl/LC_MESSAGES/ecpg-9.2.mo", "size_i": "14300", "regex": "false"},
	{"name_s": "/opt/rh/postgresql92/root/usr/share/locale/pt_BR/LC_MESSAGES/ecpg-9.2.mo", "size_i": "14406", "regex": "false"},
	{"name_s": "/opt/rh/postgresql92/root/usr/share/locale/ru/LC_MESSAGES/ecpg-9.2.mo", "size_i": "18136", "regex": "false"},
	{"name_s": "/opt/rh/postgresql92/root/usr/share/locale/tr/LC_MESSAGES/ecpg-9.2.mo", "size_i": "14670", "regex": "false"},
	{"name_s": "/opt/rh/postgresql92/root/usr/share/locale/zh_CN/LC_MESSAGES/ecpg-9.2.mo", "size_i": "13309", "regex": "false"},
	{"name_s": "/opt/rh/postgresql92/root/usr/share/locale/zh_TW/LC_MESSAGES/ecpg-9.2.mo", "size_i": "13249", "regex": "false"},
	{"name_s": "/opt/rh/postgresql92/root/usr/share/man/man1/ecpg.1", "size_i": "5481", "regex": "false"},
	{"name_s": "/opt/rh/postgresql92/root/usr/share/man/man3/SPI_connect.3", "size_i": "2261", "regex": "false"},
	{"name_s": "/opt/rh/postgresql92/root/usr/share/man/man3/SPI_copytuple.3", "size_i": "1834", "regex": "false"},
	{"name_s": "/opt/rh/postgresql92/root/usr/share/man/man3/SPI_cursor_close.3", "size_i": "1784", "regex": "false"},
	{"name_s": "/opt/rh/postgresql92/root/usr/share/man/man3/SPI_cursor_fetch.3", "size_i": "2137", "regex": "false"},
	{"name_s": "/opt/rh/postgresql92/root/usr/share/man/man3/SPI_cursor_find.3", "size_i": "1779", "regex": "false"},
	{"name_s": "/opt/rh/postgresql92/root/usr/share/man/man3/SPI_cursor_move.3", "size_i": "2003", "regex": "false"},
	{"name_s": "/opt/rh/postgresql92/root/usr/share/man/man3/SPI_cursor_open.3", "size_i": "3353", "regex": "false"},
	{"name_s": "/opt/rh/postgresql92/root/usr/share/man/man3/SPI_cursor_open_with_args.3", "size_i": "3426", "regex": "false"},
	{"name_s": "/opt/rh/postgresql92/root/usr/share/man/man3/SPI_cursor_open_with_paramlist.3", "size_i": "2890", "regex": "false"},
	{"name_s": "/opt/rh/postgresql92/root/usr/share/man/man3/SPI_exec.3", "size_i": "1786", "regex": "false"},
	{"name_s": "/opt/rh/postgresql92/root/usr/share/man/man3/SPI_execp.3", "size_i": "2482", "regex": "false"},
	{"name_s": "/opt/rh/postgresql92/root/usr/share/man/man3/SPI_execute.3", "size_i": "7888", "regex": "false"},
	{"name_s": "/opt/rh/postgresql92/root/usr/share/man/man3/SPI_execute_plan.3", "size_i": "2993", "regex": "false"},
	{"name_s": "/opt/rh/postgresql92/root/usr/share/man/man3/SPI_execute_plan_with_paramlist.3", "size_i": "2741", "regex": "false"},
	{"name_s": "/opt/rh/postgresql92/root/usr/share/man/man3/SPI_execute_with_args.3", "size_i": "3524", "regex": "false"},
	{"name_s": "/opt/rh/postgresql92/root/usr/share/man/man3/SPI_finish.3", "size_i": "2128", "regex": "false"},
	{"name_s": "/opt/rh/postgresql92/root/usr/share/man/man3/SPI_fname.3", "size_i": "1934", "regex": "false"},
	{"name_s": "/opt/rh/postgresql92/root/usr/share/man/man3/SPI_fnumber.3", "size_i": "2176", "regex": "false"},
	{"name_s": "/opt/rh/postgresql92/root/usr/share/man/man3/SPI_freeplan.3", "size_i": "1766", "regex": "false"},
	{"name_s": "/opt/rh/postgresql92/root/usr/share/man/man3/SPI_freetuple.3", "size_i": "1752", "regex": "false"},
	{"name_s": "/opt/rh/postgresql92/root/usr/share/man/man3/SPI_freetuptable.3", "size_i": "2053", "regex": "false"},
	{"name_s": "/opt/rh/postgresql92/root/usr/share/man/man3/SPI_getargcount.3", "size_i": "1909", "regex": "false"},
	{"name_s": "/opt/rh/postgresql92/root/usr/share/man/man3/SPI_getargtypeid.3", "size_i": "2176", "regex": "false"},
	{"name_s": "/opt/rh/postgresql92/root/usr/share/man/man3/SPI_getbinval.3", "size_i": "2321", "regex": "false"},
	{"name_s": "/opt/rh/postgresql92/root/usr/share/man/man3/SPI_getnspname.3", "size_i": "1853", "regex": "false"},
	{"name_s": "/opt/rh/postgresql92/root/usr/share/man/man3/SPI_getrelname.3", "size_i": "1757", "regex": "false"},
	{"name_s": "/opt/rh/postgresql92/root/usr/share/man/man3/SPI_gettype.3", "size_i": "1948", "regex": "false"},
	{"name_s": "/opt/rh/postgresql92/root/usr/share/man/man3/SPI_gettypeid.3", "size_i": "1868", "regex": "false"},
	{"name_s": "/opt/rh/postgresql92/root/usr/share/man/man3/SPI_getvalue.3", "size_i": "2192", "regex": "false"},
	{"name_s": "/opt/rh/postgresql92/root/usr/share/man/man3/SPI_is_cursor_plan.3", "size_i": "2424", "regex": "false"},
	{"name_s": "/opt/rh/postgresql92/root/usr/share/man/man3/SPI_keepplan.3", "size_i": "2101", "regex": "false"},
	{"name_s": "/opt/rh/postgresql92/root/usr/share/man/man3/SPI_modifytuple.3", "size_i": "2938", "regex": "false"},
	{"name_s": "/opt/rh/postgresql92/root/usr/share/man/man3/SPI_palloc.3", "size_i": "1664", "regex": "false"},
	{"name_s": "/opt/rh/postgresql92/root/usr/share/man/man3/SPI_pfree.3", "size_i": "1752", "regex": "false"},
	{"name_s": "/opt/rh/postgresql92/root/usr/share/man/man3/SPI_pop.3", "size_i": "1508", "regex": "false"},
	{"name_s": "/opt/rh/postgresql92/root/usr/share/man/man3/SPI_prepare.3", "size_i": "4742", "regex": "false"},
	{"name_s": "/opt/rh/postgresql92/root/usr/share/man/man3/SPI_prepare_cursor.3", "size_i": "2626", "regex": "false"},
	{"name_s": "/opt/rh/postgresql92/root/usr/share/man/man3/SPI_prepare_params.3", "size_i": "2432", "regex": "false"},
	{"name_s": "/opt/rh/postgresql92/root/usr/share/man/man3/SPI_push.3", "size_i": "2274", "regex": "false"},
	{"name_s": "/opt/rh/postgresql92/root/usr/share/man/man3/SPI_repalloc.3", "size_i": "1987", "regex": "false"},
	{"name_s": "/opt/rh/postgresql92/root/usr/share/man/man3/SPI_returntuple.3", "size_i": "2209", "regex": "false"},
	{"name_s": "/opt/rh/postgresql92/root/usr/share/man/man3/SPI_saveplan.3", "size_i": "2498", "regex": "false"},
	{"name_s": "/opt/rh/postgresql92/root/usr/share/man/man3/SPI_scroll_cursor_fetch.3", "size_i": "2462", "regex": "false"},
	{"name_s": "/opt/rh/postgresql92/root/usr/share/man/man3/SPI_scroll_cursor_move.3", "size_i": "2510", "regex": "false"}
]
