[
	{"name_s": "/usr/lib64/python2.6/site-packages/_ldap.so", "size_i": "61928", "regex": "false"},
	{"name_s": "/usr/lib64/python2.6/site-packages/dsml.py", "size_i": "8402", "regex": "false"},
	{"name_s": "/usr/lib64/python2.6/site-packages/dsml.pyc", "size_i": "9847", "regex": "false"},
	{"name_s": "/usr/lib64/python2.6/site-packages/dsml.pyo", "size_i": "9703", "regex": "false"},
	{"name_s": "/usr/lib64/python2.6/site-packages/ldap", "size_i": "4096", "regex": "false"},
	{"name_s": "/usr/lib64/python2.6/site-packages/ldap/__init__.py", "size_i": "1121", "regex": "false"},
	{"name_s": "/usr/lib64/python2.6/site-packages/ldap/__init__.pyc", "size_i": "1769", "regex": "false"},
	{"name_s": "/usr/lib64/python2.6/site-packages/ldap/__init__.pyo", "size_i": "1633", "regex": "false"},
	{"name_s": "/usr/lib64/python2.6/site-packages/ldap/async.py", "size_i": "8525", "regex": "false"},
	{"name_s": "/usr/lib64/python2.6/site-packages/ldap/async.pyc", "size_i": "11004", "regex": "false"},
	{"name_s": "/usr/lib64/python2.6/site-packages/ldap/async.pyo", "size_i": "11004", "regex": "false"},
	{"name_s": "/usr/lib64/python2.6/site-packages/ldap/cidict.py", "size_i": "2705", "regex": "false"},
	{"name_s": "/usr/lib64/python2.6/site-packages/ldap/cidict.pyc", "size_i": "4749", "regex": "false"},
	{"name_s": "/usr/lib64/python2.6/site-packages/ldap/cidict.pyo", "size_i": "4305", "regex": "false"},
	{"name_s": "/usr/lib64/python2.6/site-packages/ldap/controls.py", "size_i": "3548", "regex": "false"},
	{"name_s": "/usr/lib64/python2.6/site-packages/ldap/controls.pyc", "size_i": "5579", "regex": "false"},
	{"name_s": "/usr/lib64/python2.6/site-packages/ldap/controls.pyo", "size_i": "5579", "regex": "false"},
	{"name_s": "/usr/lib64/python2.6/site-packages/ldap/dn.py", "size_i": "2773", "regex": "false"},
	{"name_s": "/usr/lib64/python2.6/site-packages/ldap/dn.pyc", "size_i": "3653", "regex": "false"},
	{"name_s": "/usr/lib64/python2.6/site-packages/ldap/dn.pyo", "size_i": "3653", "regex": "false"},
	{"name_s": "/usr/lib64/python2.6/site-packages/ldap/filter.py", "size_i": "1441", "regex": "false"},
	{"name_s": "/usr/lib64/python2.6/site-packages/ldap/filter.pyc", "size_i": "1877", "regex": "false"},
	{"name_s": "/usr/lib64/python2.6/site-packages/ldap/filter.pyo", "size_i": "1877", "regex": "false"},
	{"name_s": "/usr/lib64/python2.6/site-packages/ldap/functions.py", "size_i": "3188", "regex": "false"},
	{"name_s": "/usr/lib64/python2.6/site-packages/ldap/functions.pyc", "size_i": "3885", "regex": "false"},
	{"name_s": "/usr/lib64/python2.6/site-packages/ldap/functions.pyo", "size_i": "3626", "regex": "false"},
	{"name_s": "/usr/lib64/python2.6/site-packages/ldap/ldapobject.py", "size_i": "35346", "regex": "false"},
	{"name_s": "/usr/lib64/python2.6/site-packages/ldap/ldapobject.pyc", "size_i": "40425", "regex": "false"},
	{"name_s": "/usr/lib64/python2.6/site-packages/ldap/ldapobject.pyo", "size_i": "40051", "regex": "false"},
	{"name_s": "/usr/lib64/python2.6/site-packages/ldap/modlist.py", "size_i": "3808", "regex": "false"},
	{"name_s": "/usr/lib64/python2.6/site-packages/ldap/modlist.pyc", "size_i": "3611", "regex": "false"},
	{"name_s": "/usr/lib64/python2.6/site-packages/ldap/modlist.pyo", "size_i": "3611", "regex": "false"},
	{"name_s": "/usr/lib64/python2.6/site-packages/ldap/resiter.py", "size_i": "948", "regex": "false"},
	{"name_s": "/usr/lib64/python2.6/site-packages/ldap/resiter.pyc", "size_i": "1296", "regex": "false"},
	{"name_s": "/usr/lib64/python2.6/site-packages/ldap/resiter.pyo", "size_i": "1296", "regex": "false"},
	{"name_s": "/usr/lib64/python2.6/site-packages/ldap/sasl.py", "size_i": "4100", "regex": "false"},
	{"name_s": "/usr/lib64/python2.6/site-packages/ldap/sasl.pyc", "size_i": "5374", "regex": "false"},
	{"name_s": "/usr/lib64/python2.6/site-packages/ldap/sasl.pyo", "size_i": "5067", "regex": "false"},
	{"name_s": "/usr/lib64/python2.6/site-packages/ldap/schema", "size_i": "4096", "regex": "false"},
	{"name_s": "/usr/lib64/python2.6/site-packages/ldap/schema/__init__.py", "size_i": "322", "regex": "false"},
	{"name_s": "/usr/lib64/python2.6/site-packages/ldap/schema/__init__.pyc", "size_i": "607", "regex": "false"},
	{"name_s": "/usr/lib64/python2.6/site-packages/ldap/schema/__init__.pyo", "size_i": "607", "regex": "false"},
	{"name_s": "/usr/lib64/python2.6/site-packages/ldap/schema/models.py", "size_i": "19163", "regex": "false"},
	{"name_s": "/usr/lib64/python2.6/site-packages/ldap/schema/models.pyc", "size_i": "24582", "regex": "false"},
	{"name_s": "/usr/lib64/python2.6/site-packages/ldap/schema/models.pyo", "size_i": "22028", "regex": "false"},
	{"name_s": "/usr/lib64/python2.6/site-packages/ldap/schema/subentry.py", "size_i": "13557", "regex": "false"},
	{"name_s": "/usr/lib64/python2.6/site-packages/ldap/schema/subentry.pyc", "size_i": "11704", "regex": "false"},
	{"name_s": "/usr/lib64/python2.6/site-packages/ldap/schema/subentry.pyo", "size_i": "11381", "regex": "false"},
	{"name_s": "/usr/lib64/python2.6/site-packages/ldap/schema/tokenizer.py", "size_i": "2025", "regex": "false"},
	{"name_s": "/usr/lib64/python2.6/site-packages/ldap/schema/tokenizer.pyc", "size_i": "2318", "regex": "false"},
	{"name_s": "/usr/lib64/python2.6/site-packages/ldap/schema/tokenizer.pyo", "size_i": "2205", "regex": "false"},
	{"name_s": "/usr/lib64/python2.6/site-packages/ldapurl.py", "size_i": "11438", "regex": "false"},
	{"name_s": "/usr/lib64/python2.6/site-packages/ldapurl.pyc", "size_i": "13391", "regex": "false"},
	{"name_s": "/usr/lib64/python2.6/site-packages/ldapurl.pyo", "size_i": "12980", "regex": "false"},
	{"name_s": "/usr/lib64/python2.6/site-packages/ldif.py", "size_i": "13582", "regex": "false"},
	{"name_s": "/usr/lib64/python2.6/site-packages/ldif.pyc", "size_i": "14213", "regex": "false"},
	{"name_s": "/usr/lib64/python2.6/site-packages/ldif.pyo", "size_i": "14213", "regex": "false"},
	{"name_s": "/usr/lib64/python2.6/site-packages/python_ldap-2.3.10-py2.6.egg-info", "size_i": "296", "regex": "false"},
	{"name_s": "/usr/share/doc/python-ldap-2.3.10", "size_i": "4096", "regex": "false"},
	{"name_s": "/usr/share/doc/python-ldap-2.3.10/CHANGES", "size_i": "25099", "regex": "false"},
	{"name_s": "/usr/share/doc/python-ldap-2.3.10/Demo", "size_i": "4096", "regex": "false"},
	{"name_s": "/usr/share/doc/python-ldap-2.3.10/Demo/Lib", "size_i": "4096", "regex": "false"},
	{"name_s": "/usr/share/doc/python-ldap-2.3.10/Demo/Lib/ldap", "size_i": "4096", "regex": "false"},
	{"name_s": "/usr/share/doc/python-ldap-2.3.10/Demo/Lib/ldap/async", "size_i": "4096", "regex": "false"},
	{"name_s": "/usr/share/doc/python-ldap-2.3.10/Demo/Lib/ldap/async/deltree.py", "size_i": "2633", "regex": "false"},
	{"name_s": "/usr/share/doc/python-ldap-2.3.10/Demo/Lib/ldap/async/ldifwriter.py", "size_i": "1009", "regex": "false"},
	{"name_s": "/usr/share/doc/python-ldap-2.3.10/Demo/Lib/ldap/async/sizelimit.py", "size_i": "1056", "regex": "false"},
	{"name_s": "/usr/share/doc/python-ldap-2.3.10/Demo/Lib/ldapurl", "size_i": "4096", "regex": "false"},
	{"name_s": "/usr/share/doc/python-ldap-2.3.10/Demo/Lib/ldapurl/urlsearch.py", "size_i": "802", "regex": "false"},
	{"name_s": "/usr/share/doc/python-ldap-2.3.10/Demo/Lib/ldif", "size_i": "4096", "regex": "false"},
	{"name_s": "/usr/share/doc/python-ldap-2.3.10/Demo/Lib/ldif/ldifcopy.py", "size_i": "674", "regex": "false"},
	{"name_s": "/usr/share/doc/python-ldap-2.3.10/Demo/initialize.py", "size_i": "3124", "regex": "false"},
	{"name_s": "/usr/share/doc/python-ldap-2.3.10/Demo/ldapcontrols.py", "size_i": "831", "regex": "false"},
	{"name_s": "/usr/share/doc/python-ldap-2.3.10/Demo/matchedvalues.py", "size_i": "1900", "regex": "false"},
	{"name_s": "/usr/share/doc/python-ldap-2.3.10/Demo/ms_ad_bind.py", "size_i": "1059", "regex": "false"},
	{"name_s": "/usr/share/doc/python-ldap-2.3.10/Demo/options.py", "size_i": "929", "regex": "false"},
	{"name_s": "/usr/share/doc/python-ldap-2.3.10/Demo/page_control.py", "size_i": "1392", "regex": "false"},
	{"name_s": "/usr/share/doc/python-ldap-2.3.10/Demo/passwd_ext_op.py", "size_i": "781", "regex": "false"},
	{"name_s": "/usr/share/doc/python-ldap-2.3.10/Demo/pickle_ldapobject.py", "size_i": "409", "regex": "false"},
	{"name_s": "/usr/share/doc/python-ldap-2.3.10/Demo/pyasn1", "size_i": "4096", "regex": "false"},
	{"name_s": "/usr/share/doc/python-ldap-2.3.10/Demo/pyasn1/README", "size_i": "85", "regex": "false"},
	{"name_s": "/usr/share/doc/python-ldap-2.3.10/Demo/pyasn1/prereadcontrol.py", "size_i": "1682", "regex": "false"},
	{"name_s": "/usr/share/doc/python-ldap-2.3.10/Demo/reconnect.py", "size_i": "537", "regex": "false"},
	{"name_s": "/usr/share/doc/python-ldap-2.3.10/Demo/rename.py", "size_i": "1049", "regex": "false"},
	{"name_s": "/usr/share/doc/python-ldap-2.3.10/Demo/resiter.py", "size_i": "705", "regex": "false"},
	{"name_s": "/usr/share/doc/python-ldap-2.3.10/Demo/sasl_bind.py", "size_i": "1944", "regex": "false"},
	{"name_s": "/usr/share/doc/python-ldap-2.3.10/Demo/schema.py", "size_i": "1871", "regex": "false"},
	{"name_s": "/usr/share/doc/python-ldap-2.3.10/Demo/schema_tree.py", "size_i": "2375", "regex": "false"},
	{"name_s": "/usr/share/doc/python-ldap-2.3.10/Demo/simple.py", "size_i": "2374", "regex": "false"},
	{"name_s": "/usr/share/doc/python-ldap-2.3.10/Demo/simplebrowse.py", "size_i": "3185", "regex": "false"},
	{"name_s": "/usr/share/doc/python-ldap-2.3.10/LICENCE", "size_i": "606", "regex": "false"},
	{"name_s": "/usr/share/doc/python-ldap-2.3.10/README", "size_i": "3326", "regex": "false"},
	{"name_s": "/usr/share/doc/python-ldap-2.3.10/TODO", "size_i": "955", "regex": "false"}
]
