[
	{"name_s": "/usr/share/doc/python-repoze-what-docs-1.0.8", "size_i": "4096", "regex": "false"},
	{"name_s": "/usr/share/doc/python-repoze-what-docs-1.0.8/docs", "size_i": "4096", "regex": "false"},
	{"name_s": "/usr/share/doc/python-repoze-what-docs-1.0.8/docs/Makefile", "size_i": "2251", "regex": "false"},
	{"name_s": "/usr/share/doc/python-repoze-what-docs-1.0.8/docs/build", "size_i": "4096", "regex": "false"},
	{"name_s": "/usr/share/doc/python-repoze-what-docs-1.0.8/docs/build/doctrees", "size_i": "4096", "regex": "false"},
	{"name_s": "/usr/share/doc/python-repoze-what-docs-1.0.8/docs/build/doctrees/Manual", "size_i": "4096", "regex": "false"},
	{"name_s": "/usr/share/doc/python-repoze-what-docs-1.0.8/docs/build/doctrees/Manual/GettingStarted.doctree", "size_i": "47991", "regex": "false"},
	{"name_s": "/usr/share/doc/python-repoze-what-docs-1.0.8/docs/build/doctrees/Manual/InnerWorkings.doctree", "size_i": "25934", "regex": "false"},
	{"name_s": "/usr/share/doc/python-repoze-what-docs-1.0.8/docs/build/doctrees/Manual/ManagingSources.doctree", "size_i": "65704", "regex": "false"},
	{"name_s": "/usr/share/doc/python-repoze-what-docs-1.0.8/docs/build/doctrees/Manual/Plugins", "size_i": "4096", "regex": "false"},
	{"name_s": "/usr/share/doc/python-repoze-what-docs-1.0.8/docs/build/doctrees/Manual/Plugins/index.doctree", "size_i": "42407", "regex": "false"},
	{"name_s": "/usr/share/doc/python-repoze-what-docs-1.0.8/docs/build/doctrees/Manual/Predicates", "size_i": "4096", "regex": "false"},
	{"name_s": "/usr/share/doc/python-repoze-what-docs-1.0.8/docs/build/doctrees/Manual/Predicates/Builtin.doctree", "size_i": "15332", "regex": "false"},
	{"name_s": "/usr/share/doc/python-repoze-what-docs-1.0.8/docs/build/doctrees/Manual/Predicates/Evaluating.doctree", "size_i": "20781", "regex": "false"},
	{"name_s": "/usr/share/doc/python-repoze-what-docs-1.0.8/docs/build/doctrees/Manual/Predicates/Writing.doctree", "size_i": "28677", "regex": "false"},
	{"name_s": "/usr/share/doc/python-repoze-what-docs-1.0.8/docs/build/doctrees/Manual/Predicates/index.doctree", "size_i": "20576", "regex": "false"},
	{"name_s": "/usr/share/doc/python-repoze-what-docs-1.0.8/docs/build/doctrees/Manual/index.doctree", "size_i": "5289", "regex": "false"},
	{"name_s": "/usr/share/doc/python-repoze-what-docs-1.0.8/docs/build/doctrees/News.doctree", "size_i": "129777", "regex": "false"},
	{"name_s": "/usr/share/doc/python-repoze-what-docs-1.0.8/docs/build/doctrees/Participate.doctree", "size_i": "25491", "regex": "false"},
	{"name_s": "/usr/share/doc/python-repoze-what-docs-1.0.8/docs/build/doctrees/environment.pickle", "size_i": "58936", "regex": "false"},
	{"name_s": "/usr/share/doc/python-repoze-what-docs-1.0.8/docs/build/doctrees/index.doctree", "size_i": "56867", "regex": "false"},
	{"name_s": "/usr/share/doc/python-repoze-what-docs-1.0.8/docs/build/html", "size_i": "4096", "regex": "false"},
	{"name_s": "/usr/share/doc/python-repoze-what-docs-1.0.8/docs/build/html/.buildinfo", "size_i": "230", "regex": "false"},
	{"name_s": "/usr/share/doc/python-repoze-what-docs-1.0.8/docs/build/html/Manual", "size_i": "4096", "regex": "false"},
	{"name_s": "/usr/share/doc/python-repoze-what-docs-1.0.8/docs/build/html/Manual/GettingStarted.html", "size_i": "22439", "regex": "false"},
	{"name_s": "/usr/share/doc/python-repoze-what-docs-1.0.8/docs/build/html/Manual/InnerWorkings.html", "size_i": "13115", "regex": "false"},
	{"name_s": "/usr/share/doc/python-repoze-what-docs-1.0.8/docs/build/html/Manual/ManagingSources.html", "size_i": "46446", "regex": "false"},
	{"name_s": "/usr/share/doc/python-repoze-what-docs-1.0.8/docs/build/html/Manual/Plugins", "size_i": "4096", "regex": "false"},
	{"name_s": "/usr/share/doc/python-repoze-what-docs-1.0.8/docs/build/html/Manual/Plugins/index.html", "size_i": "15460", "regex": "false"},
	{"name_s": "/usr/share/doc/python-repoze-what-docs-1.0.8/docs/build/html/Manual/Predicates", "size_i": "4096", "regex": "false"},
	{"name_s": "/usr/share/doc/python-repoze-what-docs-1.0.8/docs/build/html/Manual/Predicates/Builtin.html", "size_i": "8363", "regex": "false"},
	{"name_s": "/usr/share/doc/python-repoze-what-docs-1.0.8/docs/build/html/Manual/Predicates/Evaluating.html", "size_i": "16304", "regex": "false"},
	{"name_s": "/usr/share/doc/python-repoze-what-docs-1.0.8/docs/build/html/Manual/Predicates/Writing.html", "size_i": "17951", "regex": "false"},
	{"name_s": "/usr/share/doc/python-repoze-what-docs-1.0.8/docs/build/html/Manual/Predicates/index.html", "size_i": "12525", "regex": "false"},
	{"name_s": "/usr/share/doc/python-repoze-what-docs-1.0.8/docs/build/html/Manual/index.html", "size_i": "12222", "regex": "false"},
	{"name_s": "/usr/share/doc/python-repoze-what-docs-1.0.8/docs/build/html/News.html", "size_i": "44904", "regex": "false"},
	{"name_s": "/usr/share/doc/python-repoze-what-docs-1.0.8/docs/build/html/Participate.html", "size_i": "10426", "regex": "false"},
	{"name_s": "/usr/share/doc/python-repoze-what-docs-1.0.8/docs/build/html/_sources", "size_i": "4096", "regex": "false"},
	{"name_s": "/usr/share/doc/python-repoze-what-docs-1.0.8/docs/build/html/_sources/Manual", "size_i": "4096", "regex": "false"},
	{"name_s": "/usr/share/doc/python-repoze-what-docs-1.0.8/docs/build/html/_sources/Manual/GettingStarted.txt", "size_i": "7567", "regex": "false"},
	{"name_s": "/usr/share/doc/python-repoze-what-docs-1.0.8/docs/build/html/_sources/Manual/InnerWorkings.txt", "size_i": "2647", "regex": "false"},
	{"name_s": "/usr/share/doc/python-repoze-what-docs-1.0.8/docs/build/html/_sources/Manual/ManagingSources.txt", "size_i": "12896", "regex": "false"},
	{"name_s": "/usr/share/doc/python-repoze-what-docs-1.0.8/docs/build/html/_sources/Manual/Plugins", "size_i": "4096", "regex": "false"},
	{"name_s": "/usr/share/doc/python-repoze-what-docs-1.0.8/docs/build/html/_sources/Manual/Plugins/index.txt", "size_i": "4695", "regex": "false"},
	{"name_s": "/usr/share/doc/python-repoze-what-docs-1.0.8/docs/build/html/_sources/Manual/Predicates", "size_i": "4096", "regex": "false"},
	{"name_s": "/usr/share/doc/python-repoze-what-docs-1.0.8/docs/build/html/_sources/Manual/Predicates/Builtin.txt", "size_i": "1473", "regex": "false"},
	{"name_s": "/usr/share/doc/python-repoze-what-docs-1.0.8/docs/build/html/_sources/Manual/Predicates/Evaluating.txt", "size_i": "4633", "regex": "false"},
	{"name_s": "/usr/share/doc/python-repoze-what-docs-1.0.8/docs/build/html/_sources/Manual/Predicates/Writing.txt", "size_i": "5396", "regex": "false"},
	{"name_s": "/usr/share/doc/python-repoze-what-docs-1.0.8/docs/build/html/_sources/Manual/Predicates/index.txt", "size_i": "3045", "regex": "false"},
	{"name_s": "/usr/share/doc/python-repoze-what-docs-1.0.8/docs/build/html/_sources/Manual/index.txt", "size_i": "322", "regex": "false"},
	{"name_s": "/usr/share/doc/python-repoze-what-docs-1.0.8/docs/build/html/_sources/News.txt", "size_i": "15460", "regex": "false"},
	{"name_s": "/usr/share/doc/python-repoze-what-docs-1.0.8/docs/build/html/_sources/Participate.txt", "size_i": "3242", "regex": "false"},
	{"name_s": "/usr/share/doc/python-repoze-what-docs-1.0.8/docs/build/html/_sources/index.txt", "size_i": "6572", "regex": "false"},
	{"name_s": "/usr/share/doc/python-repoze-what-docs-1.0.8/docs/build/html/_static", "size_i": "4096", "regex": "false"},
	{"name_s": "/usr/share/doc/python-repoze-what-docs-1.0.8/docs/build/html/_static/basic.css", "size_i": "6392", "regex": "false"},
	{"name_s": "/usr/share/doc/python-repoze-what-docs-1.0.8/docs/build/html/_static/default.css", "size_i": "3411", "regex": "false"},
	{"name_s": "/usr/share/doc/python-repoze-what-docs-1.0.8/docs/build/html/_static/doctools.js", "size_i": "6618", "regex": "false"},
	{"name_s": "/usr/share/doc/python-repoze-what-docs-1.0.8/docs/build/html/_static/file.png", "size_i": "392", "regex": "false"},
	{"name_s": "/usr/share/doc/python-repoze-what-docs-1.0.8/docs/build/html/_static/jquery.js", "size_i": "55774", "regex": "false"},
	{"name_s": "/usr/share/doc/python-repoze-what-docs-1.0.8/docs/build/html/_static/logo_hi.gif", "size_i": "4094", "regex": "false"},
	{"name_s": "/usr/share/doc/python-repoze-what-docs-1.0.8/docs/build/html/_static/minus.png", "size_i": "199", "regex": "false"},
	{"name_s": "/usr/share/doc/python-repoze-what-docs-1.0.8/docs/build/html/_static/plus.png", "size_i": "199", "regex": "false"},
	{"name_s": "/usr/share/doc/python-repoze-what-docs-1.0.8/docs/build/html/_static/pygments.css", "size_i": "3224", "regex": "false"},
	{"name_s": "/usr/share/doc/python-repoze-what-docs-1.0.8/docs/build/html/_static/repoze.css", "size_i": "316", "regex": "false"},
	{"name_s": "/usr/share/doc/python-repoze-what-docs-1.0.8/docs/build/html/_static/searchtools.js", "size_i": "12609", "regex": "false"},
	{"name_s": "/usr/share/doc/python-repoze-what-docs-1.0.8/docs/build/html/genindex.html", "size_i": "6775", "regex": "false"},
	{"name_s": "/usr/share/doc/python-repoze-what-docs-1.0.8/docs/build/html/index.html", "size_i": "20702", "regex": "false"},
	{"name_s": "/usr/share/doc/python-repoze-what-docs-1.0.8/docs/build/html/modindex.html", "size_i": "5448", "regex": "false"},
	{"name_s": "/usr/share/doc/python-repoze-what-docs-1.0.8/docs/build/html/objects.inv", "size_i": "430", "regex": "false"},
	{"name_s": "/usr/share/doc/python-repoze-what-docs-1.0.8/docs/build/html/search.html", "size_i": "3438", "regex": "false"},
	{"name_s": "/usr/share/doc/python-repoze-what-docs-1.0.8/docs/build/html/searchindex.js", "size_i": "13334", "regex": "false"},
	{"name_s": "/usr/share/doc/python-repoze-what-docs-1.0.8/docs/source", "size_i": "4096", "regex": "false"},
	{"name_s": "/usr/share/doc/python-repoze-what-docs-1.0.8/docs/source/Manual", "size_i": "4096", "regex": "false"},
	{"name_s": "/usr/share/doc/python-repoze-what-docs-1.0.8/docs/source/Manual/GettingStarted.rst", "size_i": "7567", "regex": "false"},
	{"name_s": "/usr/share/doc/python-repoze-what-docs-1.0.8/docs/source/Manual/InnerWorkings.rst", "size_i": "2647", "regex": "false"},
	{"name_s": "/usr/share/doc/python-repoze-what-docs-1.0.8/docs/source/Manual/ManagingSources.rst", "size_i": "12896", "regex": "false"},
	{"name_s": "/usr/share/doc/python-repoze-what-docs-1.0.8/docs/source/Manual/Plugins", "size_i": "4096", "regex": "false"},
	{"name_s": "/usr/share/doc/python-repoze-what-docs-1.0.8/docs/source/Manual/Plugins/index.rst", "size_i": "4695", "regex": "false"},
	{"name_s": "/usr/share/doc/python-repoze-what-docs-1.0.8/docs/source/Manual/Predicates", "size_i": "4096", "regex": "false"},
	{"name_s": "/usr/share/doc/python-repoze-what-docs-1.0.8/docs/source/Manual/Predicates/Builtin.rst", "size_i": "1473", "regex": "false"},
	{"name_s": "/usr/share/doc/python-repoze-what-docs-1.0.8/docs/source/Manual/Predicates/Evaluating.rst", "size_i": "4633", "regex": "false"},
	{"name_s": "/usr/share/doc/python-repoze-what-docs-1.0.8/docs/source/Manual/Predicates/Writing.rst", "size_i": "5396", "regex": "false"},
	{"name_s": "/usr/share/doc/python-repoze-what-docs-1.0.8/docs/source/Manual/Predicates/index.rst", "size_i": "3045", "regex": "false"},
	{"name_s": "/usr/share/doc/python-repoze-what-docs-1.0.8/docs/source/Manual/index.rst", "size_i": "322", "regex": "false"},
	{"name_s": "/usr/share/doc/python-repoze-what-docs-1.0.8/docs/source/News.rst", "size_i": "15460", "regex": "false"},
	{"name_s": "/usr/share/doc/python-repoze-what-docs-1.0.8/docs/source/Participate.rst", "size_i": "3242", "regex": "false"},
	{"name_s": "/usr/share/doc/python-repoze-what-docs-1.0.8/docs/source/_static", "size_i": "4096", "regex": "false"},
	{"name_s": "/usr/share/doc/python-repoze-what-docs-1.0.8/docs/source/_static/logo_hi.gif", "size_i": "4094", "regex": "false"},
	{"name_s": "/usr/share/doc/python-repoze-what-docs-1.0.8/docs/source/_static/repoze.css", "size_i": "316", "regex": "false"},
	{"name_s": "/usr/share/doc/python-repoze-what-docs-1.0.8/docs/source/conf.py", "size_i": "6201", "regex": "false"},
	{"name_s": "/usr/share/doc/python-repoze-what-docs-1.0.8/docs/source/index.rst", "size_i": "6572", "regex": "false"}
]
