[
	{"name_s": "/opt/rh/ruby193/root/usr/share/gems/doc/rack-test-0.6.1", "size_i": "4096", "regex": "false"},
	{"name_s": "/opt/rh/ruby193/root/usr/share/gems/doc/rack-test-0.6.1/rdoc", "size_i": "4096", "regex": "false"},
	{"name_s": "/opt/rh/ruby193/root/usr/share/gems/doc/rack-test-0.6.1/rdoc/MIT-LICENSE_txt.html", "size_i": "4222", "regex": "false"},
	{"name_s": "/opt/rh/ruby193/root/usr/share/gems/doc/rack-test-0.6.1/rdoc/README_rdoc.html", "size_i": "4951", "regex": "false"},
	{"name_s": "/opt/rh/ruby193/root/usr/share/gems/doc/rack-test-0.6.1/rdoc/Rack", "size_i": "4096", "regex": "false"},
	{"name_s": "/opt/rh/ruby193/root/usr/share/gems/doc/rack-test-0.6.1/rdoc/Rack.html", "size_i": "5551", "regex": "false"},
	{"name_s": "/opt/rh/ruby193/root/usr/share/gems/doc/rack-test-0.6.1/rdoc/Rack/Test", "size_i": "4096", "regex": "false"},
	{"name_s": "/opt/rh/ruby193/root/usr/share/gems/doc/rack-test-0.6.1/rdoc/Rack/Test.html", "size_i": "8113", "regex": "false"},
	{"name_s": "/opt/rh/ruby193/root/usr/share/gems/doc/rack-test-0.6.1/rdoc/Rack/Test/Error.html", "size_i": "4306", "regex": "false"},
	{"name_s": "/opt/rh/ruby193/root/usr/share/gems/doc/rack-test-0.6.1/rdoc/Rack/Test/Methods.html", "size_i": "4815", "regex": "false"},
	{"name_s": "/opt/rh/ruby193/root/usr/share/gems/doc/rack-test-0.6.1/rdoc/Rack/Test/Session.html", "size_i": "29063", "regex": "false"},
	{"name_s": "/opt/rh/ruby193/root/usr/share/gems/doc/rack-test-0.6.1/rdoc/Rack/Test/UploadedFile.html", "size_i": "11222", "regex": "false"},
	{"name_s": "/opt/rh/ruby193/root/usr/share/gems/doc/rack-test-0.6.1/rdoc/created.rid", "size_i": "534", "regex": "false"},
	{"name_s": "/opt/rh/ruby193/root/usr/share/gems/doc/rack-test-0.6.1/rdoc/images", "size_i": "4096", "regex": "false"},
	{"name_s": "/opt/rh/ruby193/root/usr/share/gems/doc/rack-test-0.6.1/rdoc/images/brick.png", "size_i": "452", "regex": "false"},
	{"name_s": "/opt/rh/ruby193/root/usr/share/gems/doc/rack-test-0.6.1/rdoc/images/brick_link.png", "size_i": "764", "regex": "false"},
	{"name_s": "/opt/rh/ruby193/root/usr/share/gems/doc/rack-test-0.6.1/rdoc/images/bug.png", "size_i": "774", "regex": "false"},
	{"name_s": "/opt/rh/ruby193/root/usr/share/gems/doc/rack-test-0.6.1/rdoc/images/bullet_black.png", "size_i": "211", "regex": "false"},
	{"name_s": "/opt/rh/ruby193/root/usr/share/gems/doc/rack-test-0.6.1/rdoc/images/bullet_toggle_minus.png", "size_i": "207", "regex": "false"},
	{"name_s": "/opt/rh/ruby193/root/usr/share/gems/doc/rack-test-0.6.1/rdoc/images/bullet_toggle_plus.png", "size_i": "209", "regex": "false"},
	{"name_s": "/opt/rh/ruby193/root/usr/share/gems/doc/rack-test-0.6.1/rdoc/images/date.png", "size_i": "626", "regex": "false"},
	{"name_s": "/opt/rh/ruby193/root/usr/share/gems/doc/rack-test-0.6.1/rdoc/images/find.png", "size_i": "659", "regex": "false"},
	{"name_s": "/opt/rh/ruby193/root/usr/share/gems/doc/rack-test-0.6.1/rdoc/images/loadingAnimation.gif", "size_i": "5886", "regex": "false"},
	{"name_s": "/opt/rh/ruby193/root/usr/share/gems/doc/rack-test-0.6.1/rdoc/images/macFFBgHack.png", "size_i": "207", "regex": "false"},
	{"name_s": "/opt/rh/ruby193/root/usr/share/gems/doc/rack-test-0.6.1/rdoc/images/package.png", "size_i": "853", "regex": "false"},
	{"name_s": "/opt/rh/ruby193/root/usr/share/gems/doc/rack-test-0.6.1/rdoc/images/page_green.png", "size_i": "621", "regex": "false"},
	{"name_s": "/opt/rh/ruby193/root/usr/share/gems/doc/rack-test-0.6.1/rdoc/images/page_white_text.png", "size_i": "342", "regex": "false"},
	{"name_s": "/opt/rh/ruby193/root/usr/share/gems/doc/rack-test-0.6.1/rdoc/images/page_white_width.png", "size_i": "309", "regex": "false"},
	{"name_s": "/opt/rh/ruby193/root/usr/share/gems/doc/rack-test-0.6.1/rdoc/images/plugin.png", "size_i": "591", "regex": "false"},
	{"name_s": "/opt/rh/ruby193/root/usr/share/gems/doc/rack-test-0.6.1/rdoc/images/ruby.png", "size_i": "592", "regex": "false"},
	{"name_s": "/opt/rh/ruby193/root/usr/share/gems/doc/rack-test-0.6.1/rdoc/images/tag_green.png", "size_i": "613", "regex": "false"},
	{"name_s": "/opt/rh/ruby193/root/usr/share/gems/doc/rack-test-0.6.1/rdoc/images/wrench.png", "size_i": "610", "regex": "false"},
	{"name_s": "/opt/rh/ruby193/root/usr/share/gems/doc/rack-test-0.6.1/rdoc/images/wrench_orange.png", "size_i": "584", "regex": "false"},
	{"name_s": "/opt/rh/ruby193/root/usr/share/gems/doc/rack-test-0.6.1/rdoc/images/zoom.png", "size_i": "692", "regex": "false"},
	{"name_s": "/opt/rh/ruby193/root/usr/share/gems/doc/rack-test-0.6.1/rdoc/index.html", "size_i": "3946", "regex": "false"},
	{"name_s": "/opt/rh/ruby193/root/usr/share/gems/doc/rack-test-0.6.1/rdoc/js", "size_i": "4096", "regex": "false"},
	{"name_s": "/opt/rh/ruby193/root/usr/share/gems/doc/rack-test-0.6.1/rdoc/js/darkfish.js", "size_i": "3229", "regex": "false"},
	{"name_s": "/opt/rh/ruby193/root/usr/share/gems/doc/rack-test-0.6.1/rdoc/js/jquery.js", "size_i": "55772", "regex": "false"},
	{"name_s": "/opt/rh/ruby193/root/usr/share/gems/doc/rack-test-0.6.1/rdoc/js/quicksearch.js", "size_i": "2592", "regex": "false"},
	{"name_s": "/opt/rh/ruby193/root/usr/share/gems/doc/rack-test-0.6.1/rdoc/js/thickbox-compressed.js", "size_i": "5978", "regex": "false"},
	{"name_s": "/opt/rh/ruby193/root/usr/share/gems/doc/rack-test-0.6.1/rdoc/lib", "size_i": "4096", "regex": "false"},
	{"name_s": "/opt/rh/ruby193/root/usr/share/gems/doc/rack-test-0.6.1/rdoc/lib/rack", "size_i": "4096", "regex": "false"},
	{"name_s": "/opt/rh/ruby193/root/usr/share/gems/doc/rack-test-0.6.1/rdoc/lib/rack/mock_session_rb.html", "size_i": "1312", "regex": "false"},
	{"name_s": "/opt/rh/ruby193/root/usr/share/gems/doc/rack-test-0.6.1/rdoc/lib/rack/test", "size_i": "4096", "regex": "false"},
	{"name_s": "/opt/rh/ruby193/root/usr/share/gems/doc/rack-test-0.6.1/rdoc/lib/rack/test/cookie_jar_rb.html", "size_i": "1390", "regex": "false"},
	{"name_s": "/opt/rh/ruby193/root/usr/share/gems/doc/rack-test-0.6.1/rdoc/lib/rack/test/methods_rb.html", "size_i": "1362", "regex": "false"},
	{"name_s": "/opt/rh/ruby193/root/usr/share/gems/doc/rack-test-0.6.1/rdoc/lib/rack/test/mock_digest_request_rb.html", "size_i": "1334", "regex": "false"},
	{"name_s": "/opt/rh/ruby193/root/usr/share/gems/doc/rack-test-0.6.1/rdoc/lib/rack/test/uploaded_file_rb.html", "size_i": "1403", "regex": "false"},
	{"name_s": "/opt/rh/ruby193/root/usr/share/gems/doc/rack-test-0.6.1/rdoc/lib/rack/test/utils_rb.html", "size_i": "1320", "regex": "false"},
	{"name_s": "/opt/rh/ruby193/root/usr/share/gems/doc/rack-test-0.6.1/rdoc/lib/rack/test_rb.html", "size_i": "1664", "regex": "false"},
	{"name_s": "/opt/rh/ruby193/root/usr/share/gems/doc/rack-test-0.6.1/rdoc/rdoc.css", "size_i": "13693", "regex": "false"},
	{"name_s": "/opt/rh/ruby193/root/usr/share/gems/doc/rack-test-0.6.1/ri", "size_i": "4096", "regex": "false"},
	{"name_s": "/opt/rh/ruby193/root/usr/share/gems/doc/rack-test-0.6.1/ri/Rack", "size_i": "4096", "regex": "false"},
	{"name_s": "/opt/rh/ruby193/root/usr/share/gems/doc/rack-test-0.6.1/ri/Rack/Test", "size_i": "4096", "regex": "false"},
	{"name_s": "/opt/rh/ruby193/root/usr/share/gems/doc/rack-test-0.6.1/ri/Rack/Test/Error", "size_i": "4096", "regex": "false"},
	{"name_s": "/opt/rh/ruby193/root/usr/share/gems/doc/rack-test-0.6.1/ri/Rack/Test/Error/cdesc-Error.ri", "size_i": "356", "regex": "false"},
	{"name_s": "/opt/rh/ruby193/root/usr/share/gems/doc/rack-test-0.6.1/ri/Rack/Test/Methods", "size_i": "4096", "regex": "false"},
	{"name_s": "/opt/rh/ruby193/root/usr/share/gems/doc/rack-test-0.6.1/ri/Rack/Test/Methods/cdesc-Methods.ri", "size_i": "829", "regex": "false"},
	{"name_s": "/opt/rh/ruby193/root/usr/share/gems/doc/rack-test-0.6.1/ri/Rack/Test/Session", "size_i": "4096", "regex": "false"},
	{"name_s": "/opt/rh/ruby193/root/usr/share/gems/doc/rack-test-0.6.1/ri/Rack/Test/Session/authorize-i.ri", "size_i": "184", "regex": "false"},
	{"name_s": "/opt/rh/ruby193/root/usr/share/gems/doc/rack-test-0.6.1/ri/Rack/Test/Session/basic_authorize-i.ri", "size_i": "520", "regex": "false"},
	{"name_s": "/opt/rh/ruby193/root/usr/share/gems/doc/rack-test-0.6.1/ri/Rack/Test/Session/cdesc-Session.ri", "size_i": "827", "regex": "false"},
	{"name_s": "/opt/rh/ruby193/root/usr/share/gems/doc/rack-test-0.6.1/ri/Rack/Test/Session/delete-i.ri", "size_i": "379", "regex": "false"},
	{"name_s": "/opt/rh/ruby193/root/usr/share/gems/doc/rack-test-0.6.1/ri/Rack/Test/Session/digest_authorize-i.ri", "size_i": "495", "regex": "false"},
	{"name_s": "/opt/rh/ruby193/root/usr/share/gems/doc/rack-test-0.6.1/ri/Rack/Test/Session/follow_redirect%21-i.ri", "size_i": "483", "regex": "false"},
	{"name_s": "/opt/rh/ruby193/root/usr/share/gems/doc/rack-test-0.6.1/ri/Rack/Test/Session/get-i.ri", "size_i": "553", "regex": "false"},
	{"name_s": "/opt/rh/ruby193/root/usr/share/gems/doc/rack-test-0.6.1/ri/Rack/Test/Session/head-i.ri", "size_i": "371", "regex": "false"},
	{"name_s": "/opt/rh/ruby193/root/usr/share/gems/doc/rack-test-0.6.1/ri/Rack/Test/Session/header-i.ri", "size_i": "603", "regex": "false"},
	{"name_s": "/opt/rh/ruby193/root/usr/share/gems/doc/rack-test-0.6.1/ri/Rack/Test/Session/new-c.ri", "size_i": "516", "regex": "false"},
	{"name_s": "/opt/rh/ruby193/root/usr/share/gems/doc/rack-test-0.6.1/ri/Rack/Test/Session/options-i.ri", "size_i": "384", "regex": "false"},
	{"name_s": "/opt/rh/ruby193/root/usr/share/gems/doc/rack-test-0.6.1/ri/Rack/Test/Session/post-i.ri", "size_i": "396", "regex": "false"},
	{"name_s": "/opt/rh/ruby193/root/usr/share/gems/doc/rack-test-0.6.1/ri/Rack/Test/Session/put-i.ri", "size_i": "367", "regex": "false"},
	{"name_s": "/opt/rh/ruby193/root/usr/share/gems/doc/rack-test-0.6.1/ri/Rack/Test/Session/request-i.ri", "size_i": "551", "regex": "false"},
	{"name_s": "/opt/rh/ruby193/root/usr/share/gems/doc/rack-test-0.6.1/ri/Rack/Test/UploadedFile", "size_i": "4096", "regex": "false"},
	{"name_s": "/opt/rh/ruby193/root/usr/share/gems/doc/rack-test-0.6.1/ri/Rack/Test/UploadedFile/cdesc-UploadedFile.ri", "size_i": "761", "regex": "false"},
	{"name_s": "/opt/rh/ruby193/root/usr/share/gems/doc/rack-test-0.6.1/ri/Rack/Test/UploadedFile/content_type-i.ri", "size_i": "259", "regex": "false"},
	{"name_s": "/opt/rh/ruby193/root/usr/share/gems/doc/rack-test-0.6.1/ri/Rack/Test/UploadedFile/local_path-i.ri", "size_i": "187", "regex": "false"},
	{"name_s": "/opt/rh/ruby193/root/usr/share/gems/doc/rack-test-0.6.1/ri/Rack/Test/UploadedFile/new-c.ri", "size_i": "223", "regex": "false"},
	{"name_s": "/opt/rh/ruby193/root/usr/share/gems/doc/rack-test-0.6.1/ri/Rack/Test/UploadedFile/original_filename-i.ri", "size_i": "291", "regex": "false"},
	{"name_s": "/opt/rh/ruby193/root/usr/share/gems/doc/rack-test-0.6.1/ri/Rack/Test/UploadedFile/path-i.ri", "size_i": "205", "regex": "false"},
	{"name_s": "/opt/rh/ruby193/root/usr/share/gems/doc/rack-test-0.6.1/ri/Rack/Test/cdesc-Test.ri", "size_i": "360", "regex": "false"},
	{"name_s": "/opt/rh/ruby193/root/usr/share/gems/doc/rack-test-0.6.1/ri/Rack/Test/encoding_aware_strings%3f-c.ri", "size_i": "186", "regex": "false"},
	{"name_s": "/opt/rh/ruby193/root/usr/share/gems/doc/rack-test-0.6.1/ri/Rack/cdesc-Rack.ri", "size_i": "187", "regex": "false"},
	{"name_s": "/opt/rh/ruby193/root/usr/share/gems/doc/rack-test-0.6.1/ri/cache.ri", "size_i": "840", "regex": "false"},
	{"name_s": "/opt/rh/ruby193/root/usr/share/gems/doc/rack-test-0.6.1/ri/created.rid", "size_i": "534", "regex": "false"},
	{"name_s": "/opt/rh/ruby193/root/usr/share/gems/gems/rack-test-0.6.1", "size_i": "4096", "regex": "false"},
	{"name_s": "/opt/rh/ruby193/root/usr/share/gems/gems/rack-test-0.6.1/History.txt", "size_i": "4604", "regex": "false"},
	{"name_s": "/opt/rh/ruby193/root/usr/share/gems/gems/rack-test-0.6.1/MIT-LICENSE.txt", "size_i": "1081", "regex": "false"},
	{"name_s": "/opt/rh/ruby193/root/usr/share/gems/gems/rack-test-0.6.1/README.rdoc", "size_i": "1353", "regex": "false"},
	{"name_s": "/opt/rh/ruby193/root/usr/share/gems/gems/rack-test-0.6.1/Rakefile", "size_i": "685", "regex": "false"},
	{"name_s": "/opt/rh/ruby193/root/usr/share/gems/gems/rack-test-0.6.1/Thorfile", "size_i": "3166", "regex": "false"},
	{"name_s": "/opt/rh/ruby193/root/usr/share/gems/gems/rack-test-0.6.1/lib", "size_i": "4096", "regex": "false"},
	{"name_s": "/opt/rh/ruby193/root/usr/share/gems/gems/rack-test-0.6.1/lib/rack", "size_i": "4096", "regex": "false"},
	{"name_s": "/opt/rh/ruby193/root/usr/share/gems/gems/rack-test-0.6.1/lib/rack/mock_session.rb", "size_i": "1737", "regex": "false"},
	{"name_s": "/opt/rh/ruby193/root/usr/share/gems/gems/rack-test-0.6.1/lib/rack/test", "size_i": "4096", "regex": "false"},
	{"name_s": "/opt/rh/ruby193/root/usr/share/gems/gems/rack-test-0.6.1/lib/rack/test.rb", "size_i": "9340", "regex": "false"},
	{"name_s": "/opt/rh/ruby193/root/usr/share/gems/gems/rack-test-0.6.1/lib/rack/test/cookie_jar.rb", "size_i": "4153", "regex": "false"},
	{"name_s": "/opt/rh/ruby193/root/usr/share/gems/gems/rack-test-0.6.1/lib/rack/test/methods.rb", "size_i": "1993", "regex": "false"},
	{"name_s": "/opt/rh/ruby193/root/usr/share/gems/gems/rack-test-0.6.1/lib/rack/test/mock_digest_request.rb", "size_i": "451", "regex": "false"},
	{"name_s": "/opt/rh/ruby193/root/usr/share/gems/gems/rack-test-0.6.1/lib/rack/test/uploaded_file.rb", "size_i": "1407", "regex": "false"},
	{"name_s": "/opt/rh/ruby193/root/usr/share/gems/gems/rack-test-0.6.1/lib/rack/test/utils.rb", "size_i": "3559", "regex": "false"},
	{"name_s": "/opt/rh/ruby193/root/usr/share/gems/gems/rack-test-0.6.1/rack-test.gemspec", "size_i": "2475", "regex": "false"},
	{"name_s": "/opt/rh/ruby193/root/usr/share/gems/gems/rack-test-0.6.1/spec", "size_i": "4096", "regex": "false"},
	{"name_s": "/opt/rh/ruby193/root/usr/share/gems/gems/rack-test-0.6.1/spec/fixtures", "size_i": "4096", "regex": "false"},
	{"name_s": "/opt/rh/ruby193/root/usr/share/gems/gems/rack-test-0.6.1/spec/fixtures/bar.txt", "size_i": "4", "regex": "false"},
	{"name_s": "/opt/rh/ruby193/root/usr/share/gems/gems/rack-test-0.6.1/spec/fixtures/config.ru", "size_i": "44", "regex": "false"},
	{"name_s": "/opt/rh/ruby193/root/usr/share/gems/gems/rack-test-0.6.1/spec/fixtures/fake_app.rb", "size_i": "2711", "regex": "false"},
	{"name_s": "/opt/rh/ruby193/root/usr/share/gems/gems/rack-test-0.6.1/spec/fixtures/foo.txt", "size_i": "4", "regex": "false"},
	{"name_s": "/opt/rh/ruby193/root/usr/share/gems/gems/rack-test-0.6.1/spec/rack", "size_i": "4096", "regex": "false"},
	{"name_s": "/opt/rh/ruby193/root/usr/share/gems/gems/rack-test-0.6.1/spec/rack/test", "size_i": "4096", "regex": "false"},
	{"name_s": "/opt/rh/ruby193/root/usr/share/gems/gems/rack-test-0.6.1/spec/rack/test/cookie_spec.rb", "size_i": "6502", "regex": "false"},
	{"name_s": "/opt/rh/ruby193/root/usr/share/gems/gems/rack-test-0.6.1/spec/rack/test/digest_auth_spec.rb", "size_i": "994", "regex": "false"},
	{"name_s": "/opt/rh/ruby193/root/usr/share/gems/gems/rack-test-0.6.1/spec/rack/test/multipart_spec.rb", "size_i": "4843", "regex": "false"},
	{"name_s": "/opt/rh/ruby193/root/usr/share/gems/gems/rack-test-0.6.1/spec/rack/test/uploaded_file_spec.rb", "size_i": "671", "regex": "false"},
	{"name_s": "/opt/rh/ruby193/root/usr/share/gems/gems/rack-test-0.6.1/spec/rack/test/utils_spec.rb", "size_i": "4274", "regex": "false"},
	{"name_s": "/opt/rh/ruby193/root/usr/share/gems/gems/rack-test-0.6.1/spec/rack/test_spec.rb", "size_i": "12495", "regex": "false"},
	{"name_s": "/opt/rh/ruby193/root/usr/share/gems/gems/rack-test-0.6.1/spec/spec_helper.rb", "size_i": "1531", "regex": "false"},
	{"name_s": "/opt/rh/ruby193/root/usr/share/gems/gems/rack-test-0.6.1/spec/support", "size_i": "4096", "regex": "false"},
	{"name_s": "/opt/rh/ruby193/root/usr/share/gems/gems/rack-test-0.6.1/spec/support/matchers", "size_i": "4096", "regex": "false"},
	{"name_s": "/opt/rh/ruby193/root/usr/share/gems/gems/rack-test-0.6.1/spec/support/matchers/body.rb", "size_i": "177", "regex": "false"},
	{"name_s": "/opt/rh/ruby193/root/usr/share/gems/gems/rack-test-0.6.1/spec/support/matchers/challenge.rb", "size_i": "268", "regex": "false"},
	{"name_s": "/opt/rh/ruby193/root/usr/share/gems/specifications/rack-test-0.6.1.gemspec", "size_i": "1211", "regex": "false"}
]
