[
	{"name_s": "/usr/bin/findsmb", "size_i": "4603", "regex": "false"},
	{"name_s": "/usr/bin/nmblookup", "size_i": "1663736", "regex": "false"},
	{"name_s": "/usr/bin/rpcclient", "size_i": "7727976", "regex": "false"},
	{"name_s": "/usr/bin/sharesec", "size_i": "1585880", "regex": "false"},
	{"name_s": "/usr/bin/smbcacls", "size_i": "6201768", "regex": "false"},
	{"name_s": "/usr/bin/smbclient", "size_i": "6238696", "regex": "false"},
	{"name_s": "/usr/bin/smbget", "size_i": "6439368", "regex": "false"},
	{"name_s": "/usr/bin/smbprint", "size_i": "2295", "regex": "false"},
	{"name_s": "/usr/bin/smbspool", "size_i": "3442200", "regex": "false"},
	{"name_s": "/usr/bin/smbta-util", "size_i": "1581760", "regex": "false"},
	{"name_s": "/usr/bin/smbtar", "size_i": "4896", "regex": "false"},
	{"name_s": "/usr/bin/smbtree", "size_i": "6132104", "regex": "false"},
	{"name_s": "/usr/share/man/man1/findsmb.1.gz", "size_i": "1881", "regex": "false"},
	{"name_s": "/usr/share/man/man1/nmblookup.1.gz", "size_i": "3398", "regex": "false"},
	{"name_s": "/usr/share/man/man1/rpcclient.1.gz", "size_i": "6130", "regex": "false"},
	{"name_s": "/usr/share/man/man1/sharesec.1.gz", "size_i": "2813", "regex": "false"},
	{"name_s": "/usr/share/man/man1/smbcacls.1.gz", "size_i": "3971", "regex": "false"},
	{"name_s": "/usr/share/man/man1/smbclient.1.gz", "size_i": "11868", "regex": "false"},
	{"name_s": "/usr/share/man/man1/smbget.1.gz", "size_i": "1854", "regex": "false"},
	{"name_s": "/usr/share/man/man1/smbtar.1.gz", "size_i": "1913", "regex": "false"},
	{"name_s": "/usr/share/man/man1/smbtree.1.gz", "size_i": "2381", "regex": "false"},
	{"name_s": "/usr/share/man/man8/smbspool.8.gz", "size_i": "1655", "regex": "false"},
	{"name_s": "/usr/share/man/man8/smbta-util.8.gz", "size_i": "1029", "regex": "false"}
]
