[
	{"name_s": "/bin/mountpoint", "size_i": "6728", "regex": "false"},
	{"name_s": "/sbin/killall5", "size_i": "15184", "regex": "false"},
	{"name_s": "/sbin/pidof", "size_i": "8", "regex": "false"},
	{"name_s": "/sbin/sulogin", "size_i": "12192", "regex": "false"},
	{"name_s": "/usr/bin/last", "size_i": "16488", "regex": "false"},
	{"name_s": "/usr/bin/lastb", "size_i": "4", "regex": "false"},
	{"name_s": "/usr/bin/mesg", "size_i": "6744", "regex": "false"},
	{"name_s": "/usr/bin/utmpdump", "size_i": "10936", "regex": "false"},
	{"name_s": "/usr/bin/wall", "size_i": "11104", "regex": "false"},
	{"name_s": "/usr/share/doc/sysvinit-tools-2.87", "size_i": "4096", "regex": "false"},
	{"name_s": "/usr/share/doc/sysvinit-tools-2.87/COPYRIGHT", "size_i": "913", "regex": "false"},
	{"name_s": "/usr/share/doc/sysvinit-tools-2.87/Changelog", "size_i": "26064", "regex": "false"},
	{"name_s": "/usr/share/man/man1/last.1.gz", "size_i": "1557", "regex": "false"},
	{"name_s": "/usr/share/man/man1/lastb.1.gz", "size_i": "36", "regex": "false"},
	{"name_s": "/usr/share/man/man1/mesg.1.gz", "size_i": "572", "regex": "false"},
	{"name_s": "/usr/share/man/man1/mountpoint.1.gz", "size_i": "585", "regex": "false"},
	{"name_s": "/usr/share/man/man1/wall.1.gz", "size_i": "673", "regex": "false"},
	{"name_s": "/usr/share/man/man8/killall5.8.gz", "size_i": "604", "regex": "false"},
	{"name_s": "/usr/share/man/man8/pidof.8.gz", "size_i": "1070", "regex": "false"},
	{"name_s": "/usr/share/man/man8/sulogin.8.gz", "size_i": "1277", "regex": "false"}
]
