[
	{"name_s": "/etc/ld.so.conf.d/tix-x86_64.conf", "size_i": "18", "regex": "false"},
	{"name_s": "/usr/lib64/tcl8.5/Tix8.4.3", "size_i": "4096", "regex": "false"},
	{"name_s": "/usr/lib64/tcl8.5/Tix8.4.3/Balloon.tcl", "size_i": "13285", "regex": "false"},
	{"name_s": "/usr/lib64/tcl8.5/Tix8.4.3/BtnBox.tcl", "size_i": "2671", "regex": "false"},
	{"name_s": "/usr/lib64/tcl8.5/Tix8.4.3/CObjView.tcl", "size_i": "7738", "regex": "false"},
	{"name_s": "/usr/lib64/tcl8.5/Tix8.4.3/ChkList.tcl", "size_i": "5087", "regex": "false"},
	{"name_s": "/usr/lib64/tcl8.5/Tix8.4.3/ComboBox.tcl", "size_i": "36271", "regex": "false"},
	{"name_s": "/usr/lib64/tcl8.5/Tix8.4.3/Compat.tcl", "size_i": "870", "regex": "false"},
	{"name_s": "/usr/lib64/tcl8.5/Tix8.4.3/Console.tcl", "size_i": "15311", "regex": "false"},
	{"name_s": "/usr/lib64/tcl8.5/Tix8.4.3/Control.tcl", "size_i": "12402", "regex": "false"},
	{"name_s": "/usr/lib64/tcl8.5/Tix8.4.3/DefSchm.tcl", "size_i": "3013", "regex": "false"},
	{"name_s": "/usr/lib64/tcl8.5/Tix8.4.3/DialogS.tcl", "size_i": "4296", "regex": "false"},
	{"name_s": "/usr/lib64/tcl8.5/Tix8.4.3/DirBox.tcl", "size_i": "5425", "regex": "false"},
	{"name_s": "/usr/lib64/tcl8.5/Tix8.4.3/DirDlg.tcl", "size_i": "2206", "regex": "false"},
	{"name_s": "/usr/lib64/tcl8.5/Tix8.4.3/DirList.tcl", "size_i": "7064", "regex": "false"},
	{"name_s": "/usr/lib64/tcl8.5/Tix8.4.3/DirTree.tcl", "size_i": "8972", "regex": "false"},
	{"name_s": "/usr/lib64/tcl8.5/Tix8.4.3/DragDrop.tcl", "size_i": "4025", "regex": "false"},
	{"name_s": "/usr/lib64/tcl8.5/Tix8.4.3/DtlList.tcl", "size_i": "1002", "regex": "false"},
	{"name_s": "/usr/lib64/tcl8.5/Tix8.4.3/EFileBox.tcl", "size_i": "11390", "regex": "false"},
	{"name_s": "/usr/lib64/tcl8.5/Tix8.4.3/EFileDlg.tcl", "size_i": "1718", "regex": "false"},
	{"name_s": "/usr/lib64/tcl8.5/Tix8.4.3/Event.tcl", "size_i": "5231", "regex": "false"},
	{"name_s": "/usr/lib64/tcl8.5/Tix8.4.3/FileBox.tcl", "size_i": "14336", "regex": "false"},
	{"name_s": "/usr/lib64/tcl8.5/Tix8.4.3/FileCbx.tcl", "size_i": "2483", "regex": "false"},
	{"name_s": "/usr/lib64/tcl8.5/Tix8.4.3/FileDlg.tcl", "size_i": "2185", "regex": "false"},
	{"name_s": "/usr/lib64/tcl8.5/Tix8.4.3/FileEnt.tcl", "size_i": "7319", "regex": "false"},
	{"name_s": "/usr/lib64/tcl8.5/Tix8.4.3/FloatEnt.tcl", "size_i": "3176", "regex": "false"},
	{"name_s": "/usr/lib64/tcl8.5/Tix8.4.3/Grid.tcl", "size_i": "21665", "regex": "false"},
	{"name_s": "/usr/lib64/tcl8.5/Tix8.4.3/HList.tcl", "size_i": "18148", "regex": "false"},
	{"name_s": "/usr/lib64/tcl8.5/Tix8.4.3/HListDD.tcl", "size_i": "4500", "regex": "false"},
	{"name_s": "/usr/lib64/tcl8.5/Tix8.4.3/IconView.tcl", "size_i": "6110", "regex": "false"},
	{"name_s": "/usr/lib64/tcl8.5/Tix8.4.3/Init.tcl", "size_i": "6199", "regex": "false"},
	{"name_s": "/usr/lib64/tcl8.5/Tix8.4.3/LabEntry.tcl", "size_i": "2143", "regex": "false"},
	{"name_s": "/usr/lib64/tcl8.5/Tix8.4.3/LabFrame.tcl", "size_i": "1181", "regex": "false"},
	{"name_s": "/usr/lib64/tcl8.5/Tix8.4.3/LabWidg.tcl", "size_i": "3951", "regex": "false"},
	{"name_s": "/usr/lib64/tcl8.5/Tix8.4.3/ListNBk.tcl", "size_i": "3581", "regex": "false"},
	{"name_s": "/usr/lib64/tcl8.5/Tix8.4.3/Meter.tcl", "size_i": "3114", "regex": "false"},
	{"name_s": "/usr/lib64/tcl8.5/Tix8.4.3/MultView.tcl", "size_i": "3704", "regex": "false"},
	{"name_s": "/usr/lib64/tcl8.5/Tix8.4.3/NoteBook.tcl", "size_i": "6160", "regex": "false"},
	{"name_s": "/usr/lib64/tcl8.5/Tix8.4.3/OldUtil.tcl", "size_i": "3056", "regex": "false"},
	{"name_s": "/usr/lib64/tcl8.5/Tix8.4.3/OptMenu.tcl", "size_i": "9392", "regex": "false"},
	{"name_s": "/usr/lib64/tcl8.5/Tix8.4.3/PanedWin.tcl", "size_i": "28347", "regex": "false"},
	{"name_s": "/usr/lib64/tcl8.5/Tix8.4.3/PopMenu.tcl", "size_i": "5500", "regex": "false"},
	{"name_s": "/usr/lib64/tcl8.5/Tix8.4.3/Primitiv.tcl", "size_i": "10527", "regex": "false"},
	{"name_s": "/usr/lib64/tcl8.5/Tix8.4.3/README.txt", "size_i": "987", "regex": "false"},
	{"name_s": "/usr/lib64/tcl8.5/Tix8.4.3/ResizeH.tcl", "size_i": "13247", "regex": "false"},
	{"name_s": "/usr/lib64/tcl8.5/Tix8.4.3/SGrid.tcl", "size_i": "5935", "regex": "false"},
	{"name_s": "/usr/lib64/tcl8.5/Tix8.4.3/SHList.tcl", "size_i": "3793", "regex": "false"},
	{"name_s": "/usr/lib64/tcl8.5/Tix8.4.3/SListBox.tcl", "size_i": "7138", "regex": "false"},
	{"name_s": "/usr/lib64/tcl8.5/Tix8.4.3/STList.tcl", "size_i": "2428", "regex": "false"},
	{"name_s": "/usr/lib64/tcl8.5/Tix8.4.3/SText.tcl", "size_i": "3163", "regex": "false"},
	{"name_s": "/usr/lib64/tcl8.5/Tix8.4.3/SWidget.tcl", "size_i": "9748", "regex": "false"},
	{"name_s": "/usr/lib64/tcl8.5/Tix8.4.3/SWindow.tcl", "size_i": "6908", "regex": "false"},
	{"name_s": "/usr/lib64/tcl8.5/Tix8.4.3/Select.tcl", "size_i": "7204", "regex": "false"},
	{"name_s": "/usr/lib64/tcl8.5/Tix8.4.3/Shell.tcl", "size_i": "1082", "regex": "false"},
	{"name_s": "/usr/lib64/tcl8.5/Tix8.4.3/SimpDlg.tcl", "size_i": "1157", "regex": "false"},
	{"name_s": "/usr/lib64/tcl8.5/Tix8.4.3/StackWin.tcl", "size_i": "1992", "regex": "false"},
	{"name_s": "/usr/lib64/tcl8.5/Tix8.4.3/StatBar.tcl", "size_i": "1339", "regex": "false"},
	{"name_s": "/usr/lib64/tcl8.5/Tix8.4.3/StdBBox.tcl", "size_i": "1656", "regex": "false"},
	{"name_s": "/usr/lib64/tcl8.5/Tix8.4.3/StdShell.tcl", "size_i": "1173", "regex": "false"},
	{"name_s": "/usr/lib64/tcl8.5/Tix8.4.3/TList.tcl", "size_i": "18009", "regex": "false"},
	{"name_s": "/usr/lib64/tcl8.5/Tix8.4.3/Tix.tcl", "size_i": "9737", "regex": "false"},
	{"name_s": "/usr/lib64/tcl8.5/Tix8.4.3/Tree.tcl", "size_i": "4679", "regex": "false"},
	{"name_s": "/usr/lib64/tcl8.5/Tix8.4.3/Utils.tcl", "size_i": "10788", "regex": "false"},
	{"name_s": "/usr/lib64/tcl8.5/Tix8.4.3/VResize.tcl", "size_i": "5069", "regex": "false"},
	{"name_s": "/usr/lib64/tcl8.5/Tix8.4.3/VStack.tcl", "size_i": "9651", "regex": "false"},
	{"name_s": "/usr/lib64/tcl8.5/Tix8.4.3/VTree.tcl", "size_i": "4410", "regex": "false"},
	{"name_s": "/usr/lib64/tcl8.5/Tix8.4.3/Variable.tcl", "size_i": "2563", "regex": "false"},
	{"name_s": "/usr/lib64/tcl8.5/Tix8.4.3/WInfo.tcl", "size_i": "965", "regex": "false"},
	{"name_s": "/usr/lib64/tcl8.5/Tix8.4.3/bitmaps", "size_i": "4096", "regex": "false"},
	{"name_s": "/usr/lib64/tcl8.5/Tix8.4.3/bitmaps/act_fold.gif", "size_i": "90", "regex": "false"},
	{"name_s": "/usr/lib64/tcl8.5/Tix8.4.3/bitmaps/act_fold.xbm", "size_i": "221", "regex": "false"},
	{"name_s": "/usr/lib64/tcl8.5/Tix8.4.3/bitmaps/act_fold.xpm", "size_i": "436", "regex": "false"},
	{"name_s": "/usr/lib64/tcl8.5/Tix8.4.3/bitmaps/balarrow.xbm", "size_i": "123", "regex": "false"},
	{"name_s": "/usr/lib64/tcl8.5/Tix8.4.3/bitmaps/cbxarrow.xbm", "size_i": "263", "regex": "false"},
	{"name_s": "/usr/lib64/tcl8.5/Tix8.4.3/bitmaps/ck_def.xbm", "size_i": "254", "regex": "false"},
	{"name_s": "/usr/lib64/tcl8.5/Tix8.4.3/bitmaps/ck_off.xbm", "size_i": "254", "regex": "false"},
	{"name_s": "/usr/lib64/tcl8.5/Tix8.4.3/bitmaps/ck_on.xbm", "size_i": "251", "regex": "false"},
	{"name_s": "/usr/lib64/tcl8.5/Tix8.4.3/bitmaps/cross.xbm", "size_i": "254", "regex": "false"},
	{"name_s": "/usr/lib64/tcl8.5/Tix8.4.3/bitmaps/decr.xbm", "size_i": "99", "regex": "false"},
	{"name_s": "/usr/lib64/tcl8.5/Tix8.4.3/bitmaps/drop.xbm", "size_i": "326", "regex": "false"},
	{"name_s": "/usr/lib64/tcl8.5/Tix8.4.3/bitmaps/file.gif", "size_i": "76", "regex": "false"},
	{"name_s": "/usr/lib64/tcl8.5/Tix8.4.3/bitmaps/file.xbm", "size_i": "233", "regex": "false"},
	{"name_s": "/usr/lib64/tcl8.5/Tix8.4.3/bitmaps/file.xpm", "size_i": "298", "regex": "false"},
	{"name_s": "/usr/lib64/tcl8.5/Tix8.4.3/bitmaps/folder.gif", "size_i": "79", "regex": "false"},
	{"name_s": "/usr/lib64/tcl8.5/Tix8.4.3/bitmaps/folder.xbm", "size_i": "215", "regex": "false"},
	{"name_s": "/usr/lib64/tcl8.5/Tix8.4.3/bitmaps/folder.xpm", "size_i": "418", "regex": "false"},
	{"name_s": "/usr/lib64/tcl8.5/Tix8.4.3/bitmaps/harddisk.xbm", "size_i": "896", "regex": "false"},
	{"name_s": "/usr/lib64/tcl8.5/Tix8.4.3/bitmaps/hourglas.mask", "size_i": "969", "regex": "false"},
	{"name_s": "/usr/lib64/tcl8.5/Tix8.4.3/bitmaps/hourglas.xbm", "size_i": "940", "regex": "false"},
	{"name_s": "/usr/lib64/tcl8.5/Tix8.4.3/bitmaps/incr.xbm", "size_i": "99", "regex": "false"},
	{"name_s": "/usr/lib64/tcl8.5/Tix8.4.3/bitmaps/info.gif", "size_i": "159", "regex": "false"},
	{"name_s": "/usr/lib64/tcl8.5/Tix8.4.3/bitmaps/info.xpm", "size_i": "1258", "regex": "false"},
	{"name_s": "/usr/lib64/tcl8.5/Tix8.4.3/bitmaps/maximize.xbm", "size_i": "284", "regex": "false"},
	{"name_s": "/usr/lib64/tcl8.5/Tix8.4.3/bitmaps/minimize.xbm", "size_i": "284", "regex": "false"},
	{"name_s": "/usr/lib64/tcl8.5/Tix8.4.3/bitmaps/minus.gif", "size_i": "57", "regex": "false"},
	{"name_s": "/usr/lib64/tcl8.5/Tix8.4.3/bitmaps/minus.xbm", "size_i": "198", "regex": "false"},
	{"name_s": "/usr/lib64/tcl8.5/Tix8.4.3/bitmaps/minus.xpm", "size_i": "201", "regex": "false"},
	{"name_s": "/usr/lib64/tcl8.5/Tix8.4.3/bitmaps/minusarm.gif", "size_i": "59", "regex": "false"},
	{"name_s": "/usr/lib64/tcl8.5/Tix8.4.3/bitmaps/minusarm.xbm", "size_i": "207", "regex": "false"},
	{"name_s": "/usr/lib64/tcl8.5/Tix8.4.3/bitmaps/minusarm.xpm", "size_i": "220", "regex": "false"},
	{"name_s": "/usr/lib64/tcl8.5/Tix8.4.3/bitmaps/mktransgif.tcl", "size_i": "249", "regex": "false"},
	{"name_s": "/usr/lib64/tcl8.5/Tix8.4.3/bitmaps/network.xbm", "size_i": "893", "regex": "false"},
	{"name_s": "/usr/lib64/tcl8.5/Tix8.4.3/bitmaps/no_entry.gif", "size_i": "176", "regex": "false"},
	{"name_s": "/usr/lib64/tcl8.5/Tix8.4.3/bitmaps/no_entry.xpm", "size_i": "1274", "regex": "false"},
	{"name_s": "/usr/lib64/tcl8.5/Tix8.4.3/bitmaps/openfile.xbm", "size_i": "221", "regex": "false"},
	{"name_s": "/usr/lib64/tcl8.5/Tix8.4.3/bitmaps/openfold.gif", "size_i": "84", "regex": "false"},
	{"name_s": "/usr/lib64/tcl8.5/Tix8.4.3/bitmaps/openfold.xbm", "size_i": "221", "regex": "false"},
	{"name_s": "/usr/lib64/tcl8.5/Tix8.4.3/bitmaps/openfold.xpm", "size_i": "418", "regex": "false"},
	{"name_s": "/usr/lib64/tcl8.5/Tix8.4.3/bitmaps/plus.gif", "size_i": "58", "regex": "false"},
	{"name_s": "/usr/lib64/tcl8.5/Tix8.4.3/bitmaps/plus.xbm", "size_i": "195", "regex": "false"},
	{"name_s": "/usr/lib64/tcl8.5/Tix8.4.3/bitmaps/plus.xpm", "size_i": "200", "regex": "false"},
	{"name_s": "/usr/lib64/tcl8.5/Tix8.4.3/bitmaps/plusarm.gif", "size_i": "60", "regex": "false"},
	{"name_s": "/usr/lib64/tcl8.5/Tix8.4.3/bitmaps/plusarm.xbm", "size_i": "204", "regex": "false"},
	{"name_s": "/usr/lib64/tcl8.5/Tix8.4.3/bitmaps/plusarm.xpm", "size_i": "212", "regex": "false"},
	{"name_s": "/usr/lib64/tcl8.5/Tix8.4.3/bitmaps/resize1.xbm", "size_i": "305", "regex": "false"},
	{"name_s": "/usr/lib64/tcl8.5/Tix8.4.3/bitmaps/resize2.xbm", "size_i": "305", "regex": "false"},
	{"name_s": "/usr/lib64/tcl8.5/Tix8.4.3/bitmaps/restore.xbm", "size_i": "281", "regex": "false"},
	{"name_s": "/usr/lib64/tcl8.5/Tix8.4.3/bitmaps/srcfile.gif", "size_i": "79", "regex": "false"},
	{"name_s": "/usr/lib64/tcl8.5/Tix8.4.3/bitmaps/srcfile.xbm", "size_i": "242", "regex": "false"},
	{"name_s": "/usr/lib64/tcl8.5/Tix8.4.3/bitmaps/srcfile.xpm", "size_i": "294", "regex": "false"},
	{"name_s": "/usr/lib64/tcl8.5/Tix8.4.3/bitmaps/system.xbm", "size_i": "278", "regex": "false"},
	{"name_s": "/usr/lib64/tcl8.5/Tix8.4.3/bitmaps/textfile.gif", "size_i": "79", "regex": "false"},
	{"name_s": "/usr/lib64/tcl8.5/Tix8.4.3/bitmaps/textfile.xbm", "size_i": "245", "regex": "false"},
	{"name_s": "/usr/lib64/tcl8.5/Tix8.4.3/bitmaps/textfile.xpm", "size_i": "302", "regex": "false"},
	{"name_s": "/usr/lib64/tcl8.5/Tix8.4.3/bitmaps/tick.xbm", "size_i": "251", "regex": "false"},
	{"name_s": "/usr/lib64/tcl8.5/Tix8.4.3/bitmaps/warning.gif", "size_i": "180", "regex": "false"},
	{"name_s": "/usr/lib64/tcl8.5/Tix8.4.3/bitmaps/warning.xpm", "size_i": "1262", "regex": "false"},
	{"name_s": "/usr/lib64/tcl8.5/Tix8.4.3/fs.tcl", "size_i": "3995", "regex": "false"},
	{"name_s": "/usr/lib64/tcl8.5/Tix8.4.3/html", "size_i": "4096", "regex": "false"},
	{"name_s": "/usr/lib64/tcl8.5/Tix8.4.3/libTix.so", "size_i": "12", "regex": "false"},
	{"name_s": "/usr/lib64/tcl8.5/Tix8.4.3/license.terms", "size_i": "2828", "regex": "false"},
	{"name_s": "/usr/lib64/tcl8.5/Tix8.4.3/pkgIndex.tcl", "size_i": "122", "regex": "false"},
	{"name_s": "/usr/lib64/tcl8.5/Tix8.4.3/pref", "size_i": "4096", "regex": "false"},
	{"name_s": "/usr/lib64/tcl8.5/Tix8.4.3/pref/10Point.fs", "size_i": "641", "regex": "false"},
	{"name_s": "/usr/lib64/tcl8.5/Tix8.4.3/pref/10Point.fsc", "size_i": "2046", "regex": "false"},
	{"name_s": "/usr/lib64/tcl8.5/Tix8.4.3/pref/12Point.fs", "size_i": "640", "regex": "false"},
	{"name_s": "/usr/lib64/tcl8.5/Tix8.4.3/pref/12Point.fsc", "size_i": "2045", "regex": "false"},
	{"name_s": "/usr/lib64/tcl8.5/Tix8.4.3/pref/14Point.fs", "size_i": "639", "regex": "false"},
	{"name_s": "/usr/lib64/tcl8.5/Tix8.4.3/pref/14Point.fsc", "size_i": "2105", "regex": "false"},
	{"name_s": "/usr/lib64/tcl8.5/Tix8.4.3/pref/Bisque.cs", "size_i": "1028", "regex": "false"},
	{"name_s": "/usr/lib64/tcl8.5/Tix8.4.3/pref/Bisque.csc", "size_i": "22539", "regex": "false"},
	{"name_s": "/usr/lib64/tcl8.5/Tix8.4.3/pref/Blue.cs", "size_i": "1045", "regex": "false"},
	{"name_s": "/usr/lib64/tcl8.5/Tix8.4.3/pref/Blue.csc", "size_i": "22552", "regex": "false"},
	{"name_s": "/usr/lib64/tcl8.5/Tix8.4.3/pref/Gray.cs", "size_i": "1045", "regex": "false"},
	{"name_s": "/usr/lib64/tcl8.5/Tix8.4.3/pref/Gray.csc", "size_i": "22552", "regex": "false"},
	{"name_s": "/usr/lib64/tcl8.5/Tix8.4.3/pref/Old12Pt.fs", "size_i": "541", "regex": "false"},
	{"name_s": "/usr/lib64/tcl8.5/Tix8.4.3/pref/Old14Pt.fs", "size_i": "499", "regex": "false"},
	{"name_s": "/usr/lib64/tcl8.5/Tix8.4.3/pref/SGIGray.cs", "size_i": "1026", "regex": "false"},
	{"name_s": "/usr/lib64/tcl8.5/Tix8.4.3/pref/SGIGray.csc", "size_i": "22537", "regex": "false"},
	{"name_s": "/usr/lib64/tcl8.5/Tix8.4.3/pref/TK.cs", "size_i": "1024", "regex": "false"},
	{"name_s": "/usr/lib64/tcl8.5/Tix8.4.3/pref/TK.csc", "size_i": "2023", "regex": "false"},
	{"name_s": "/usr/lib64/tcl8.5/Tix8.4.3/pref/TK.fs", "size_i": "506", "regex": "false"},
	{"name_s": "/usr/lib64/tcl8.5/Tix8.4.3/pref/TK.fsc", "size_i": "569", "regex": "false"},
	{"name_s": "/usr/lib64/tcl8.5/Tix8.4.3/pref/TixGray.cs", "size_i": "1026", "regex": "false"},
	{"name_s": "/usr/lib64/tcl8.5/Tix8.4.3/pref/TixGray.csc", "size_i": "22539", "regex": "false"},
	{"name_s": "/usr/lib64/tcl8.5/Tix8.4.3/pref/TkWin.cs", "size_i": "2246", "regex": "false"},
	{"name_s": "/usr/lib64/tcl8.5/Tix8.4.3/pref/TkWin.csc", "size_i": "22302", "regex": "false"},
	{"name_s": "/usr/lib64/tcl8.5/Tix8.4.3/pref/TkWin.fs", "size_i": "390", "regex": "false"},
	{"name_s": "/usr/lib64/tcl8.5/Tix8.4.3/pref/TkWin.fsc", "size_i": "1674", "regex": "false"},
	{"name_s": "/usr/lib64/tcl8.5/Tix8.4.3/pref/WmDefault.cs", "size_i": "1452", "regex": "false"},
	{"name_s": "/usr/lib64/tcl8.5/Tix8.4.3/pref/WmDefault.csc", "size_i": "14566", "regex": "false"},
	{"name_s": "/usr/lib64/tcl8.5/Tix8.4.3/pref/WmDefault.fs", "size_i": "755", "regex": "false"},
	{"name_s": "/usr/lib64/tcl8.5/Tix8.4.3/pref/WmDefault.fsc", "size_i": "2184", "regex": "false"},
	{"name_s": "/usr/lib64/tcl8.5/Tix8.4.3/pref/WmDefault.py", "size_i": "3501", "regex": "false"},
	{"name_s": "/usr/lib64/tcl8.5/Tix8.4.3/pref/WmDefault.tcl", "size_i": "33845", "regex": "false"},
	{"name_s": "/usr/lib64/tcl8.5/Tix8.4.3/pref/WmDefault.txt", "size_i": "4324", "regex": "false"},
	{"name_s": "/usr/lib64/tcl8.5/Tix8.4.3/pref/pkgIndex.tcl", "size_i": "262", "regex": "false"},
	{"name_s": "/usr/lib64/tcl8.5/libTix.so", "size_i": "318272", "regex": "false"},
	{"name_s": "/usr/share/doc/tix-8.4.3", "size_i": "4096", "regex": "false"},
	{"name_s": "/usr/share/doc/tix-8.4.3/ABOUT.html", "size_i": "1821", "regex": "false"},
	{"name_s": "/usr/share/doc/tix-8.4.3/README.txt", "size_i": "987", "regex": "false"},
	{"name_s": "/usr/share/doc/tix-8.4.3/index.html", "size_i": "2793", "regex": "false"},
	{"name_s": "/usr/share/doc/tix-8.4.3/license.terms", "size_i": "2828", "regex": "false"}
]
