[
	{"name_s": "/usr/share/dbus-1/interfaces/org.freedesktop.UDisks.Adapter.xml", "size_i": "5050", "regex": "false"},
	{"name_s": "/usr/share/dbus-1/interfaces/org.freedesktop.UDisks.Device.xml", "size_i": "131969", "regex": "false"},
	{"name_s": "/usr/share/dbus-1/interfaces/org.freedesktop.UDisks.Expander.xml", "size_i": "3690", "regex": "false"},
	{"name_s": "/usr/share/dbus-1/interfaces/org.freedesktop.UDisks.Port.xml", "size_i": "5645", "regex": "false"},
	{"name_s": "/usr/share/dbus-1/interfaces/org.freedesktop.UDisks.xml", "size_i": "45045", "regex": "false"},
	{"name_s": "/usr/share/gtk-doc/html/udisks", "size_i": "4096", "regex": "false"},
	{"name_s": "/usr/share/gtk-doc/html/udisks/Adapter.html", "size_i": "8808", "regex": "false"},
	{"name_s": "/usr/share/gtk-doc/html/udisks/Device.html", "size_i": "200257", "regex": "false"},
	{"name_s": "/usr/share/gtk-doc/html/udisks/Expander.html", "size_i": "8229", "regex": "false"},
	{"name_s": "/usr/share/gtk-doc/html/udisks/Port.html", "size_i": "8833", "regex": "false"},
	{"name_s": "/usr/share/gtk-doc/html/udisks/UDisks.html", "size_i": "66094", "regex": "false"},
	{"name_s": "/usr/share/gtk-doc/html/udisks/home.png", "size_i": "654", "regex": "false"},
	{"name_s": "/usr/share/gtk-doc/html/udisks/index.html", "size_i": "4763", "regex": "false"},
	{"name_s": "/usr/share/gtk-doc/html/udisks/index.sgml", "size_i": "20696", "regex": "false"},
	{"name_s": "/usr/share/gtk-doc/html/udisks/ix01.html", "size_i": "35069", "regex": "false"},
	{"name_s": "/usr/share/gtk-doc/html/udisks/left.png", "size_i": "459", "regex": "false"},
	{"name_s": "/usr/share/gtk-doc/html/udisks/license.html", "size_i": "20119", "regex": "false"},
	{"name_s": "/usr/share/gtk-doc/html/udisks/ref-dbus.html", "size_i": "2822", "regex": "false"},
	{"name_s": "/usr/share/gtk-doc/html/udisks/right.png", "size_i": "472", "regex": "false"},
	{"name_s": "/usr/share/gtk-doc/html/udisks/style.css", "size_i": "2433", "regex": "false"},
	{"name_s": "/usr/share/gtk-doc/html/udisks/tools-fileformats.html", "size_i": "2591", "regex": "false"},
	{"name_s": "/usr/share/gtk-doc/html/udisks/udisks-daemon.8.html", "size_i": "4600", "regex": "false"},
	{"name_s": "/usr/share/gtk-doc/html/udisks/udisks-tcp-bridge.1.html", "size_i": "4166", "regex": "false"},
	{"name_s": "/usr/share/gtk-doc/html/udisks/udisks.1.html", "size_i": "13648", "regex": "false"},
	{"name_s": "/usr/share/gtk-doc/html/udisks/udisks.7.html", "size_i": "12317", "regex": "false"},
	{"name_s": "/usr/share/gtk-doc/html/udisks/udisks.devhelp", "size_i": "24307", "regex": "false"},
	{"name_s": "/usr/share/gtk-doc/html/udisks/udisks.devhelp2", "size_i": "25914", "regex": "false"},
	{"name_s": "/usr/share/gtk-doc/html/udisks/up.png", "size_i": "406", "regex": "false"},
	{"name_s": "/usr/share/pkgconfig/udisks.pc", "size_i": "64", "regex": "false"}
]
