[
	{"name_s": "/usr/include/wireshark", "size_i": "4096", "regex": "false"},
	{"name_s": "/usr/include/wireshark/cfile.h", "size_i": "5900", "regex": "false"},
	{"name_s": "/usr/include/wireshark/color.h", "size_i": "2046", "regex": "false"},
	{"name_s": "/usr/include/wireshark/config-32.h", "size_i": "11236", "regex": "false"},
	{"name_s": "/usr/include/wireshark/config.h", "size_i": "1018", "regex": "false"},
	{"name_s": "/usr/include/wireshark/epan", "size_i": "4096", "regex": "false"},
	{"name_s": "/usr/include/wireshark/epan/addr_and_mask.h", "size_i": "1713", "regex": "false"},
	{"name_s": "/usr/include/wireshark/epan/addr_resolv.h", "size_i": "10912", "regex": "false"},
	{"name_s": "/usr/include/wireshark/epan/address.h", "size_i": "6545", "regex": "false"},
	{"name_s": "/usr/include/wireshark/epan/adler32.h", "size_i": "1300", "regex": "false"},
	{"name_s": "/usr/include/wireshark/epan/afn.h", "size_i": "2789", "regex": "false"},
	{"name_s": "/usr/include/wireshark/epan/aftypes.h", "size_i": "1772", "regex": "false"},
	{"name_s": "/usr/include/wireshark/epan/arcnet_pids.h", "size_i": "2045", "regex": "false"},
	{"name_s": "/usr/include/wireshark/epan/arptypes.h", "size_i": "3271", "regex": "false"},
	{"name_s": "/usr/include/wireshark/epan/asm_utils.h", "size_i": "1387", "regex": "false"},
	{"name_s": "/usr/include/wireshark/epan/asn1.h", "size_i": "5979", "regex": "false"},
	{"name_s": "/usr/include/wireshark/epan/atalk-utils.h", "size_i": "1695", "regex": "false"},
	{"name_s": "/usr/include/wireshark/epan/base64.h", "size_i": "1280", "regex": "false"},
	{"name_s": "/usr/include/wireshark/epan/bitswap.h", "size_i": "1197", "regex": "false"},
	{"name_s": "/usr/include/wireshark/epan/bridged_pids.h", "size_i": "2100", "regex": "false"},
	{"name_s": "/usr/include/wireshark/epan/camel-persistentdata.h", "size_i": "4512", "regex": "false"},
	{"name_s": "/usr/include/wireshark/epan/charsets.h", "size_i": "1312", "regex": "false"},
	{"name_s": "/usr/include/wireshark/epan/chdlctypes.h", "size_i": "1354", "regex": "false"},
	{"name_s": "/usr/include/wireshark/epan/circuit.h", "size_i": "3559", "regex": "false"},
	{"name_s": "/usr/include/wireshark/epan/codecs.h", "size_i": "1720", "regex": "false"},
	{"name_s": "/usr/include/wireshark/epan/column-utils.h", "size_i": "8834", "regex": "false"},
	{"name_s": "/usr/include/wireshark/epan/column.h", "size_i": "2805", "regex": "false"},
	{"name_s": "/usr/include/wireshark/epan/column_info.h", "size_i": "6920", "regex": "false"},
	{"name_s": "/usr/include/wireshark/epan/conv_id.h", "size_i": "2167", "regex": "false"},
	{"name_s": "/usr/include/wireshark/epan/conversation.h", "size_i": "7237", "regex": "false"},
	{"name_s": "/usr/include/wireshark/epan/crc16-tvb.h", "size_i": "3723", "regex": "false"},
	{"name_s": "/usr/include/wireshark/epan/crc32-tvb.h", "size_i": "4448", "regex": "false"},
	{"name_s": "/usr/include/wireshark/epan/crc8-tvb.h", "size_i": "1858", "regex": "false"},
	{"name_s": "/usr/include/wireshark/epan/crypt", "size_i": "4096", "regex": "false"},
	{"name_s": "/usr/include/wireshark/epan/crypt/aes.h", "size_i": "1889", "regex": "false"},
	{"name_s": "/usr/include/wireshark/epan/crypt/airpdcap_debug.h", "size_i": "4054", "regex": "false"},
	{"name_s": "/usr/include/wireshark/epan/crypt/airpdcap_int.h", "size_i": "5873", "regex": "false"},
	{"name_s": "/usr/include/wireshark/epan/crypt/airpdcap_interop.h", "size_i": "2682", "regex": "false"},
	{"name_s": "/usr/include/wireshark/epan/crypt/airpdcap_rijndael.h", "size_i": "2375", "regex": "false"},
	{"name_s": "/usr/include/wireshark/epan/crypt/airpdcap_system.h", "size_i": "12656", "regex": "false"},
	{"name_s": "/usr/include/wireshark/epan/crypt/airpdcap_user.h", "size_i": "8495", "regex": "false"},
	{"name_s": "/usr/include/wireshark/epan/crypt/airpdcap_ws.h", "size_i": "2086", "regex": "false"},
	{"name_s": "/usr/include/wireshark/epan/crypt/des.h", "size_i": "1027", "regex": "false"},
	{"name_s": "/usr/include/wireshark/epan/crypt/eax.h", "size_i": "2040", "regex": "false"},
	{"name_s": "/usr/include/wireshark/epan/crypt/md4.h", "size_i": "989", "regex": "false"},
	{"name_s": "/usr/include/wireshark/epan/crypt/md5.h", "size_i": "1905", "regex": "false"},
	{"name_s": "/usr/include/wireshark/epan/crypt/rc4.h", "size_i": "1238", "regex": "false"},
	{"name_s": "/usr/include/wireshark/epan/crypt/sha1.h", "size_i": "1536", "regex": "false"},
	{"name_s": "/usr/include/wireshark/epan/crypt/wep-wpadefs.h", "size_i": "3675", "regex": "false"},
	{"name_s": "/usr/include/wireshark/epan/dfilter", "size_i": "4096", "regex": "false"},
	{"name_s": "/usr/include/wireshark/epan/dfilter/dfilter-int.h", "size_i": "2207", "regex": "false"},
	{"name_s": "/usr/include/wireshark/epan/dfilter/dfilter-macro.h", "size_i": "2094", "regex": "false"},
	{"name_s": "/usr/include/wireshark/epan/dfilter/dfilter.h", "size_i": "2729", "regex": "false"},
	{"name_s": "/usr/include/wireshark/epan/dfilter/dfunctions.h", "size_i": "1937", "regex": "false"},
	{"name_s": "/usr/include/wireshark/epan/dfilter/dfvm.h", "size_i": "2070", "regex": "false"},
	{"name_s": "/usr/include/wireshark/epan/dfilter/drange.h", "size_i": "3322", "regex": "false"},
	{"name_s": "/usr/include/wireshark/epan/dfilter/gencode.h", "size_i": "1059", "regex": "false"},
	{"name_s": "/usr/include/wireshark/epan/dfilter/grammar.h", "size_i": "1152", "regex": "false"},
	{"name_s": "/usr/include/wireshark/epan/dfilter/scanner_lex.h", "size_i": "140", "regex": "false"},
	{"name_s": "/usr/include/wireshark/epan/dfilter/semcheck.h", "size_i": "984", "regex": "false"},
	{"name_s": "/usr/include/wireshark/epan/dfilter/sttype-function.h", "size_i": "1408", "regex": "false"},
	{"name_s": "/usr/include/wireshark/epan/dfilter/sttype-range.h", "size_i": "1413", "regex": "false"},
	{"name_s": "/usr/include/wireshark/epan/dfilter/sttype-test.h", "size_i": "1527", "regex": "false"},
	{"name_s": "/usr/include/wireshark/epan/dfilter/syntax-tree.h", "size_i": "3206", "regex": "false"},
	{"name_s": "/usr/include/wireshark/epan/diam_dict.h", "size_i": "2273", "regex": "false"},
	{"name_s": "/usr/include/wireshark/epan/diam_dict_lex.h", "size_i": "145", "regex": "false"},
	{"name_s": "/usr/include/wireshark/epan/dissector_filters.h", "size_i": "2015", "regex": "false"},
	{"name_s": "/usr/include/wireshark/epan/dissectors", "size_i": "20480", "regex": "false"},
	{"name_s": "/usr/include/wireshark/epan/dissectors/packet-acp133.h", "size_i": "1631", "regex": "false"},
	{"name_s": "/usr/include/wireshark/epan/dissectors/packet-acse.h", "size_i": "2979", "regex": "false"},
	{"name_s": "/usr/include/wireshark/epan/dissectors/packet-actrace.h", "size_i": "1327", "regex": "false"},
	{"name_s": "/usr/include/wireshark/epan/dissectors/packet-afp.h", "size_i": "6296", "regex": "false"},
	{"name_s": "/usr/include/wireshark/epan/dissectors/packet-aim.h", "size_i": "3999", "regex": "false"},
	{"name_s": "/usr/include/wireshark/epan/dissectors/packet-alcap.h", "size_i": "1724", "regex": "false"},
	{"name_s": "/usr/include/wireshark/epan/dissectors/packet-ansi_a.h", "size_i": "2670", "regex": "false"},
	{"name_s": "/usr/include/wireshark/epan/dissectors/packet-ansi_map.h", "size_i": "2019", "regex": "false"},
	{"name_s": "/usr/include/wireshark/epan/dissectors/packet-ansi_tcap.h", "size_i": "2454", "regex": "false"},
	{"name_s": "/usr/include/wireshark/epan/dissectors/packet-ap1394.h", "size_i": "1052", "regex": "false"},
	{"name_s": "/usr/include/wireshark/epan/dissectors/packet-arcnet.h", "size_i": "1068", "regex": "false"},
	{"name_s": "/usr/include/wireshark/epan/dissectors/packet-arp.h", "size_i": "1308", "regex": "false"},
	{"name_s": "/usr/include/wireshark/epan/dissectors/packet-atalk.h", "size_i": "977", "regex": "false"},
	{"name_s": "/usr/include/wireshark/epan/dissectors/packet-atm.h", "size_i": "1223", "regex": "false"},
	{"name_s": "/usr/include/wireshark/epan/dissectors/packet-bacapp.h", "size_i": "1333", "regex": "false"},
	{"name_s": "/usr/include/wireshark/epan/dissectors/packet-ber.h", "size_i": "13455", "regex": "false"},
	{"name_s": "/usr/include/wireshark/epan/dissectors/packet-bfd.h", "size_i": "1102", "regex": "false"},
	{"name_s": "/usr/include/wireshark/epan/dissectors/packet-bssap.h", "size_i": "1335", "regex": "false"},
	{"name_s": "/usr/include/wireshark/epan/dissectors/packet-bssgp.h", "size_i": "1830", "regex": "false"},
	{"name_s": "/usr/include/wireshark/epan/dissectors/packet-bthci_acl.h", "size_i": "1103", "regex": "false"},
	{"name_s": "/usr/include/wireshark/epan/dissectors/packet-btl2cap.h", "size_i": "1923", "regex": "false"},
	{"name_s": "/usr/include/wireshark/epan/dissectors/packet-btrfcomm.h", "size_i": "1304", "regex": "false"},
	{"name_s": "/usr/include/wireshark/epan/dissectors/packet-btsdp.h", "size_i": "3641", "regex": "false"},
	{"name_s": "/usr/include/wireshark/epan/dissectors/packet-c1222.h", "size_i": "1576", "regex": "false"},
	{"name_s": "/usr/include/wireshark/epan/dissectors/packet-camel.h", "size_i": "2471", "regex": "false"},
	{"name_s": "/usr/include/wireshark/epan/dissectors/packet-cdt.h", "size_i": "1992", "regex": "false"},
	{"name_s": "/usr/include/wireshark/epan/dissectors/packet-cell_broadcast.h", "size_i": "1845", "regex": "false"},
	{"name_s": "/usr/include/wireshark/epan/dissectors/packet-charging_ase.h", "size_i": "2213", "regex": "false"},
	{"name_s": "/usr/include/wireshark/epan/dissectors/packet-chdlc.h", "size_i": "1410", "regex": "false"},
	{"name_s": "/usr/include/wireshark/epan/dissectors/packet-cip.h", "size_i": "10915", "regex": "false"},
	{"name_s": "/usr/include/wireshark/epan/dissectors/packet-cipsafety.h", "size_i": "2649", "regex": "false"},
	{"name_s": "/usr/include/wireshark/epan/dissectors/packet-clearcase.h", "size_i": "1054", "regex": "false"},
	{"name_s": "/usr/include/wireshark/epan/dissectors/packet-clip.h", "size_i": "1037", "regex": "false"},
	{"name_s": "/usr/include/wireshark/epan/dissectors/packet-cmip.h", "size_i": "4190", "regex": "false"},
	{"name_s": "/usr/include/wireshark/epan/dissectors/packet-cmp.h", "size_i": "7850", "regex": "false"},
	{"name_s": "/usr/include/wireshark/epan/dissectors/packet-cms.h", "size_i": "4376", "regex": "false"},
	{"name_s": "/usr/include/wireshark/epan/dissectors/packet-credssp.h", "size_i": "1870", "regex": "false"},
	{"name_s": "/usr/include/wireshark/epan/dissectors/packet-crmf.h", "size_i": "6692", "regex": "false"},
	{"name_s": "/usr/include/wireshark/epan/dissectors/packet-csn1.h", "size_i": "34895", "regex": "false"},
	{"name_s": "/usr/include/wireshark/epan/dissectors/packet-dap.h", "size_i": "9321", "regex": "false"},
	{"name_s": "/usr/include/wireshark/epan/dissectors/packet-data.h", "size_i": "1126", "regex": "false"},
	{"name_s": "/usr/include/wireshark/epan/dissectors/packet-dcc.h", "size_i": "14632", "regex": "false"},
	{"name_s": "/usr/include/wireshark/epan/dissectors/packet-dccp.h", "size_i": "2363", "regex": "false"},
	{"name_s": "/usr/include/wireshark/epan/dissectors/packet-dcerpc-atsvc.h", "size_i": "1561", "regex": "false"},
	{"name_s": "/usr/include/wireshark/epan/dissectors/packet-dcerpc-browser.h", "size_i": "1674", "regex": "false"},
	{"name_s": "/usr/include/wireshark/epan/dissectors/packet-dcerpc-budb.h", "size_i": "4975", "regex": "false"},
	{"name_s": "/usr/include/wireshark/epan/dissectors/packet-dcerpc-butc.h", "size_i": "3819", "regex": "false"},
	{"name_s": "/usr/include/wireshark/epan/dissectors/packet-dcerpc-dce122.h", "size_i": "1221", "regex": "false"},
	{"name_s": "/usr/include/wireshark/epan/dissectors/packet-dcerpc-dcom.h", "size_i": "2455", "regex": "false"},
	{"name_s": "/usr/include/wireshark/epan/dissectors/packet-dcerpc-dfs.h", "size_i": "7402", "regex": "false"},
	{"name_s": "/usr/include/wireshark/epan/dissectors/packet-dcerpc-dnsserver.h", "size_i": "7572", "regex": "false"},
	{"name_s": "/usr/include/wireshark/epan/dissectors/packet-dcerpc-drsuapi.h", "size_i": "14524", "regex": "false"},
	{"name_s": "/usr/include/wireshark/epan/dissectors/packet-dcerpc-dssetup.h", "size_i": "2784", "regex": "false"},
	{"name_s": "/usr/include/wireshark/epan/dissectors/packet-dcerpc-efs.h", "size_i": "1452", "regex": "false"},
	{"name_s": "/usr/include/wireshark/epan/dissectors/packet-dcerpc-eventlog.h", "size_i": "1446", "regex": "false"},
	{"name_s": "/usr/include/wireshark/epan/dissectors/packet-dcerpc-frsapi.h", "size_i": "1616", "regex": "false"},
	{"name_s": "/usr/include/wireshark/epan/dissectors/packet-dcerpc-frsrpc.h", "size_i": "9950", "regex": "false"},
	{"name_s": "/usr/include/wireshark/epan/dissectors/packet-dcerpc-frstrans.h", "size_i": "6248", "regex": "false"},
	{"name_s": "/usr/include/wireshark/epan/dissectors/packet-dcerpc-initshutdown.h", "size_i": "922", "regex": "false"},
	{"name_s": "/usr/include/wireshark/epan/dissectors/packet-dcerpc-lsa.h", "size_i": "18106", "regex": "false"},
	{"name_s": "/usr/include/wireshark/epan/dissectors/packet-dcerpc-mapi.h", "size_i": "177988", "regex": "false"},
	{"name_s": "/usr/include/wireshark/epan/dissectors/packet-dcerpc-misc.h", "size_i": "2169", "regex": "false"},
	{"name_s": "/usr/include/wireshark/epan/dissectors/packet-dcerpc-netlogon.h", "size_i": "3777", "regex": "false"},
	{"name_s": "/usr/include/wireshark/epan/dissectors/packet-dcerpc-nspi.h", "size_i": "174204", "regex": "false"},
	{"name_s": "/usr/include/wireshark/epan/dissectors/packet-dcerpc-nt.h", "size_i": "8963", "regex": "false"},
	{"name_s": "/usr/include/wireshark/epan/dissectors/packet-dcerpc-pnp.h", "size_i": "4046", "regex": "false"},
	{"name_s": "/usr/include/wireshark/epan/dissectors/packet-dcerpc-rfr.h", "size_i": "3680", "regex": "false"},
	{"name_s": "/usr/include/wireshark/epan/dissectors/packet-dcerpc-rras.h", "size_i": "2807", "regex": "false"},
	{"name_s": "/usr/include/wireshark/epan/dissectors/packet-dcerpc-samr.h", "size_i": "21309", "regex": "false"},
	{"name_s": "/usr/include/wireshark/epan/dissectors/packet-dcerpc-spoolss.h", "size_i": "21139", "regex": "false"},
	{"name_s": "/usr/include/wireshark/epan/dissectors/packet-dcerpc-srvsvc.h", "size_i": "23835", "regex": "false"},
	{"name_s": "/usr/include/wireshark/epan/dissectors/packet-dcerpc-svcctl.h", "size_i": "2942", "regex": "false"},
	{"name_s": "/usr/include/wireshark/epan/dissectors/packet-dcerpc-tapi.h", "size_i": "1183", "regex": "false"},
	{"name_s": "/usr/include/wireshark/epan/dissectors/packet-dcerpc-winreg.h", "size_i": "2670", "regex": "false"},
	{"name_s": "/usr/include/wireshark/epan/dissectors/packet-dcerpc-wkssvc.h", "size_i": "12788", "regex": "false"},
	{"name_s": "/usr/include/wireshark/epan/dissectors/packet-dcerpc-wzcsvc.h", "size_i": "516", "regex": "false"},
	{"name_s": "/usr/include/wireshark/epan/dissectors/packet-dcerpc.h", "size_i": "19255", "regex": "false"},
	{"name_s": "/usr/include/wireshark/epan/dissectors/packet-dcm.h", "size_i": "1299", "regex": "false"},
	{"name_s": "/usr/include/wireshark/epan/dissectors/packet-dcom-dispatch.h", "size_i": "2037", "regex": "false"},
	{"name_s": "/usr/include/wireshark/epan/dissectors/packet-dcom.h", "size_i": "7840", "regex": "false"},
	{"name_s": "/usr/include/wireshark/epan/dissectors/packet-ddtp.h", "size_i": "1635", "regex": "false"},
	{"name_s": "/usr/include/wireshark/epan/dissectors/packet-diameter.h", "size_i": "1452", "regex": "false"},
	{"name_s": "/usr/include/wireshark/epan/dissectors/packet-diffserv-mpls-common.h", "size_i": "1827", "regex": "false"},
	{"name_s": "/usr/include/wireshark/epan/dissectors/packet-dis-enums.h", "size_i": "86055", "regex": "false"},
	{"name_s": "/usr/include/wireshark/epan/dissectors/packet-dis-fields.h", "size_i": "12802", "regex": "false"},
	{"name_s": "/usr/include/wireshark/epan/dissectors/packet-dis-pdus.h", "size_i": "4082", "regex": "false"},
	{"name_s": "/usr/include/wireshark/epan/dissectors/packet-disp.h", "size_i": "1877", "regex": "false"},
	{"name_s": "/usr/include/wireshark/epan/dissectors/packet-dns.h", "size_i": "1395", "regex": "false"},
	{"name_s": "/usr/include/wireshark/epan/dissectors/packet-dop.h", "size_i": "2186", "regex": "false"},
	{"name_s": "/usr/include/wireshark/epan/dissectors/packet-dsp.h", "size_i": "2881", "regex": "false"},
	{"name_s": "/usr/include/wireshark/epan/dissectors/packet-dtn.h", "size_i": "6173", "regex": "false"},
	{"name_s": "/usr/include/wireshark/epan/dissectors/packet-dvmrp.h", "size_i": "1178", "regex": "false"},
	{"name_s": "/usr/include/wireshark/epan/dissectors/packet-e164.h", "size_i": "1723", "regex": "false"},
	{"name_s": "/usr/include/wireshark/epan/dissectors/packet-e212.h", "size_i": "1495", "regex": "false"},
	{"name_s": "/usr/include/wireshark/epan/dissectors/packet-edonkey.h", "size_i": "20729", "regex": "false"},
	{"name_s": "/usr/include/wireshark/epan/dissectors/packet-enc.h", "size_i": "1032", "regex": "false"},
	{"name_s": "/usr/include/wireshark/epan/dissectors/packet-enip.h", "size_i": "3022", "regex": "false"},
	{"name_s": "/usr/include/wireshark/epan/dissectors/packet-epmd.h", "size_i": "970", "regex": "false"},
	{"name_s": "/usr/include/wireshark/epan/dissectors/packet-esis.h", "size_i": "2156", "regex": "false"},
	{"name_s": "/usr/include/wireshark/epan/dissectors/packet-ess.h", "size_i": "1874", "regex": "false"},
	{"name_s": "/usr/include/wireshark/epan/dissectors/packet-eth.h", "size_i": "1278", "regex": "false"},
	{"name_s": "/usr/include/wireshark/epan/dissectors/packet-fc.h", "size_i": "4995", "regex": "false"},
	{"name_s": "/usr/include/wireshark/epan/dissectors/packet-fcbls.h", "size_i": "2498", "regex": "false"},
	{"name_s": "/usr/include/wireshark/epan/dissectors/packet-fcct.h", "size_i": "3284", "regex": "false"},
	{"name_s": "/usr/include/wireshark/epan/dissectors/packet-fcdns.h", "size_i": "7857", "regex": "false"},
	{"name_s": "/usr/include/wireshark/epan/dissectors/packet-fcels.h", "size_i": "12847", "regex": "false"},
	{"name_s": "/usr/include/wireshark/epan/dissectors/packet-fcfcs.h", "size_i": "8223", "regex": "false"},
	{"name_s": "/usr/include/wireshark/epan/dissectors/packet-fcfzs.h", "size_i": "4707", "regex": "false"},
	{"name_s": "/usr/include/wireshark/epan/dissectors/packet-fclctl.h", "size_i": "3717", "regex": "false"},
	{"name_s": "/usr/include/wireshark/epan/dissectors/packet-fcp.h", "size_i": "1209", "regex": "false"},
	{"name_s": "/usr/include/wireshark/epan/dissectors/packet-fcsb3.h", "size_i": "2717", "regex": "false"},
	{"name_s": "/usr/include/wireshark/epan/dissectors/packet-fcswils.h", "size_i": "5607", "regex": "false"},
	{"name_s": "/usr/include/wireshark/epan/dissectors/packet-fddi.h", "size_i": "1118", "regex": "false"},
	{"name_s": "/usr/include/wireshark/epan/dissectors/packet-ff.h", "size_i": "27612", "regex": "false"},
	{"name_s": "/usr/include/wireshark/epan/dissectors/packet-fix.h", "size_i": "293036", "regex": "false"},
	{"name_s": "/usr/include/wireshark/epan/dissectors/packet-fmp.h", "size_i": "4091", "regex": "false"},
	{"name_s": "/usr/include/wireshark/epan/dissectors/packet-fr.h", "size_i": "1032", "regex": "false"},
	{"name_s": "/usr/include/wireshark/epan/dissectors/packet-frame.h", "size_i": "2164", "regex": "false"},
	{"name_s": "/usr/include/wireshark/epan/dissectors/packet-ftam.h", "size_i": "3751", "regex": "false"},
	{"name_s": "/usr/include/wireshark/epan/dissectors/packet-giop.h", "size_i": "17589", "regex": "false"},
	{"name_s": "/usr/include/wireshark/epan/dissectors/packet-gluster.h", "size_i": "10448", "regex": "false"},
	{"name_s": "/usr/include/wireshark/epan/dissectors/packet-gmr1_common.h", "size_i": "2979", "regex": "false"},
	{"name_s": "/usr/include/wireshark/epan/dissectors/packet-gnm.h", "size_i": "1650", "regex": "false"},
	{"name_s": "/usr/include/wireshark/epan/dissectors/packet-gnutella.h", "size_i": "3047", "regex": "false"},
	{"name_s": "/usr/include/wireshark/epan/dissectors/packet-gprscdr.h", "size_i": "2187", "regex": "false"},
	{"name_s": "/usr/include/wireshark/epan/dissectors/packet-gre.h", "size_i": "1063", "regex": "false"},
	{"name_s": "/usr/include/wireshark/epan/dissectors/packet-gsm_a_common.h", "size_i": "71113", "regex": "false"},
	{"name_s": "/usr/include/wireshark/epan/dissectors/packet-gsm_map.h", "size_i": "22129", "regex": "false"},
	{"name_s": "/usr/include/wireshark/epan/dissectors/packet-gsm_rlcmac.h", "size_i": "119647", "regex": "false"},
	{"name_s": "/usr/include/wireshark/epan/dissectors/packet-gsm_sms.h", "size_i": "2020", "regex": "false"},
	{"name_s": "/usr/include/wireshark/epan/dissectors/packet-gssapi.h", "size_i": "1875", "regex": "false"},
	{"name_s": "/usr/include/wireshark/epan/dissectors/packet-gtp.h", "size_i": "5332", "regex": "false"},
	{"name_s": "/usr/include/wireshark/epan/dissectors/packet-gtpv2.h", "size_i": "1673", "regex": "false"},
	{"name_s": "/usr/include/wireshark/epan/dissectors/packet-h223.h", "size_i": "1150", "regex": "false"},
	{"name_s": "/usr/include/wireshark/epan/dissectors/packet-h225.h", "size_i": "9220", "regex": "false"},
	{"name_s": "/usr/include/wireshark/epan/dissectors/packet-h235.h", "size_i": "2854", "regex": "false"},
	{"name_s": "/usr/include/wireshark/epan/dissectors/packet-h245.h", "size_i": "5711", "regex": "false"},
	{"name_s": "/usr/include/wireshark/epan/dissectors/packet-h248.h", "size_i": "4371", "regex": "false"},
	{"name_s": "/usr/include/wireshark/epan/dissectors/packet-h263.h", "size_i": "1858", "regex": "false"},
	{"name_s": "/usr/include/wireshark/epan/dissectors/packet-h264.h", "size_i": "1331", "regex": "false"},
	{"name_s": "/usr/include/wireshark/epan/dissectors/packet-h323.h", "size_i": "2400", "regex": "false"},
	{"name_s": "/usr/include/wireshark/epan/dissectors/packet-h450-ros.h", "size_i": "2004", "regex": "false"},
	{"name_s": "/usr/include/wireshark/epan/dissectors/packet-hci_h4.h", "size_i": "1900", "regex": "false"},
	{"name_s": "/usr/include/wireshark/epan/dissectors/packet-hclnfsd.h", "size_i": "1655", "regex": "false"},
	{"name_s": "/usr/include/wireshark/epan/dissectors/packet-hdcp.h", "size_i": "1422", "regex": "false"},
	{"name_s": "/usr/include/wireshark/epan/dissectors/packet-hpext.h", "size_i": "1124", "regex": "false"},
	{"name_s": "/usr/include/wireshark/epan/dissectors/packet-http.h", "size_i": "1813", "regex": "false"},
	{"name_s": "/usr/include/wireshark/epan/dissectors/packet-i2c.h", "size_i": "1037", "regex": "false"},
	{"name_s": "/usr/include/wireshark/epan/dissectors/packet-iax2.h", "size_i": "11415", "regex": "false"},
	{"name_s": "/usr/include/wireshark/epan/dissectors/packet-icmp.h", "size_i": "1272", "regex": "false"},
	{"name_s": "/usr/include/wireshark/epan/dissectors/packet-idmp.h", "size_i": "1733", "regex": "false"},
	{"name_s": "/usr/include/wireshark/epan/dissectors/packet-idp.h", "size_i": "1218", "regex": "false"},
	{"name_s": "/usr/include/wireshark/epan/dissectors/packet-ieee80211-radiotap-defs.h", "size_i": "10164", "regex": "false"},
	{"name_s": "/usr/include/wireshark/epan/dissectors/packet-ieee80211-radiotap-iter.h", "size_i": "3511", "regex": "false"},
	{"name_s": "/usr/include/wireshark/epan/dissectors/packet-ieee80211-radiotap.h", "size_i": "1346", "regex": "false"},
	{"name_s": "/usr/include/wireshark/epan/dissectors/packet-ieee80211.h", "size_i": "2285", "regex": "false"},
	{"name_s": "/usr/include/wireshark/epan/dissectors/packet-ieee802154.h", "size_i": "9460", "regex": "false"},
	{"name_s": "/usr/include/wireshark/epan/dissectors/packet-ieee8021ah.h", "size_i": "1159", "regex": "false"},
	{"name_s": "/usr/include/wireshark/epan/dissectors/packet-ieee8023.h", "size_i": "1298", "regex": "false"},
	{"name_s": "/usr/include/wireshark/epan/dissectors/packet-ieee802a.h", "size_i": "1108", "regex": "false"},
	{"name_s": "/usr/include/wireshark/epan/dissectors/packet-igap.h", "size_i": "1257", "regex": "false"},
	{"name_s": "/usr/include/wireshark/epan/dissectors/packet-igmp.h", "size_i": "1204", "regex": "false"},
	{"name_s": "/usr/include/wireshark/epan/dissectors/packet-imf.h", "size_i": "1339", "regex": "false"},
	{"name_s": "/usr/include/wireshark/epan/dissectors/packet-inap.h", "size_i": "3951", "regex": "false"},
	{"name_s": "/usr/include/wireshark/epan/dissectors/packet-infiniband.h", "size_i": "1489", "regex": "false"},
	{"name_s": "/usr/include/wireshark/epan/dissectors/packet-ip.h", "size_i": "1570", "regex": "false"},
	{"name_s": "/usr/include/wireshark/epan/dissectors/packet-ipfc.h", "size_i": "1037", "regex": "false"},
	{"name_s": "/usr/include/wireshark/epan/dissectors/packet-ipmi.h", "size_i": "6809", "regex": "false"},
	{"name_s": "/usr/include/wireshark/epan/dissectors/packet-ipsec.h", "size_i": "1122", "regex": "false"},
	{"name_s": "/usr/include/wireshark/epan/dissectors/packet-ipv6.h", "size_i": "6916", "regex": "false"},
	{"name_s": "/usr/include/wireshark/epan/dissectors/packet-ipx.h", "size_i": "5664", "regex": "false"},
	{"name_s": "/usr/include/wireshark/epan/dissectors/packet-isakmp.h", "size_i": "1538", "regex": "false"},
	{"name_s": "/usr/include/wireshark/epan/dissectors/packet-isis-clv.h", "size_i": "6226", "regex": "false"},
	{"name_s": "/usr/include/wireshark/epan/dissectors/packet-isis-hello.h", "size_i": "2136", "regex": "false"},
	{"name_s": "/usr/include/wireshark/epan/dissectors/packet-isis-lsp.h", "size_i": "3232", "regex": "false"},
	{"name_s": "/usr/include/wireshark/epan/dissectors/packet-isis-snp.h", "size_i": "1617", "regex": "false"},
	{"name_s": "/usr/include/wireshark/epan/dissectors/packet-isis.h", "size_i": "1803", "regex": "false"},
	{"name_s": "/usr/include/wireshark/epan/dissectors/packet-isl.h", "size_i": "1126", "regex": "false"},
	{"name_s": "/usr/include/wireshark/epan/dissectors/packet-isup.h", "size_i": "8797", "regex": "false"},
	{"name_s": "/usr/include/wireshark/epan/dissectors/packet-jxta.h", "size_i": "1612", "regex": "false"},
	{"name_s": "/usr/include/wireshark/epan/dissectors/packet-kerberos.h", "size_i": "3023", "regex": "false"},
	{"name_s": "/usr/include/wireshark/epan/dissectors/packet-klm.h", "size_i": "1143", "regex": "false"},
	{"name_s": "/usr/include/wireshark/epan/dissectors/packet-lcsap.h", "size_i": "2046", "regex": "false"},
	{"name_s": "/usr/include/wireshark/epan/dissectors/packet-ldap.h", "size_i": "4229", "regex": "false"},
	{"name_s": "/usr/include/wireshark/epan/dissectors/packet-ldp.h", "size_i": "1182", "regex": "false"},
	{"name_s": "/usr/include/wireshark/epan/dissectors/packet-llc.h", "size_i": "1741", "regex": "false"},
	{"name_s": "/usr/include/wireshark/epan/dissectors/packet-lldp.h", "size_i": "2747", "regex": "false"},
	{"name_s": "/usr/include/wireshark/epan/dissectors/packet-logotypecertextn.h", "size_i": "1742", "regex": "false"},
	{"name_s": "/usr/include/wireshark/epan/dissectors/packet-lpp.h", "size_i": "2140", "regex": "false"},
	{"name_s": "/usr/include/wireshark/epan/dissectors/packet-lte-rrc.h", "size_i": "2867", "regex": "false"},
	{"name_s": "/usr/include/wireshark/epan/dissectors/packet-mac-lte.h", "size_i": "9731", "regex": "false"},
	{"name_s": "/usr/include/wireshark/epan/dissectors/packet-mbtcp.h", "size_i": "3341", "regex": "false"},
	{"name_s": "/usr/include/wireshark/epan/dissectors/packet-mgcp.h", "size_i": "1883", "regex": "false"},
	{"name_s": "/usr/include/wireshark/epan/dissectors/packet-mms.h", "size_i": "1878", "regex": "false"},
	{"name_s": "/usr/include/wireshark/epan/dissectors/packet-mount.h", "size_i": "1320", "regex": "false"},
	{"name_s": "/usr/include/wireshark/epan/dissectors/packet-mp4ves.h", "size_i": "1209", "regex": "false"},
	{"name_s": "/usr/include/wireshark/epan/dissectors/packet-mpeg-descriptor.h", "size_i": "1254", "regex": "false"},
	{"name_s": "/usr/include/wireshark/epan/dissectors/packet-mpeg-sect.h", "size_i": "2385", "regex": "false"},
	{"name_s": "/usr/include/wireshark/epan/dissectors/packet-mpls.h", "size_i": "2479", "regex": "false"},
	{"name_s": "/usr/include/wireshark/epan/dissectors/packet-mq.h", "size_i": "1220", "regex": "false"},
	{"name_s": "/usr/include/wireshark/epan/dissectors/packet-mrdisc.h", "size_i": "1184", "regex": "false"},
	{"name_s": "/usr/include/wireshark/epan/dissectors/packet-msnip.h", "size_i": "1178", "regex": "false"},
	{"name_s": "/usr/include/wireshark/epan/dissectors/packet-msrp.h", "size_i": "1389", "regex": "false"},
	{"name_s": "/usr/include/wireshark/epan/dissectors/packet-mstp.h", "size_i": "1653", "regex": "false"},
	{"name_s": "/usr/include/wireshark/epan/dissectors/packet-mtp3.h", "size_i": "3581", "regex": "false"},
	{"name_s": "/usr/include/wireshark/epan/dissectors/packet-ncp-int.h", "size_i": "4528", "regex": "false"},
	{"name_s": "/usr/include/wireshark/epan/dissectors/packet-ncp-nmas.h", "size_i": "1408", "regex": "false"},
	{"name_s": "/usr/include/wireshark/epan/dissectors/packet-ncp-sss.h", "size_i": "1375", "regex": "false"},
	{"name_s": "/usr/include/wireshark/epan/dissectors/packet-ndmp.h", "size_i": "1098", "regex": "false"},
	{"name_s": "/usr/include/wireshark/epan/dissectors/packet-ndps.h", "size_i": "102276", "regex": "false"},
	{"name_s": "/usr/include/wireshark/epan/dissectors/packet-netbios.h", "size_i": "1712", "regex": "false"},
	{"name_s": "/usr/include/wireshark/epan/dissectors/packet-nfs.h", "size_i": "7110", "regex": "false"},
	{"name_s": "/usr/include/wireshark/epan/dissectors/packet-nhrp.h", "size_i": "1065", "regex": "false"},
	{"name_s": "/usr/include/wireshark/epan/dissectors/packet-nisplus.h", "size_i": "1799", "regex": "false"},
	{"name_s": "/usr/include/wireshark/epan/dissectors/packet-nlm.h", "size_i": "1666", "regex": "false"},
	{"name_s": "/usr/include/wireshark/epan/dissectors/packet-ntlmssp.h", "size_i": "1411", "regex": "false"},
	{"name_s": "/usr/include/wireshark/epan/dissectors/packet-ntp.h", "size_i": "1168", "regex": "false"},
	{"name_s": "/usr/include/wireshark/epan/dissectors/packet-null.h", "size_i": "1037", "regex": "false"},
	{"name_s": "/usr/include/wireshark/epan/dissectors/packet-ocsp.h", "size_i": "1738", "regex": "false"},
	{"name_s": "/usr/include/wireshark/epan/dissectors/packet-osi-options.h", "size_i": "1301", "regex": "false"},
	{"name_s": "/usr/include/wireshark/epan/dissectors/packet-osi.h", "size_i": "2966", "regex": "false"},
	{"name_s": "/usr/include/wireshark/epan/dissectors/packet-p1.h", "size_i": "16008", "regex": "false"},
	{"name_s": "/usr/include/wireshark/epan/dissectors/packet-p22.h", "size_i": "3631", "regex": "false"},
	{"name_s": "/usr/include/wireshark/epan/dissectors/packet-p7.h", "size_i": "2119", "regex": "false"},
	{"name_s": "/usr/include/wireshark/epan/dissectors/packet-p772.h", "size_i": "1802", "regex": "false"},
	{"name_s": "/usr/include/wireshark/epan/dissectors/packet-pcnfsd.h", "size_i": "1010", "regex": "false"},
	{"name_s": "/usr/include/wireshark/epan/dissectors/packet-pdcp-lte.h", "size_i": "5167", "regex": "false"},
	{"name_s": "/usr/include/wireshark/epan/dissectors/packet-per.h", "size_i": "8423", "regex": "false"},
	{"name_s": "/usr/include/wireshark/epan/dissectors/packet-pim.h", "size_i": "1129", "regex": "false"},
	{"name_s": "/usr/include/wireshark/epan/dissectors/packet-pkcs1.h", "size_i": "2206", "regex": "false"},
	{"name_s": "/usr/include/wireshark/epan/dissectors/packet-pkcs12.h", "size_i": "1712", "regex": "false"},
	{"name_s": "/usr/include/wireshark/epan/dissectors/packet-pkinit.h", "size_i": "2301", "regex": "false"},
	{"name_s": "/usr/include/wireshark/epan/dissectors/packet-pkix1explicit.h", "size_i": "5212", "regex": "false"},
	{"name_s": "/usr/include/wireshark/epan/dissectors/packet-pkix1implicit.h", "size_i": "2650", "regex": "false"},
	{"name_s": "/usr/include/wireshark/epan/dissectors/packet-pkixac.h", "size_i": "1655", "regex": "false"},
	{"name_s": "/usr/include/wireshark/epan/dissectors/packet-pkixproxy.h", "size_i": "1621", "regex": "false"},
	{"name_s": "/usr/include/wireshark/epan/dissectors/packet-pkixqualified.h", "size_i": "1677", "regex": "false"},
	{"name_s": "/usr/include/wireshark/epan/dissectors/packet-pkixtsp.h", "size_i": "1607", "regex": "false"},
	{"name_s": "/usr/include/wireshark/epan/dissectors/packet-pktc.h", "size_i": "1115", "regex": "false"},
	{"name_s": "/usr/include/wireshark/epan/dissectors/packet-portmap.h", "size_i": "1771", "regex": "false"},
	{"name_s": "/usr/include/wireshark/epan/dissectors/packet-ppi-geolocation-common.h", "size_i": "3033", "regex": "false"},
	{"name_s": "/usr/include/wireshark/epan/dissectors/packet-ppi.h", "size_i": "1038", "regex": "false"},
	{"name_s": "/usr/include/wireshark/epan/dissectors/packet-ppp.h", "size_i": "1445", "regex": "false"},
	{"name_s": "/usr/include/wireshark/epan/dissectors/packet-pres.h", "size_i": "1634", "regex": "false"},
	{"name_s": "/usr/include/wireshark/epan/dissectors/packet-pw-atm.h", "size_i": "2919", "regex": "false"},
	{"name_s": "/usr/include/wireshark/epan/dissectors/packet-pw-common.h", "size_i": "2718", "regex": "false"},
	{"name_s": "/usr/include/wireshark/epan/dissectors/packet-q708.h", "size_i": "1229", "regex": "false"},
	{"name_s": "/usr/include/wireshark/epan/dissectors/packet-q931.h", "size_i": "4158", "regex": "false"},
	{"name_s": "/usr/include/wireshark/epan/dissectors/packet-q932.h", "size_i": "5056", "regex": "false"},
	{"name_s": "/usr/include/wireshark/epan/dissectors/packet-qsig.h", "size_i": "4836", "regex": "false"},
	{"name_s": "/usr/include/wireshark/epan/dissectors/packet-radius.h", "size_i": "5533", "regex": "false"},
	{"name_s": "/usr/include/wireshark/epan/dissectors/packet-ranap.h", "size_i": "2962", "regex": "false"},
	{"name_s": "/usr/include/wireshark/epan/dissectors/packet-raw.h", "size_i": "1032", "regex": "false"},
	{"name_s": "/usr/include/wireshark/epan/dissectors/packet-rdt.h", "size_i": "1516", "regex": "false"},
	{"name_s": "/usr/include/wireshark/epan/dissectors/packet-reload.h", "size_i": "1176", "regex": "false"},
	{"name_s": "/usr/include/wireshark/epan/dissectors/packet-rgmp.h", "size_i": "1267", "regex": "false"},
	{"name_s": "/usr/include/wireshark/epan/dissectors/packet-rlc-lte.h", "size_i": "5051", "regex": "false"},
	{"name_s": "/usr/include/wireshark/epan/dissectors/packet-rlc.h", "size_i": "4123", "regex": "false"},
	{"name_s": "/usr/include/wireshark/epan/dissectors/packet-rmi.h", "size_i": "2254", "regex": "false"},
	{"name_s": "/usr/include/wireshark/epan/dissectors/packet-rmt-alc.h", "size_i": "1873", "regex": "false"},
	{"name_s": "/usr/include/wireshark/epan/dissectors/packet-rmt-common.h", "size_i": "1766", "regex": "false"},
	{"name_s": "/usr/include/wireshark/epan/dissectors/packet-rmt-fec.h", "size_i": "4592", "regex": "false"},
	{"name_s": "/usr/include/wireshark/epan/dissectors/packet-rmt-lct.h", "size_i": "6388", "regex": "false"},
	{"name_s": "/usr/include/wireshark/epan/dissectors/packet-rmt-norm.h", "size_i": "3638", "regex": "false"},
	{"name_s": "/usr/include/wireshark/epan/dissectors/packet-rohc.h", "size_i": "2673", "regex": "false"},
	{"name_s": "/usr/include/wireshark/epan/dissectors/packet-ros.h", "size_i": "3916", "regex": "false"},
	{"name_s": "/usr/include/wireshark/epan/dissectors/packet-rpc.h", "size_i": "6604", "regex": "false"},
	{"name_s": "/usr/include/wireshark/epan/dissectors/packet-rquota.h", "size_i": "1176", "regex": "false"},
	{"name_s": "/usr/include/wireshark/epan/dissectors/packet-rrc.h", "size_i": "3309", "regex": "false"},
	{"name_s": "/usr/include/wireshark/epan/dissectors/packet-rsvp.h", "size_i": "1535", "regex": "false"},
	{"name_s": "/usr/include/wireshark/epan/dissectors/packet-rtcp.h", "size_i": "2515", "regex": "false"},
	{"name_s": "/usr/include/wireshark/epan/dissectors/packet-rtp-events.h", "size_i": "8865", "regex": "false"},
	{"name_s": "/usr/include/wireshark/epan/dissectors/packet-rtp.h", "size_i": "6453", "regex": "false"},
	{"name_s": "/usr/include/wireshark/epan/dissectors/packet-rtps.h", "size_i": "11992", "regex": "false"},
	{"name_s": "/usr/include/wireshark/epan/dissectors/packet-rtps2.h", "size_i": "16430", "regex": "false"},
	{"name_s": "/usr/include/wireshark/epan/dissectors/packet-rtse.h", "size_i": "2445", "regex": "false"},
	{"name_s": "/usr/include/wireshark/epan/dissectors/packet-rtsp.h", "size_i": "1352", "regex": "false"},
	{"name_s": "/usr/include/wireshark/epan/dissectors/packet-rwall.h", "size_i": "1057", "regex": "false"},
	{"name_s": "/usr/include/wireshark/epan/dissectors/packet-rx.h", "size_i": "2144", "regex": "false"},
	{"name_s": "/usr/include/wireshark/epan/dissectors/packet-s1ap.h", "size_i": "3377", "regex": "false"},
	{"name_s": "/usr/include/wireshark/epan/dissectors/packet-sccp.h", "size_i": "3759", "regex": "false"},
	{"name_s": "/usr/include/wireshark/epan/dissectors/packet-scsi-mmc.h", "size_i": "1092", "regex": "false"},
	{"name_s": "/usr/include/wireshark/epan/dissectors/packet-scsi-osd.h", "size_i": "1174", "regex": "false"},
	{"name_s": "/usr/include/wireshark/epan/dissectors/packet-scsi-sbc.h", "size_i": "4591", "regex": "false"},
	{"name_s": "/usr/include/wireshark/epan/dissectors/packet-scsi-smc.h", "size_i": "2405", "regex": "false"},
	{"name_s": "/usr/include/wireshark/epan/dissectors/packet-scsi-ssc.h", "size_i": "2547", "regex": "false"},
	{"name_s": "/usr/include/wireshark/epan/dissectors/packet-scsi.h", "size_i": "13598", "regex": "false"},
	{"name_s": "/usr/include/wireshark/epan/dissectors/packet-sctp.h", "size_i": "2167", "regex": "false"},
	{"name_s": "/usr/include/wireshark/epan/dissectors/packet-sdp.h", "size_i": "1286", "regex": "false"},
	{"name_s": "/usr/include/wireshark/epan/dissectors/packet-ses.h", "size_i": "6346", "regex": "false"},
	{"name_s": "/usr/include/wireshark/epan/dissectors/packet-sip.h", "size_i": "1469", "regex": "false"},
	{"name_s": "/usr/include/wireshark/epan/dissectors/packet-skinny.h", "size_i": "1239", "regex": "false"},
	{"name_s": "/usr/include/wireshark/epan/dissectors/packet-sll.h", "size_i": "1551", "regex": "false"},
	{"name_s": "/usr/include/wireshark/epan/dissectors/packet-smb-browse.h", "size_i": "1275", "regex": "false"},
	{"name_s": "/usr/include/wireshark/epan/dissectors/packet-smb-common.h", "size_i": "1801", "regex": "false"},
	{"name_s": "/usr/include/wireshark/epan/dissectors/packet-smb-mailslot.h", "size_i": "1291", "regex": "false"},
	{"name_s": "/usr/include/wireshark/epan/dissectors/packet-smb-pipe.h", "size_i": "1420", "regex": "false"},
	{"name_s": "/usr/include/wireshark/epan/dissectors/packet-smb-sidsnooping.h", "size_i": "1336", "regex": "false"},
	{"name_s": "/usr/include/wireshark/epan/dissectors/packet-smb.h", "size_i": "17360", "regex": "false"},
	{"name_s": "/usr/include/wireshark/epan/dissectors/packet-smb2.h", "size_i": "3914", "regex": "false"},
	{"name_s": "/usr/include/wireshark/epan/dissectors/packet-smpp.h", "size_i": "1785", "regex": "false"},
	{"name_s": "/usr/include/wireshark/epan/dissectors/packet-smrse.h", "size_i": "1586", "regex": "false"},
	{"name_s": "/usr/include/wireshark/epan/dissectors/packet-snmp.h", "size_i": "3297", "regex": "false"},
	{"name_s": "/usr/include/wireshark/epan/dissectors/packet-spray.h", "size_i": "1157", "regex": "false"},
	{"name_s": "/usr/include/wireshark/epan/dissectors/packet-sscop.h", "size_i": "1486", "regex": "false"},
	{"name_s": "/usr/include/wireshark/epan/dissectors/packet-ssl-utils.h", "size_i": "18822", "regex": "false"},
	{"name_s": "/usr/include/wireshark/epan/dissectors/packet-ssl.h", "size_i": "1692", "regex": "false"},
	{"name_s": "/usr/include/wireshark/epan/dissectors/packet-stat-notify.h", "size_i": "1211", "regex": "false"},
	{"name_s": "/usr/include/wireshark/epan/dissectors/packet-stat.h", "size_i": "1182", "regex": "false"},
	{"name_s": "/usr/include/wireshark/epan/dissectors/packet-sv.h", "size_i": "1793", "regex": "false"},
	{"name_s": "/usr/include/wireshark/epan/dissectors/packet-t124.h", "size_i": "2517", "regex": "false"},
	{"name_s": "/usr/include/wireshark/epan/dissectors/packet-t30.h", "size_i": "1167", "regex": "false"},
	{"name_s": "/usr/include/wireshark/epan/dissectors/packet-t38.h", "size_i": "3473", "regex": "false"},
	{"name_s": "/usr/include/wireshark/epan/dissectors/packet-tacacs.h", "size_i": "12671", "regex": "false"},
	{"name_s": "/usr/include/wireshark/epan/dissectors/packet-tcap.h", "size_i": "3678", "regex": "false"},
	{"name_s": "/usr/include/wireshark/epan/dissectors/packet-tcp.h", "size_i": "9810", "regex": "false"},
	{"name_s": "/usr/include/wireshark/epan/dissectors/packet-tetra.h", "size_i": "2111", "regex": "false"},
	{"name_s": "/usr/include/wireshark/epan/dissectors/packet-tn3270.h", "size_i": "1312", "regex": "false"},
	{"name_s": "/usr/include/wireshark/epan/dissectors/packet-tn5250.h", "size_i": "1346", "regex": "false"},
	{"name_s": "/usr/include/wireshark/epan/dissectors/packet-tns.h", "size_i": "1325", "regex": "false"},
	{"name_s": "/usr/include/wireshark/epan/dissectors/packet-tpkt.h", "size_i": "2268", "regex": "false"},
	{"name_s": "/usr/include/wireshark/epan/dissectors/packet-tr.h", "size_i": "1120", "regex": "false"},
	{"name_s": "/usr/include/wireshark/epan/dissectors/packet-tte.h", "size_i": "2170", "regex": "false"},
	{"name_s": "/usr/include/wireshark/epan/dissectors/packet-ua.h", "size_i": "1371", "regex": "false"},
	{"name_s": "/usr/include/wireshark/epan/dissectors/packet-uaudp.h", "size_i": "2291", "regex": "false"},
	{"name_s": "/usr/include/wireshark/epan/dissectors/packet-udp.h", "size_i": "3176", "regex": "false"},
	{"name_s": "/usr/include/wireshark/epan/dissectors/packet-umts_fp.h", "size_i": "5115", "regex": "false"},
	{"name_s": "/usr/include/wireshark/epan/dissectors/packet-umts_mac.h", "size_i": "1679", "regex": "false"},
	{"name_s": "/usr/include/wireshark/epan/dissectors/packet-usb-hid.h", "size_i": "1139", "regex": "false"},
	{"name_s": "/usr/include/wireshark/epan/dissectors/packet-usb.h", "size_i": "5184", "regex": "false"},
	{"name_s": "/usr/include/wireshark/epan/dissectors/packet-vines.h", "size_i": "1172", "regex": "false"},
	{"name_s": "/usr/include/wireshark/epan/dissectors/packet-vlan.h", "size_i": "1040", "regex": "false"},
	{"name_s": "/usr/include/wireshark/epan/dissectors/packet-wap.h", "size_i": "3012", "regex": "false"},
	{"name_s": "/usr/include/wireshark/epan/dissectors/packet-wccp.h", "size_i": "1075", "regex": "false"},
	{"name_s": "/usr/include/wireshark/epan/dissectors/packet-wifi-p2p.h", "size_i": "1375", "regex": "false"},
	{"name_s": "/usr/include/wireshark/epan/dissectors/packet-windows-common.h", "size_i": "11740", "regex": "false"},
	{"name_s": "/usr/include/wireshark/epan/dissectors/packet-wlancertextn.h", "size_i": "1684", "regex": "false"},
	{"name_s": "/usr/include/wireshark/epan/dissectors/packet-wps.h", "size_i": "1585", "regex": "false"},
	{"name_s": "/usr/include/wireshark/epan/dissectors/packet-wsp.h", "size_i": "2059", "regex": "false"},
	{"name_s": "/usr/include/wireshark/epan/dissectors/packet-wtls.h", "size_i": "1283", "regex": "false"},
	{"name_s": "/usr/include/wireshark/epan/dissectors/packet-wtp.h", "size_i": "1734", "regex": "false"},
	{"name_s": "/usr/include/wireshark/epan/dissectors/packet-x11-keysym.h", "size_i": "36371", "regex": "false"},
	{"name_s": "/usr/include/wireshark/epan/dissectors/packet-x11-keysymdef.h", "size_i": "83790", "regex": "false"},
	{"name_s": "/usr/include/wireshark/epan/dissectors/packet-x509af.h", "size_i": "5578", "regex": "false"},
	{"name_s": "/usr/include/wireshark/epan/dissectors/packet-x509ce.h", "size_i": "10523", "regex": "false"},
	{"name_s": "/usr/include/wireshark/epan/dissectors/packet-x509if.h", "size_i": "8362", "regex": "false"},
	{"name_s": "/usr/include/wireshark/epan/dissectors/packet-x509sat.h", "size_i": "6874", "regex": "false"},
	{"name_s": "/usr/include/wireshark/epan/dissectors/packet-xml.h", "size_i": "2458", "regex": "false"},
	{"name_s": "/usr/include/wireshark/epan/dissectors/packet-xmpp-conference.h", "size_i": "1343", "regex": "false"},
	{"name_s": "/usr/include/wireshark/epan/dissectors/packet-xmpp-core.h", "size_i": "2364", "regex": "false"},
	{"name_s": "/usr/include/wireshark/epan/dissectors/packet-xmpp-gtalk.h", "size_i": "2231", "regex": "false"},
	{"name_s": "/usr/include/wireshark/epan/dissectors/packet-xmpp-jingle.h", "size_i": "1429", "regex": "false"},
	{"name_s": "/usr/include/wireshark/epan/dissectors/packet-xmpp-other.h", "size_i": "3880", "regex": "false"},
	{"name_s": "/usr/include/wireshark/epan/dissectors/packet-xmpp-utils.h", "size_i": "11068", "regex": "false"},
	{"name_s": "/usr/include/wireshark/epan/dissectors/packet-xmpp.h", "size_i": "10361", "regex": "false"},
	{"name_s": "/usr/include/wireshark/epan/dissectors/packet-ypbind.h", "size_i": "1092", "regex": "false"},
	{"name_s": "/usr/include/wireshark/epan/dissectors/packet-yppasswd.h", "size_i": "1081", "regex": "false"},
	{"name_s": "/usr/include/wireshark/epan/dissectors/packet-ypserv.h", "size_i": "1295", "regex": "false"},
	{"name_s": "/usr/include/wireshark/epan/dissectors/packet-ypxfr.h", "size_i": "1057", "regex": "false"},
	{"name_s": "/usr/include/wireshark/epan/dissectors/packet-zbee-aps.h", "size_i": "10264", "regex": "false"},
	{"name_s": "/usr/include/wireshark/epan/dissectors/packet-zbee-nwk.h", "size_i": "8238", "regex": "false"},
	{"name_s": "/usr/include/wireshark/epan/dissectors/packet-zbee-security.h", "size_i": "3082", "regex": "false"},
	{"name_s": "/usr/include/wireshark/epan/dissectors/packet-zbee-zcl.h", "size_i": "6882", "regex": "false"},
	{"name_s": "/usr/include/wireshark/epan/dissectors/packet-zbee-zdp.h", "size_i": "14047", "regex": "false"},
	{"name_s": "/usr/include/wireshark/epan/dissectors/packet-zbee.h", "size_i": "33292", "regex": "false"},
	{"name_s": "/usr/include/wireshark/epan/dissectors/packet-zep.h", "size_i": "1590", "regex": "false"},
	{"name_s": "/usr/include/wireshark/epan/dissectors/packet-ziop.h", "size_i": "1776", "regex": "false"},
	{"name_s": "/usr/include/wireshark/epan/dissectors/rpc_defrag.h", "size_i": "1664", "regex": "false"},
	{"name_s": "/usr/include/wireshark/epan/dissectors/x11-declarations.h", "size_i": "419134", "regex": "false"},
	{"name_s": "/usr/include/wireshark/epan/dissectors/x11-enum.h", "size_i": "13970", "regex": "false"},
	{"name_s": "/usr/include/wireshark/epan/dissectors/x11-extension-errors.h", "size_i": "3360", "regex": "false"},
	{"name_s": "/usr/include/wireshark/epan/dissectors/x11-extension-implementation.h", "size_i": "1381786", "regex": "false"},
	{"name_s": "/usr/include/wireshark/epan/dissectors/x11-glx-render-enum.h", "size_i": "67983", "regex": "false"},
	{"name_s": "/usr/include/wireshark/epan/dissectors/x11-register-info.h", "size_i": "1054056", "regex": "false"},
	{"name_s": "/usr/include/wireshark/epan/dtd.h", "size_i": "1654", "regex": "false"},
	{"name_s": "/usr/include/wireshark/epan/dtd_grammar.h", "size_i": "1104", "regex": "false"},
	{"name_s": "/usr/include/wireshark/epan/dtd_parse.h", "size_i": "1429", "regex": "false"},
	{"name_s": "/usr/include/wireshark/epan/dtd_parse_lex.h", "size_i": "147", "regex": "false"},
	{"name_s": "/usr/include/wireshark/epan/dtd_preparse_lex.h", "size_i": "150", "regex": "false"},
	{"name_s": "/usr/include/wireshark/epan/eap.h", "size_i": "2440", "regex": "false"},
	{"name_s": "/usr/include/wireshark/epan/emem.h", "size_i": "20258", "regex": "false"},
	{"name_s": "/usr/include/wireshark/epan/epan.h", "size_i": "6531", "regex": "false"},
	{"name_s": "/usr/include/wireshark/epan/epan_dissect.h", "size_i": "1546", "regex": "false"},
	{"name_s": "/usr/include/wireshark/epan/etypes.h", "size_i": "15537", "regex": "false"},
	{"name_s": "/usr/include/wireshark/epan/ex-opt.h", "size_i": "1657", "regex": "false"},
	{"name_s": "/usr/include/wireshark/epan/except.h", "size_i": "4936", "regex": "false"},
	{"name_s": "/usr/include/wireshark/epan/exceptions.h", "size_i": "12941", "regex": "false"},
	{"name_s": "/usr/include/wireshark/epan/expert.h", "size_i": "2861", "regex": "false"},
	{"name_s": "/usr/include/wireshark/epan/filesystem.h", "size_i": "9222", "regex": "false"},
	{"name_s": "/usr/include/wireshark/epan/filter_expressions.h", "size_i": "1628", "regex": "false"},
	{"name_s": "/usr/include/wireshark/epan/follow.h", "size_i": "1886", "regex": "false"},
	{"name_s": "/usr/include/wireshark/epan/frame_data.h", "size_i": "4947", "regex": "false"},
	{"name_s": "/usr/include/wireshark/epan/frequency-utils.h", "size_i": "2203", "regex": "false"},
	{"name_s": "/usr/include/wireshark/epan/ftypes", "size_i": "4096", "regex": "false"},
	{"name_s": "/usr/include/wireshark/epan/ftypes/ftypes-int.h", "size_i": "1666", "regex": "false"},
	{"name_s": "/usr/include/wireshark/epan/ftypes/ftypes.h", "size_i": "9362", "regex": "false"},
	{"name_s": "/usr/include/wireshark/epan/funnel.h", "size_i": "4417", "regex": "false"},
	{"name_s": "/usr/include/wireshark/epan/garrayfix.h", "size_i": "1415", "regex": "false"},
	{"name_s": "/usr/include/wireshark/epan/gcp.h", "size_i": "6050", "regex": "false"},
	{"name_s": "/usr/include/wireshark/epan/geoip_db.h", "size_i": "2709", "regex": "false"},
	{"name_s": "/usr/include/wireshark/epan/golay.h", "size_i": "1748", "regex": "false"},
	{"name_s": "/usr/include/wireshark/epan/greproto.h", "size_i": "2556", "regex": "false"},
	{"name_s": "/usr/include/wireshark/epan/guid-utils.h", "size_i": "2131", "regex": "false"},
	{"name_s": "/usr/include/wireshark/epan/h225-persistentdata.h", "size_i": "2307", "regex": "false"},
	{"name_s": "/usr/include/wireshark/epan/iana_snap_pid.h", "size_i": "1467", "regex": "false"},
	{"name_s": "/usr/include/wireshark/epan/iax2_codec_type.h", "size_i": "3242", "regex": "false"},
	{"name_s": "/usr/include/wireshark/epan/in_cksum.h", "size_i": "375", "regex": "false"},
	{"name_s": "/usr/include/wireshark/epan/ip_opts.h", "size_i": "2667", "regex": "false"},
	{"name_s": "/usr/include/wireshark/epan/ipproto.h", "size_i": "11819", "regex": "false"},
	{"name_s": "/usr/include/wireshark/epan/ipv4.h", "size_i": "2341", "regex": "false"},
	{"name_s": "/usr/include/wireshark/epan/ipv6-utils.h", "size_i": "1651", "regex": "false"},
	{"name_s": "/usr/include/wireshark/epan/lapd_sapi.h", "size_i": "1421", "regex": "false"},
	{"name_s": "/usr/include/wireshark/epan/llcsaps.h", "size_i": "1863", "regex": "false"},
	{"name_s": "/usr/include/wireshark/epan/next_tvb.h", "size_i": "2538", "regex": "false"},
	{"name_s": "/usr/include/wireshark/epan/nlpid.h", "size_i": "2330", "regex": "false"},
	{"name_s": "/usr/include/wireshark/epan/nstime.h", "size_i": "3119", "regex": "false"},
	{"name_s": "/usr/include/wireshark/epan/oids.h", "size_i": "5602", "regex": "false"},
	{"name_s": "/usr/include/wireshark/epan/osi-utils.h", "size_i": "1971", "regex": "false"},
	{"name_s": "/usr/include/wireshark/epan/oui.h", "size_i": "4101", "regex": "false"},
	{"name_s": "/usr/include/wireshark/epan/packet.h", "size_i": "19323", "regex": "false"},
	{"name_s": "/usr/include/wireshark/epan/packet_info.h", "size_i": "9947", "regex": "false"},
	{"name_s": "/usr/include/wireshark/epan/params.h", "size_i": "1311", "regex": "false"},
	{"name_s": "/usr/include/wireshark/epan/pint.h", "size_i": "6646", "regex": "false"},
	{"name_s": "/usr/include/wireshark/epan/plugins.h", "size_i": "2538", "regex": "false"},
	{"name_s": "/usr/include/wireshark/epan/ppptypes.h", "size_i": "8867", "regex": "false"},
	{"name_s": "/usr/include/wireshark/epan/prefs-int.h", "size_i": "4381", "regex": "false"},
	{"name_s": "/usr/include/wireshark/epan/prefs.h", "size_i": "15342", "regex": "false"},
	{"name_s": "/usr/include/wireshark/epan/proto.h", "size_i": "84817", "regex": "false"},
	{"name_s": "/usr/include/wireshark/epan/ptvcursor.h", "size_i": "3634", "regex": "false"},
	{"name_s": "/usr/include/wireshark/epan/radius_dict_lex.h", "size_i": "143", "regex": "false"},
	{"name_s": "/usr/include/wireshark/epan/range.h", "size_i": "4041", "regex": "false"},
	{"name_s": "/usr/include/wireshark/epan/reassemble.h", "size_i": "12730", "regex": "false"},
	{"name_s": "/usr/include/wireshark/epan/reedsolomon.h", "size_i": "2607", "regex": "false"},
	{"name_s": "/usr/include/wireshark/epan/report_err.h", "size_i": "2638", "regex": "false"},
	{"name_s": "/usr/include/wireshark/epan/req_resp_hdrs.h", "size_i": "1699", "regex": "false"},
	{"name_s": "/usr/include/wireshark/epan/rtp_pt.h", "size_i": "3459", "regex": "false"},
	{"name_s": "/usr/include/wireshark/epan/sctpppids.h", "size_i": "3301", "regex": "false"},
	{"name_s": "/usr/include/wireshark/epan/sigcomp-udvm.h", "size_i": "1881", "regex": "false"},
	{"name_s": "/usr/include/wireshark/epan/sigcomp_state_hdlr.h", "size_i": "2092", "regex": "false"},
	{"name_s": "/usr/include/wireshark/epan/slab.h", "size_i": "2407", "regex": "false"},
	{"name_s": "/usr/include/wireshark/epan/sminmpec.h", "size_i": "2972", "regex": "false"},
	{"name_s": "/usr/include/wireshark/epan/sna-utils.h", "size_i": "1328", "regex": "false"},
	{"name_s": "/usr/include/wireshark/epan/stat_cmd_args.h", "size_i": "1325", "regex": "false"},
	{"name_s": "/usr/include/wireshark/epan/stats_tree.h", "size_i": "5658", "regex": "false"},
	{"name_s": "/usr/include/wireshark/epan/stats_tree_priv.h", "size_i": "5601", "regex": "false"},
	{"name_s": "/usr/include/wireshark/epan/stream.h", "size_i": "5287", "regex": "false"},
	{"name_s": "/usr/include/wireshark/epan/strutil.h", "size_i": "10200", "regex": "false"},
	{"name_s": "/usr/include/wireshark/epan/t35.h", "size_i": "1191", "regex": "false"},
	{"name_s": "/usr/include/wireshark/epan/tap-voip.h", "size_i": "1742", "regex": "false"},
	{"name_s": "/usr/include/wireshark/epan/tap.h", "size_i": "2674", "regex": "false"},
	{"name_s": "/usr/include/wireshark/epan/tcap-persistentdata.h", "size_i": "5251", "regex": "false"},
	{"name_s": "/usr/include/wireshark/epan/tfs.h", "size_i": "3355", "regex": "false"},
	{"name_s": "/usr/include/wireshark/epan/time_fmt.h", "size_i": "1751", "regex": "false"},
	{"name_s": "/usr/include/wireshark/epan/timestamp.h", "size_i": "2775", "regex": "false"},
	{"name_s": "/usr/include/wireshark/epan/to_str.h", "size_i": "4366", "regex": "false"},
	{"name_s": "/usr/include/wireshark/epan/tvbparse.h", "size_i": "13937", "regex": "false"},
	{"name_s": "/usr/include/wireshark/epan/tvbuff-int.h", "size_i": "2373", "regex": "false"},
	{"name_s": "/usr/include/wireshark/epan/tvbuff.h", "size_i": "31604", "regex": "false"},
	{"name_s": "/usr/include/wireshark/epan/uat-int.h", "size_i": "2520", "regex": "false"},
	{"name_s": "/usr/include/wireshark/epan/uat.h", "size_i": "21124", "regex": "false"},
	{"name_s": "/usr/include/wireshark/epan/uat_load_lex.h", "size_i": "146", "regex": "false"},
	{"name_s": "/usr/include/wireshark/epan/value_string.h", "size_i": "9004", "regex": "false"},
	{"name_s": "/usr/include/wireshark/epan/x264_prt_id.h", "size_i": "1362", "regex": "false"},
	{"name_s": "/usr/include/wireshark/epan/xdlc.h", "size_i": "5547", "regex": "false"},
	{"name_s": "/usr/include/wireshark/file.h", "size_i": "20362", "regex": "false"},
	{"name_s": "/usr/include/wireshark/packet-range.h", "size_i": "4256", "regex": "false"},
	{"name_s": "/usr/include/wireshark/print.h", "size_i": "5896", "regex": "false"},
	{"name_s": "/usr/include/wireshark/register.h", "size_i": "2081", "regex": "false"},
	{"name_s": "/usr/include/wireshark/wiretap", "size_i": "4096", "regex": "false"},
	{"name_s": "/usr/include/wireshark/wiretap/5views.h", "size_i": "1123", "regex": "false"},
	{"name_s": "/usr/include/wireshark/wiretap/aethra.h", "size_i": "1022", "regex": "false"},
	{"name_s": "/usr/include/wireshark/wiretap/airopeek9.h", "size_i": "1025", "regex": "false"},
	{"name_s": "/usr/include/wireshark/wiretap/ascend-int.h", "size_i": "1861", "regex": "false"},
	{"name_s": "/usr/include/wireshark/wiretap/ascend.h", "size_i": "2642", "regex": "false"},
	{"name_s": "/usr/include/wireshark/wiretap/ascend_scanner_lex.h", "size_i": "143", "regex": "false"},
	{"name_s": "/usr/include/wireshark/wiretap/ascendtext.h", "size_i": "1154", "regex": "false"},
	{"name_s": "/usr/include/wireshark/wiretap/atm.h", "size_i": "1354", "regex": "false"},
	{"name_s": "/usr/include/wireshark/wiretap/ber.h", "size_i": "951", "regex": "false"},
	{"name_s": "/usr/include/wireshark/wiretap/btsnoop.h", "size_i": "1175", "regex": "false"},
	{"name_s": "/usr/include/wireshark/wiretap/buffer.h", "size_i": "2188", "regex": "false"},
	{"name_s": "/usr/include/wireshark/wiretap/catapult_dct2000.h", "size_i": "1286", "regex": "false"},
	{"name_s": "/usr/include/wireshark/wiretap/commview.h", "size_i": "1179", "regex": "false"},
	{"name_s": "/usr/include/wireshark/wiretap/cosine.h", "size_i": "1131", "regex": "false"},
	{"name_s": "/usr/include/wireshark/wiretap/csids.h", "size_i": "1016", "regex": "false"},
	{"name_s": "/usr/include/wireshark/wiretap/daintree-sna.h", "size_i": "1122", "regex": "false"},
	{"name_s": "/usr/include/wireshark/wiretap/dbs-etherwatch.h", "size_i": "1068", "regex": "false"},
	{"name_s": "/usr/include/wireshark/wiretap/dct3trace.h", "size_i": "1040", "regex": "false"},
	{"name_s": "/usr/include/wireshark/wiretap/erf.h", "size_i": "3748", "regex": "false"},
	{"name_s": "/usr/include/wireshark/wiretap/etherpeek.h", "size_i": "1044", "regex": "false"},
	{"name_s": "/usr/include/wireshark/wiretap/eyesdn.h", "size_i": "1363", "regex": "false"},
	{"name_s": "/usr/include/wireshark/wiretap/file_wrappers.h", "size_i": "2331", "regex": "false"},
	{"name_s": "/usr/include/wireshark/wiretap/hcidump.h", "size_i": "1010", "regex": "false"},
	{"name_s": "/usr/include/wireshark/wiretap/i4b_trace.h", "size_i": "3891", "regex": "false"},
	{"name_s": "/usr/include/wireshark/wiretap/i4btrace.h", "size_i": "1035", "regex": "false"},
	{"name_s": "/usr/include/wireshark/wiretap/ipfix.h", "size_i": "1018", "regex": "false"},
	{"name_s": "/usr/include/wireshark/wiretap/iptrace.h", "size_i": "1030", "regex": "false"},
	{"name_s": "/usr/include/wireshark/wiretap/iseries.h", "size_i": "1033", "regex": "false"},
	{"name_s": "/usr/include/wireshark/wiretap/k12.h", "size_i": "1247", "regex": "false"},
	{"name_s": "/usr/include/wireshark/wiretap/k12text_lex.h", "size_i": "145", "regex": "false"},
	{"name_s": "/usr/include/wireshark/wiretap/lanalyzer.h", "size_i": "1157", "regex": "false"},
	{"name_s": "/usr/include/wireshark/wiretap/libpcap.h", "size_i": "4061", "regex": "false"},
	{"name_s": "/usr/include/wireshark/wiretap/mime_file.h", "size_i": "1032", "regex": "false"},
	{"name_s": "/usr/include/wireshark/wiretap/mp2t.h", "size_i": "1121", "regex": "false"},
	{"name_s": "/usr/include/wireshark/wiretap/mpeg.h", "size_i": "1086", "regex": "false"},
	{"name_s": "/usr/include/wireshark/wiretap/netmon.h", "size_i": "1169", "regex": "false"},
	{"name_s": "/usr/include/wireshark/wiretap/netscaler.h", "size_i": "4016", "regex": "false"},
	{"name_s": "/usr/include/wireshark/wiretap/netscreen.h", "size_i": "1797", "regex": "false"},
	{"name_s": "/usr/include/wireshark/wiretap/nettl.h", "size_i": "4508", "regex": "false"},
	{"name_s": "/usr/include/wireshark/wiretap/network_instruments.h", "size_i": "8589", "regex": "false"},
	{"name_s": "/usr/include/wireshark/wiretap/netxray.h", "size_i": "1245", "regex": "false"},
	{"name_s": "/usr/include/wireshark/wiretap/ngsniffer.h", "size_i": "1142", "regex": "false"},
	{"name_s": "/usr/include/wireshark/wiretap/packetlogger.h", "size_i": "1123", "regex": "false"},
	{"name_s": "/usr/include/wireshark/wiretap/pcap-common.h", "size_i": "1801", "regex": "false"},
	{"name_s": "/usr/include/wireshark/wiretap/pcap-encap.h", "size_i": "1279", "regex": "false"},
	{"name_s": "/usr/include/wireshark/wiretap/pcapng.h", "size_i": "1125", "regex": "false"},
	{"name_s": "/usr/include/wireshark/wiretap/pppdump.h", "size_i": "1011", "regex": "false"},
	{"name_s": "/usr/include/wireshark/wiretap/radcom.h", "size_i": "1025", "regex": "false"},
	{"name_s": "/usr/include/wireshark/wiretap/snoop.h", "size_i": "1118", "regex": "false"},
	{"name_s": "/usr/include/wireshark/wiretap/tnef.h", "size_i": "1037", "regex": "false"},
	{"name_s": "/usr/include/wireshark/wiretap/toshiba.h", "size_i": "1031", "regex": "false"},
	{"name_s": "/usr/include/wireshark/wiretap/visual.h", "size_i": "1293", "regex": "false"},
	{"name_s": "/usr/include/wireshark/wiretap/vms.h", "size_i": "1023", "regex": "false"},
	{"name_s": "/usr/include/wireshark/wiretap/vwr.h", "size_i": "978", "regex": "false"},
	{"name_s": "/usr/include/wireshark/wiretap/wtap-int.h", "size_i": "12926", "regex": "false"},
	{"name_s": "/usr/include/wireshark/wiretap/wtap.h", "size_i": "48714", "regex": "false"},
	{"name_s": "/usr/include/wireshark/wsutil", "size_i": "4096", "regex": "false"},
	{"name_s": "/usr/include/wireshark/wsutil/crc10.h", "size_i": "1148", "regex": "false"},
	{"name_s": "/usr/include/wireshark/wsutil/crc16-plain.h", "size_i": "2556", "regex": "false"},
	{"name_s": "/usr/include/wireshark/wsutil/crc16.h", "size_i": "2789", "regex": "false"},
	{"name_s": "/usr/include/wireshark/wsutil/crc32.h", "size_i": "3683", "regex": "false"},
	{"name_s": "/usr/include/wireshark/wsutil/crc6.h", "size_i": "1053", "regex": "false"},
	{"name_s": "/usr/include/wireshark/wsutil/crc8.h", "size_i": "1506", "regex": "false"},
	{"name_s": "/usr/include/wireshark/wsutil/crcdrm.h", "size_i": "1172", "regex": "false"},
	{"name_s": "/usr/include/wireshark/wsutil/file_util.h", "size_i": "5740", "regex": "false"},
	{"name_s": "/usr/include/wireshark/wsutil/inet_aton.h", "size_i": "1132", "regex": "false"},
	{"name_s": "/usr/include/wireshark/wsutil/inet_v6defs.h", "size_i": "2101", "regex": "false"},
	{"name_s": "/usr/include/wireshark/wsutil/mpeg-audio.h", "size_i": "3707", "regex": "false"},
	{"name_s": "/usr/include/wireshark/wsutil/privileges.h", "size_i": "2618", "regex": "false"},
	{"name_s": "/usr/include/wireshark/wsutil/str_util.h", "size_i": "2820", "regex": "false"},
	{"name_s": "/usr/include/wireshark/wsutil/strptime.h", "size_i": "1110", "regex": "false"},
	{"name_s": "/usr/include/wireshark/wsutil/type_util.h", "size_i": "1826", "regex": "false"},
	{"name_s": "/usr/include/wireshark/wsutil/unicode-utils.h", "size_i": "2776", "regex": "false"},
	{"name_s": "/usr/include/wireshark/wsutil/wsgetopt.h", "size_i": "6840", "regex": "false"},
	{"name_s": "/usr/include/wireshark/wsutil/wsgetopt_int.h", "size_i": "4909", "regex": "false"},
	{"name_s": "/usr/lib/libwireshark.so", "size_i": "22", "regex": "false"},
	{"name_s": "/usr/lib/libwiretap.so", "size_i": "20", "regex": "false"},
	{"name_s": "/usr/lib/libwsutil.so", "size_i": "18", "regex": "false"},
	{"name_s": "/usr/lib/pkgconfig/wireshark.pc", "size_i": "338", "regex": "false"},
	{"name_s": "/usr/share/aclocal/wireshark.m4", "size_i": "3003", "regex": "false"},
	{"name_s": "/usr/share/doc/wireshark-devel-1.8.10", "size_i": "4096", "regex": "false"},
	{"name_s": "/usr/share/doc/wireshark-devel-1.8.10/README.binarytrees", "size_i": "9791", "regex": "false"},
	{"name_s": "/usr/share/doc/wireshark-devel-1.8.10/README.capture", "size_i": "5185", "regex": "false"},
	{"name_s": "/usr/share/doc/wireshark-devel-1.8.10/README.design", "size_i": "2232", "regex": "false"},
	{"name_s": "/usr/share/doc/wireshark-devel-1.8.10/README.developer", "size_i": "162949", "regex": "false"},
	{"name_s": "/usr/share/doc/wireshark-devel-1.8.10/README.display_filter", "size_i": "4762", "regex": "false"},
	{"name_s": "/usr/share/doc/wireshark-devel-1.8.10/README.heuristic", "size_i": "8372", "regex": "false"},
	{"name_s": "/usr/share/doc/wireshark-devel-1.8.10/README.idl2wrs", "size_i": "3773", "regex": "false"},
	{"name_s": "/usr/share/doc/wireshark-devel-1.8.10/README.malloc", "size_i": "3629", "regex": "false"},
	{"name_s": "/usr/share/doc/wireshark-devel-1.8.10/README.packaging", "size_i": "3949", "regex": "false"},
	{"name_s": "/usr/share/doc/wireshark-devel-1.8.10/README.plugins", "size_i": "9814", "regex": "false"},
	{"name_s": "/usr/share/doc/wireshark-devel-1.8.10/README.python", "size_i": "8856", "regex": "false"},
	{"name_s": "/usr/share/doc/wireshark-devel-1.8.10/README.regression", "size_i": "2412", "regex": "false"},
	{"name_s": "/usr/share/doc/wireshark-devel-1.8.10/README.request_response_tracking", "size_i": "6071", "regex": "false"},
	{"name_s": "/usr/share/doc/wireshark-devel-1.8.10/README.stats_tree", "size_i": "7125", "regex": "false"},
	{"name_s": "/usr/share/doc/wireshark-devel-1.8.10/README.tapping", "size_i": "9434", "regex": "false"},
	{"name_s": "/usr/share/doc/wireshark-devel-1.8.10/README.xml-output", "size_i": "7275", "regex": "false"}
]
